******************************************************************************
                  TI ARM Linker PC v5.2.2                      
******************************************************************************
>> Linked Sun Sep 25 07:34:25 2016

OUTPUT FILE NAME:   <Copy of PROYECTO_SC.out>
ENTRY POINT SYMBOL: "_c_int00"  address: 00000e21


MEMORY CONFIGURATION

         name            origin    length      used     unused   attr    fill
----------------------  --------  ---------  --------  --------  ----  --------
  FLASH                 00000000   00040000  0000138c  0003ec74  R  X
  SRAM                  20000000   00008000  00000266  00007d9a  RW X


SEGMENT ALLOCATION MAP

run origin  load origin   length   init length attrs members
----------  ----------- ---------- ----------- ----- -------
00000000    00000000    00001390   00001390    r-x
  00000000    00000000    0000026c   0000026c    r-- .intvecs
  0000026c    0000026c    00000f7c   00000f7c    r-x .text
  000011e8    000011e8    0000016c   0000016c    r-- .const
  00001358    00001358    00000038   00000038    r-- .cinit
20000000    20000000    00000268   00000000    rw-
  20000000    20000000    00000200   00000000    rw- .stack
  20000200    20000200    00000052   00000000    rw- .bss
  20000254    20000254    00000014   00000000    rw- .data


SECTION ALLOCATION MAP

 output                                  attributes/
section   page    origin      length       input sections
--------  ----  ----------  ----------   ----------------
.intvecs   0    00000000    0000026c     
                  00000000    0000026c     tm4c123gh6pm_startup_ccs.obj (.intvecs)

.text      0    0000026c    00000f7c     
                  0000026c    000002cc     main.obj (.text)
                  00000538    00000136     rtsv7M4_T_le_v4SPD16_eabi.lib : fd_div_t2.obj (.text)
                  0000066e    00000130     driverlib.lib : gpio.obj (.text:GPIOPadConfigSet)
                  0000079e    00000002     --HOLE-- [fill = 0]
                  000007a0    0000010c                   : sysctl.obj (.text:SysCtlClockGet)
                  000008ac    000000fc     rtsv7M4_T_le_v4SPD16_eabi.lib : fd_mul_t2.obj (.text)
                  000009a8    000000f0     driverlib.lib : sysctl.obj (.text:SysCtlClockSet)
                  00000a98    0000009c     rtsv7M4_T_le_v4SPD16_eabi.lib : memcpy_t2.obj (.text)
                  00000b34    0000007a     driverlib.lib : adc.obj (.text:ADCSequenceStepConfigure)
                  00000bae    0000007a     rtsv7M4_T_le_v4SPD16_eabi.lib : memset_t2.obj (.text)
                  00000c28    0000006c                                   : autoinit.obj (.text)
                  00000c94    0000006a                                   : copy_decompress_rle.obj (.text)
                  00000cfe    00000002     --HOLE-- [fill = 0]
                  00000d00    00000068     driverlib.lib : interrupt.obj (.text:IntEnable)
                  00000d68    00000060                   : timer.obj (.text:TimerConfigure)
                  00000dc8    00000058                   : timer.obj (.text:TimerControlTrigger)
                  00000e20    00000050     rtsv7M4_T_le_v4SPD16_eabi.lib : boot.obj (.text)
                  00000e70    0000004c                                   : cpy_tbl.obj (.text)
                  00000ebc    00000048     driverlib.lib : gpio.obj (.text:GPIOPinConfigure)
                  00000f04    00000044     rtsv7M4_T_le_v4SPD16_eabi.lib : exit.obj (.text)
                  00000f48    00000044                                   : fd_tou_t2.obj (.text)
                  00000f8c    0000003e     driverlib.lib : adc.obj (.text:ADCSequenceConfigure)
                  00000fca    00000002     --HOLE-- [fill = 0]
                  00000fcc    00000034                   : sysctl.obj (.text:SysCtlPeripheralEnable)
                  00001000    0000002a                   : gpio.obj (.text:GPIODirModeSet)
                  0000102a    00000022                   : pwm.obj (.text:PWMGenConfigure)
                  0000104c    00000020     rtsv7M4_T_le_v4SPD16_eabi.lib : u_tofd_t2.obj (.text)
                  0000106c    0000001e     driverlib.lib : pwm.obj (.text:PWMPulseWidthSet)
                  0000108a    00000018                   : gpio.obj (.text:GPIOPinTypeGPIOOutput)
                  000010a2    00000002     --HOLE-- [fill = 0]
                  000010a4    00000018     rtsv7M4_T_le_v4SPD16_eabi.lib : args_main.obj (.text)
                  000010bc    00000014     driverlib.lib : sysctl.obj (.text:SysCtlPWMClockSet)
                  000010d0    00000014     rtsv7M4_T_le_v4SPD16_eabi.lib : _lock.obj (.text)
                  000010e4    00000012     driverlib.lib : gpio.obj (.text:GPIOPinTypeADC)
                  000010f6    00000012                   : gpio.obj (.text:GPIOPinTypeGPIOInput)
                  00001108    00000012                   : gpio.obj (.text:GPIOPinTypePWM)
                  0000111a    00000012                   : pwm.obj (.text:PWMOutputState)
                  0000112c    00000012                   : timer.obj (.text:TimerLoadSet)
                  0000113e    00000010                   : adc.obj (.text:ADCIntEnable)
                  0000114e    00000010                   : interrupt.obj (.text:IntMasterEnable)
                  0000115e    00000010                   : pwm.obj (.text:PWMGenPeriodSet)
                  0000116e    0000000e                   : adc.obj (.text:ADCSequenceEnable)
                  0000117c    0000000e                   : timer.obj (.text:TimerEnable)
                  0000118a    0000000e     rtsv7M4_T_le_v4SPD16_eabi.lib : copy_decompress_none.obj (.text:decompress:none)
                  00001198    0000000c     driverlib.lib : cpu.obj (.text:CPUcpsie)
                  000011a4    0000000c                   : pwm.obj (.text:PWMGenEnable)
                  000011b0    0000000c     rtsv7M4_T_le_v4SPD16_eabi.lib : copy_zero_init.obj (.text:decompress:ZI)
                  000011bc    0000000c     tm4c123gh6pm_startup_ccs.obj (.text)
                  000011c8    0000000a     driverlib.lib : adc.obj (.text:ADCIntClear)
                  000011d2    00000006                   : gpio.obj (.text:GPIOPinWrite)
                  000011d8    00000006                   : sysctl.obj (.text:SysCtlDelay)
                  000011de    00000006     rtsv7M4_T_le_v4SPD16_eabi.lib : copy_decompress_rle.obj (.text:decompress:rle24)
                  000011e4    00000004                                   : pre_init.obj (.text)

.const     0    000011e8    0000016c     
                  000011e8    00000090     driverlib.lib : gpio.obj (.const:g_pui32GPIOBaseAddrs)
                  00001278    00000070                   : interrupt.obj (.const)
                  000012e8    0000006c                   : sysctl.obj (.const:g_pui32Xtals)

.cinit     0    00001358    00000038     
                  00001358    0000000f     (.cinit..data.load) [load image, compression = rle]
                  00001367    00000001     --HOLE-- [fill = 0]
                  00001368    0000000c     (__TI_handler_table)
                  00001374    00000004     --HOLE-- [fill = 0]
                  00001378    00000008     (.cinit..bss.load) [load image, compression = zero_init]
                  00001380    00000010     (__TI_cinit_table)

.init_array 
*          0    00000000    00000000     UNINITIALIZED

.stack     0    20000000    00000200     UNINITIALIZED
                  20000000    00000200     --HOLE--

.bss       0    20000200    00000052     UNINITIALIZED
                  20000200    00000040     main.obj (.bss:samples)
                  20000240    00000004     (.common:Load)
                  20000244    00000004     (.common:PWMClock)
                  20000248    00000004     (.common:sample_aux)
                  2000024c    00000002     (.common:i)
                  2000024e    00000002     (.common:j)
                  20000250    00000002     (.common:sample)

.TI.noinit 
*          0    20000200    00000000     UNINITIALIZED

.data      0    20000254    00000014     UNINITIALIZED
                  20000254    00000008     rtsv7M4_T_le_v4SPD16_eabi.lib : _lock.obj (.data)
                  2000025c    00000008                                   : exit.obj (.data)
                  20000264    00000004                                   : stkdepth_vars.obj (.data)

.TI.persistent 
*          0    20000254    00000000     UNINITIALIZED


LINKER GENERATED COPY TABLES

__TI_cinit_table @ 00001380 records: 2, size/record: 8, table size: 16
	.data: load addr=00001358, load size=0000000f bytes, run addr=20000254, run size=00000014 bytes, compression=rle
	.bss: load addr=00001378, load size=00000008 bytes, run addr=20000200, run size=00000052 bytes, compression=zero_init


LINKER GENERATED HANDLER TABLE

__TI_handler_table @ 00001368 records: 3, size/record: 4, table size: 12
	index: 0, handler: __TI_decompress_rle24
	index: 1, handler: __TI_decompress_none
	index: 2, handler: __TI_zero_init


GLOBAL SYMBOLS: SORTED ALPHABETICALLY BY Name 

address   name                    
-------   ----                    
000003e1  ADC                     
000011c9  ADCIntClear             
0000113f  ADCIntEnable            
00000f8d  ADCSequenceConfigure    
0000116f  ADCSequenceEnable       
00000b35  ADCSequenceStepConfigure
00000f05  C$$EXIT                 
00001199  CPUcpsie                
00000427  CargaTimer              
00000387  Configuracion           
0000033f  ConfiguracionPWM        
00000473  EncargadoInterrupcion   
00001001  GPIODirModeSet          
0000066f  GPIOPadConfigSet        
00000ebd  GPIOPinConfigure        
000010e5  GPIOPinTypeADC          
000010f7  GPIOPinTypeGPIOInput    
0000108b  GPIOPinTypeGPIOOutput   
00001109  GPIOPinTypePWM          
000011d3  GPIOPinWrite            
00000d01  IntEnable               
0000114f  IntMasterEnable         
20000240  Load                    
20000244  PWMClock                
0000102b  PWMGenConfigure         
000011a5  PWMGenEnable            
0000115f  PWMGenPeriodSet         
0000111b  PWMOutputState          
0000106d  PWMPulseWidthSet        
00000459  PuertoA                 
000011bd  ResetISR                
UNDEFED   SHT$$INIT_ARRAY$$Base   
UNDEFED   SHT$$INIT_ARRAY$$Limit  
000007a1  SysCtlClockGet          
000009a9  SysCtlClockSet          
000011d9  SysCtlDelay             
000010bd  SysCtlPWMClockSet       
00000fcd  SysCtlPeripheralEnable  
00000d69  TimerConfigure          
00000dc9  TimerControlTrigger     
0000117d  TimerEnable             
0000112d  TimerLoadSet            
20000200  __STACK_END             
00000200  __STACK_SIZE            
20000200  __STACK_TOP             
00001380  __TI_CINIT_Base         
00001390  __TI_CINIT_Limit        
00001368  __TI_Handler_Table_Base 
00001374  __TI_Handler_Table_Limit
00000c29  __TI_auto_init          
2000025c  __TI_cleanup_ptr        
0000118b  __TI_decompress_none    
000011df  __TI_decompress_rle24   
20000260  __TI_dtors_ptr          
00000000  __TI_static_base__      
000011b1  __TI_zero_init          
00000f49  __aeabi_d2uiz           
00000539  __aeabi_ddiv            
000008ad  __aeabi_dmul            
00000baf  __aeabi_memclr          
00000baf  __aeabi_memclr4         
00000baf  __aeabi_memclr8         
00000a99  __aeabi_memcpy          
00000a99  __aeabi_memcpy4         
00000a99  __aeabi_memcpy8         
00000bb1  __aeabi_memset          
00000bb1  __aeabi_memset4         
00000bb1  __aeabi_memset8         
0000104d  __aeabi_ui2d            
ffffffff  __binit__               
ffffffff  __c_args__              
20000000  __stack                 
000010a5  _args_main              
00000e21  _c_int00                
20000254  _lock                   
000010df  _nop                    
000010d7  _register_lock          
000010d1  _register_unlock        
000011e5  _system_pre_init        
20000258  _unlock                 
00000f09  abort                   
ffffffff  binit                   
00000e71  copy_in                 
00000f11  exit                    
00000000  g_pfnVectors            
2000024c  i                       
2000024e  j                       
0000026d  main                    
20000264  main_func_sp            
00000a99  memcpy                  
00000bb7  memset                  
20000250  sample                  
20000248  sample_aux              
20000200  samples                 


GLOBAL SYMBOLS: SORTED BY Symbol Address 

address   name                    
-------   ----                    
00000000  __TI_static_base__      
00000000  g_pfnVectors            
00000200  __STACK_SIZE            
0000026d  main                    
0000033f  ConfiguracionPWM        
00000387  Configuracion           
000003e1  ADC                     
00000427  CargaTimer              
00000459  PuertoA                 
00000473  EncargadoInterrupcion   
00000539  __aeabi_ddiv            
0000066f  GPIOPadConfigSet        
000007a1  SysCtlClockGet          
000008ad  __aeabi_dmul            
000009a9  SysCtlClockSet          
00000a99  __aeabi_memcpy          
00000a99  __aeabi_memcpy4         
00000a99  __aeabi_memcpy8         
00000a99  memcpy                  
00000b35  ADCSequenceStepConfigure
00000baf  __aeabi_memclr          
00000baf  __aeabi_memclr4         
00000baf  __aeabi_memclr8         
00000bb1  __aeabi_memset          
00000bb1  __aeabi_memset4         
00000bb1  __aeabi_memset8         
00000bb7  memset                  
00000c29  __TI_auto_init          
00000d01  IntEnable               
00000d69  TimerConfigure          
00000dc9  TimerControlTrigger     
00000e21  _c_int00                
00000e71  copy_in                 
00000ebd  GPIOPinConfigure        
00000f05  C$$EXIT                 
00000f09  abort                   
00000f11  exit                    
00000f49  __aeabi_d2uiz           
00000f8d  ADCSequenceConfigure    
00000fcd  SysCtlPeripheralEnable  
00001001  GPIODirModeSet          
0000102b  PWMGenConfigure         
0000104d  __aeabi_ui2d            
0000106d  PWMPulseWidthSet        
0000108b  GPIOPinTypeGPIOOutput   
000010a5  _args_main              
000010bd  SysCtlPWMClockSet       
000010d1  _register_unlock        
000010d7  _register_lock          
000010df  _nop                    
000010e5  GPIOPinTypeADC          
000010f7  GPIOPinTypeGPIOInput    
00001109  GPIOPinTypePWM          
0000111b  PWMOutputState          
0000112d  TimerLoadSet            
0000113f  ADCIntEnable            
0000114f  IntMasterEnable         
0000115f  PWMGenPeriodSet         
0000116f  ADCSequenceEnable       
0000117d  TimerEnable             
0000118b  __TI_decompress_none    
00001199  CPUcpsie                
000011a5  PWMGenEnable            
000011b1  __TI_zero_init          
000011bd  ResetISR                
000011c9  ADCIntClear             
000011d3  GPIOPinWrite            
000011d9  SysCtlDelay             
000011df  __TI_decompress_rle24   
000011e5  _system_pre_init        
00001368  __TI_Handler_Table_Base 
00001374  __TI_Handler_Table_Limit
00001380  __TI_CINIT_Base         
00001390  __TI_CINIT_Limit        
20000000  __stack                 
20000200  __STACK_END             
20000200  __STACK_TOP             
20000200  samples                 
20000240  Load                    
20000244  PWMClock                
20000248  sample_aux              
2000024c  i                       
2000024e  j                       
20000250  sample                  
20000254  _lock                   
20000258  _unlock                 
2000025c  __TI_cleanup_ptr        
20000260  __TI_dtors_ptr          
20000264  main_func_sp            
ffffffff  __binit__               
ffffffff  __c_args__              
ffffffff  binit                   
UNDEFED   SHT$$INIT_ARRAY$$Base   
UNDEFED   SHT$$INIT_ARRAY$$Limit  

[94 symbols]
