******************************************************************************
                  TI ARM Linker PC v5.2.2                      
******************************************************************************
>> Linked Fri Sep 23 09:41:42 2016

OUTPUT FILE NAME:   <PROYECTO_SC.out>
ENTRY POINT SYMBOL: "_c_int00"  address: 00000e15


MEMORY CONFIGURATION

         name            origin    length      used     unused   attr    fill
----------------------  --------  ---------  --------  --------  ----  --------
  FLASH                 00000000   00040000  00001198  0003ee68  R  X
  SRAM                  20000000   00008000  00000287  00007d79  RW X


SEGMENT ALLOCATION MAP

run origin  load origin   length   init length attrs members
----------  ----------- ---------- ----------- ----- -------
00000000    00000000    00001198   00001198    r-x
  00000000    00000000    0000026c   0000026c    r-- .intvecs
  0000026c    0000026c    00000e84   00000e84    r-x .text
  000010f0    000010f0    00000070   00000070    r-- .const
  00001160    00001160    00000038   00000038    r-- .cinit
20000000    20000000    00000288   00000000    rw-
  20000000    20000000    00000200   00000000    rw- .stack
  20000200    20000200    00000073   00000000    rw- .bss
  20000274    20000274    00000014   00000000    rw- .data


SECTION ALLOCATION MAP

 output                                  attributes/
section   page    origin      length       input sections
--------  ----  ----------  ----------   ----------------
.intvecs   0    00000000    0000026c     
                  00000000    0000026c     tm4c123gh6pm_startup_ccs.obj (.intvecs)

.text      0    0000026c    00000e84     
                  0000026c    000003cc     main.obj (.text)
                  00000638    00000136     rtsv7M4_T_le_v4SPD16_eabi.lib : fd_div_t2.obj (.text)
                  0000076e    00000130     driverlib.lib : gpio.obj (.text:GPIOPadConfigSet)
                  0000089e    000000fc     rtsv7M4_T_le_v4SPD16_eabi.lib : fd_mul_t2.obj (.text)
                  0000099a    00000002     --HOLE-- [fill = 0]
                  0000099c    000000f0     driverlib.lib : sysctl.obj (.text:SysCtlClockSet)
                  00000a8c    0000009c     rtsv7M4_T_le_v4SPD16_eabi.lib : memcpy_t2.obj (.text)
                  00000b28    0000007a     driverlib.lib : adc.obj (.text:ADCSequenceStepConfigure)
                  00000ba2    0000007a     rtsv7M4_T_le_v4SPD16_eabi.lib : memset_t2.obj (.text)
                  00000c1c    0000006c                                   : autoinit.obj (.text)
                  00000c88    0000006a                                   : copy_decompress_rle.obj (.text)
                  00000cf2    00000002     --HOLE-- [fill = 0]
                  00000cf4    00000068     driverlib.lib : interrupt.obj (.text:IntEnable)
                  00000d5c    00000060                   : timer.obj (.text:TimerConfigure)
                  00000dbc    00000058                   : timer.obj (.text:TimerControlTrigger)
                  00000e14    00000050     rtsv7M4_T_le_v4SPD16_eabi.lib : boot.obj (.text)
                  00000e64    0000004c                                   : cpy_tbl.obj (.text)
                  00000eb0    0000004a                                   : fd_tos_t2.obj (.text)
                  00000efa    00000002     --HOLE-- [fill = 0]
                  00000efc    00000044                                   : exit.obj (.text)
                  00000f40    0000003e     driverlib.lib : adc.obj (.text:ADCSequenceConfigure)
                  00000f7e    00000038     rtsv7M4_T_le_v4SPD16_eabi.lib : fs_tod_t2.obj (.text)
                  00000fb6    00000002     --HOLE-- [fill = 0]
                  00000fb8    00000034     driverlib.lib : sysctl.obj (.text:SysCtlPeripheralEnable)
                  00000fec    0000002a                   : gpio.obj (.text:GPIODirModeSet)
                  00001016    00000002     --HOLE-- [fill = 0]
                  00001018    00000018     rtsv7M4_T_le_v4SPD16_eabi.lib : args_main.obj (.text)
                  00001030    00000014                                   : _lock.obj (.text)
                  00001044    00000012     driverlib.lib : gpio.obj (.text:GPIOPinTypeADC)
                  00001056    00000012                   : timer.obj (.text:TimerLoadSet)
                  00001068    00000010                   : adc.obj (.text:ADCIntEnable)
                  00001078    00000010                   : interrupt.obj (.text:IntMasterEnable)
                  00001088    0000000e                   : adc.obj (.text:ADCSequenceEnable)
                  00001096    0000000e                   : timer.obj (.text:TimerEnable)
                  000010a4    0000000e     rtsv7M4_T_le_v4SPD16_eabi.lib : copy_decompress_none.obj (.text:decompress:none)
                  000010b2    0000000c     driverlib.lib : cpu.obj (.text:CPUcpsie)
                  000010be    0000000c     rtsv7M4_T_le_v4SPD16_eabi.lib : copy_zero_init.obj (.text:decompress:ZI)
                  000010ca    0000000c     tm4c123gh6pm_startup_ccs.obj (.text)
                  000010d6    0000000a     driverlib.lib : adc.obj (.text:ADCIntClear)
                  000010e0    00000006                   : sysctl.obj (.text:SysCtlDelay)
                  000010e6    00000006     rtsv7M4_T_le_v4SPD16_eabi.lib : copy_decompress_rle.obj (.text:decompress:rle24)
                  000010ec    00000004                                   : pre_init.obj (.text)

.const     0    000010f0    00000070     
                  000010f0    00000070     driverlib.lib : interrupt.obj (.const)

.cinit     0    00001160    00000038     
                  00001160    0000000f     (.cinit..data.load) [load image, compression = rle]
                  0000116f    00000001     --HOLE-- [fill = 0]
                  00001170    0000000c     (__TI_handler_table)
                  0000117c    00000004     --HOLE-- [fill = 0]
                  00001180    00000008     (.cinit..bss.load) [load image, compression = zero_init]
                  00001188    00000010     (__TI_cinit_table)

.init_array 
*          0    00000000    00000000     UNINITIALIZED

.stack     0    20000000    00000200     UNINITIALIZED
                  20000000    00000200     --HOLE--

.bss       0    20000200    00000073     UNINITIALIZED
                  20000200    00000040     main.obj (.bss:error)
                  20000240    00000020     (.common:v_samples)
                  20000260    00000004     (.common:D)
                  20000264    00000004     (.common:I)
                  20000268    00000004     (.common:P)
                  2000026c    00000004     (.common:PID)
                  20000270    00000002     (.common:j)
                  20000272    00000001     (.common:state)

.TI.noinit 
*          0    20000200    00000000     UNINITIALIZED

.data      0    20000274    00000014     UNINITIALIZED
                  20000274    00000008     rtsv7M4_T_le_v4SPD16_eabi.lib : _lock.obj (.data)
                  2000027c    00000008                                   : exit.obj (.data)
                  20000284    00000004                                   : stkdepth_vars.obj (.data)

.TI.persistent 
*          0    20000274    00000000     UNINITIALIZED


LINKER GENERATED COPY TABLES

__TI_cinit_table @ 00001188 records: 2, size/record: 8, table size: 16
	.data: load addr=00001160, load size=0000000f bytes, run addr=20000274, run size=00000014 bytes, compression=rle
	.bss: load addr=00001180, load size=00000008 bytes, run addr=20000200, run size=00000073 bytes, compression=zero_init


LINKER GENERATED HANDLER TABLE

__TI_handler_table @ 00001170 records: 3, size/record: 4, table size: 12
	index: 0, handler: __TI_decompress_rle24
	index: 1, handler: __TI_decompress_none
	index: 2, handler: __TI_zero_init


GLOBAL SYMBOLS: SORTED ALPHABETICALLY BY Name 

address   name                    
-------   ----                    
000010d7  ADCIntClear             
00001069  ADCIntEnable            
00000f41  ADCSequenceConfigure    
00001089  ADCSequenceEnable       
00000b29  ADCSequenceStepConfigure
00000287  ADC_Settings            
000003e3  Average_value           
00000435  BitToRad                
00000efd  C$$EXIT                 
000010b3  CPUcpsie                
0000026d  Configuracion           
20000260  D                       
0000038f  Derivative_function     
00000497  EncargadoInterrupcion   
00000fed  GPIODirModeSet          
0000076f  GPIOPadConfigSet        
00001045  GPIOPinTypeADC          
0000046f  GenerateError           
20000264  I                       
00000cf5  IntEnable               
00001079  IntMasterEnable         
00000327  Integral_function       
20000268  P                       
2000026c  PID                     
000002ff  Proportional_function   
000010cb  ResetISR                
UNDEFED   SHT$$INIT_ARRAY$$Base   
UNDEFED   SHT$$INIT_ARRAY$$Limit  
0000099d  SysCtlClockSet          
000010e1  SysCtlDelay             
00000fb9  SysCtlPeripheralEnable  
00000d5d  TimerConfigure          
00000dbd  TimerControlTrigger     
00001097  TimerEnable             
00001057  TimerLoadSet            
000002cd  Timer_Settings          
20000200  __STACK_END             
00000200  __STACK_SIZE            
20000200  __STACK_TOP             
00001188  __TI_CINIT_Base         
00001198  __TI_CINIT_Limit        
00001170  __TI_Handler_Table_Base 
0000117c  __TI_Handler_Table_Limit
00000c1d  __TI_auto_init          
2000027c  __TI_cleanup_ptr        
000010a5  __TI_decompress_none    
000010e7  __TI_decompress_rle24   
20000280  __TI_dtors_ptr          
00000000  __TI_static_base__      
000010bf  __TI_zero_init          
00000eb1  __aeabi_d2f             
00000639  __aeabi_ddiv            
0000089f  __aeabi_dmul            
00000f7f  __aeabi_f2d             
00000ba3  __aeabi_memclr          
00000ba3  __aeabi_memclr4         
00000ba3  __aeabi_memclr8         
00000a8d  __aeabi_memcpy          
00000a8d  __aeabi_memcpy4         
00000a8d  __aeabi_memcpy8         
00000ba5  __aeabi_memset          
00000ba5  __aeabi_memset4         
00000ba5  __aeabi_memset8         
ffffffff  __binit__               
ffffffff  __c_args__              
20000000  __stack                 
00001019  _args_main              
00000e15  _c_int00                
20000274  _lock                   
0000103f  _nop                    
00001037  _register_lock          
00001031  _register_unlock        
000010ed  _system_pre_init        
20000278  _unlock                 
00000f01  abort                   
ffffffff  binit                   
00000e65  copy_in                 
20000200  error                   
00000f09  exit                    
00000000  g_pfnVectors            
20000270  j                       
000004f1  main                    
20000284  main_func_sp            
00000a8d  memcpy                  
00000bab  memset                  
20000272  state                   
20000240  v_samples               


GLOBAL SYMBOLS: SORTED BY Symbol Address 

address   name                    
-------   ----                    
00000000  __TI_static_base__      
00000000  g_pfnVectors            
00000200  __STACK_SIZE            
0000026d  Configuracion           
00000287  ADC_Settings            
000002cd  Timer_Settings          
000002ff  Proportional_function   
00000327  Integral_function       
0000038f  Derivative_function     
000003e3  Average_value           
00000435  BitToRad                
0000046f  GenerateError           
00000497  EncargadoInterrupcion   
000004f1  main                    
00000639  __aeabi_ddiv            
0000076f  GPIOPadConfigSet        
0000089f  __aeabi_dmul            
0000099d  SysCtlClockSet          
00000a8d  __aeabi_memcpy          
00000a8d  __aeabi_memcpy4         
00000a8d  __aeabi_memcpy8         
00000a8d  memcpy                  
00000b29  ADCSequenceStepConfigure
00000ba3  __aeabi_memclr          
00000ba3  __aeabi_memclr4         
00000ba3  __aeabi_memclr8         
00000ba5  __aeabi_memset          
00000ba5  __aeabi_memset4         
00000ba5  __aeabi_memset8         
00000bab  memset                  
00000c1d  __TI_auto_init          
00000cf5  IntEnable               
00000d5d  TimerConfigure          
00000dbd  TimerControlTrigger     
00000e15  _c_int00                
00000e65  copy_in                 
00000eb1  __aeabi_d2f             
00000efd  C$$EXIT                 
00000f01  abort                   
00000f09  exit                    
00000f41  ADCSequenceConfigure    
00000f7f  __aeabi_f2d             
00000fb9  SysCtlPeripheralEnable  
00000fed  GPIODirModeSet          
00001019  _args_main              
00001031  _register_unlock        
00001037  _register_lock          
0000103f  _nop                    
00001045  GPIOPinTypeADC          
00001057  TimerLoadSet            
00001069  ADCIntEnable            
00001079  IntMasterEnable         
00001089  ADCSequenceEnable       
00001097  TimerEnable             
000010a5  __TI_decompress_none    
000010b3  CPUcpsie                
000010bf  __TI_zero_init          
000010cb  ResetISR                
000010d7  ADCIntClear             
000010e1  SysCtlDelay             
000010e7  __TI_decompress_rle24   
000010ed  _system_pre_init        
00001170  __TI_Handler_Table_Base 
0000117c  __TI_Handler_Table_Limit
00001188  __TI_CINIT_Base         
00001198  __TI_CINIT_Limit        
20000000  __stack                 
20000200  __STACK_END             
20000200  __STACK_TOP             
20000200  error                   
20000240  v_samples               
20000260  D                       
20000264  I                       
20000268  P                       
2000026c  PID                     
20000270  j                       
20000272  state                   
20000274  _lock                   
20000278  _unlock                 
2000027c  __TI_cleanup_ptr        
20000280  __TI_dtors_ptr          
20000284  main_func_sp            
ffffffff  __binit__               
ffffffff  __c_args__              
ffffffff  binit                   
UNDEFED   SHT$$INIT_ARRAY$$Base   
UNDEFED   SHT$$INIT_ARRAY$$Limit  

[87 symbols]
