******************************************************************************
                  TI ARM Linker PC v5.2.2                      
******************************************************************************
>> Linked Sun Oct 09 20:34:06 2016

OUTPUT FILE NAME:   <SistemasDeControl.out>
ENTRY POINT SYMBOL: "_c_int00"  address: 00001f01


MEMORY CONFIGURATION

         name            origin    length      used     unused   attr    fill
----------------------  --------  ---------  --------  --------  ----  --------
  FLASH                 00000000   00040000  00002a08  0003d5f8  R  X
  SRAM                  20000000   00008000  0000050a  00007af6  RW X


SEGMENT ALLOCATION MAP

run origin  load origin   length   init length attrs members
----------  ----------- ---------- ----------- ----- -------
00000000    00000000    00002a08   00002a08    r-x
  00000000    00000000    0000026c   0000026c    r-- .intvecs
  0000026c    0000026c    000024e0   000024e0    r-x .text
  0000274c    0000274c    0000025c   0000025c    r-- .const
  000029a8    000029a8    00000060   00000060    r-- .cinit
20000000    20000000    0000050a   00000000    rw-
  20000000    20000000    00000200   00000000    rw- .stack
  20000200    20000200    000001d0   00000000    rw- .bss
  200003d0    200003d0    0000013a   00000000    rw- .data


SECTION ALLOCATION MAP

 output                                  attributes/
section   page    origin      length       input sections
--------  ----  ----------  ----------   ----------------
.intvecs   0    00000000    0000026c     
                  00000000    0000026c     tm4c123gh6pm_startup_ccs.obj (.intvecs)

.text      0    0000026c    000024e0     
                  0000026c    000005f0     main.obj (.text)
                  0000085c    00000290     sensorlib.lib : comp_dcm.obj (.text:CompDCMUpdate)
                  00000aec    000001b6     rtsv7M4_T_le_v4SPD16_eabi.lib : fd_add_t2.obj (.text)
                  00000ca2    00000002     --HOLE-- [fill = 0]
                  00000ca4    0000018c     sensorlib.lib : mpu9150.obj (.text:MPU9150Callback)
                  00000e30    00000130     driverlib.lib : gpio.obj (.text:GPIOPadConfigSet)
                  00000f60    00000118     rtsv7M4_T_le_v4SPD16_eabi.lib : atan2f.obj (.text)
                  00001078    0000010c     driverlib.lib : sysctl.obj (.text:SysCtlClockGet)
                  00001184    000000fc     rtsv7M4_T_le_v4SPD16_eabi.lib : fd_mul_t2.obj (.text)
                  00001280    000000f2     sensorlib.lib : i2cm_drv.obj (.text:I2CMIntHandler)
                  00001372    00000002     --HOLE-- [fill = 0]
                  00001374    000000f0     driverlib.lib : sysctl.obj (.text:SysCtlClockSet)
                  00001464    000000b8     sensorlib.lib : comp_dcm.obj (.text:CompDCMStart)
                  0000151c    000000b4     rtsv7M4_T_le_v4SPD16_eabi.lib : asinf.obj (.text)
                  000015d0    000000a8                                   : xfatan.obj (.text)
                  00001678    0000009c                                   : memcpy_t2.obj (.text)
                  00001714    00000098     sensorlib.lib : i2cm_drv.obj (.text:I2CMStateIdle)
                  000017ac    00000088                   : i2cm_drv.obj (.text:I2CMCommand)
                  00001834    0000007a     rtsv7M4_T_le_v4SPD16_eabi.lib : memset_t2.obj (.text)
                  000018ae    00000002     --HOLE-- [fill = 0]
                  000018b0    00000078     sensorlib.lib : mpu9150.obj (.text:MPU9150DataAccelGetFloat)
                  00001928    00000078                   : mpu9150.obj (.text:MPU9150DataGyroGetFloat)
                  000019a0    00000070                   : i2cm_drv.obj (.text:I2CMReadModifyWrite8)
                  00001a10    0000006c                   : mpu9150.obj (.text:MPU9150Init)
                  00001a7c    0000006c     rtsv7M4_T_le_v4SPD16_eabi.lib : autoinit.obj (.text)
                  00001ae8    0000006a                                   : copy_decompress_rle.obj (.text)
                  00001b52    00000002     --HOLE-- [fill = 0]
                  00001b54    00000068     driverlib.lib : interrupt.obj (.text:IntDisable)
                  00001bbc    00000068                   : interrupt.obj (.text:IntEnable)
                  00001c24    00000064                   : interrupt.obj (.text:IntIsEnabled)
                  00001c88    00000060     sensorlib.lib : i2cm_drv.obj (.text:I2CMReadModifyWrite8Callback)
                  00001ce8    00000060                   : mpu9150.obj (.text:MPU9150DataRead)
                  00001d48    00000060     driverlib.lib : timer.obj (.text:TimerConfigure)
                  00001da8    0000005e     sensorlib.lib : i2cm_drv.obj (.text:I2CMStateWritePause)
                  00001e06    00000056                   : vector.obj (.text:VectorCrossProduct)
                  00001e5c    00000054                   : mpu9150.obj (.text:MPU9150ReadModifyWrite)
                  00001eb0    00000050                   : i2cm_drv.obj (.text:I2CMStateWriteFinal)
                  00001f00    00000050     rtsv7M4_T_le_v4SPD16_eabi.lib : boot.obj (.text)
                  00001f50    0000004c                                   : cpy_tbl.obj (.text)
                  00001f9c    0000004a     sensorlib.lib : i2cm_drv.obj (.text:I2CMStateReadNext)
                  00001fe6    0000004a     rtsv7M4_T_le_v4SPD16_eabi.lib : fd_tos_t2.obj (.text)
                  00002030    00000048     driverlib.lib : gpio.obj (.text:GPIOPinConfigure)
                  00002078    00000048     sensorlib.lib : i2cm_drv.obj (.text:I2CMStateWriteNext)
                  000020c0    00000048     driverlib.lib : i2c.obj (.text:I2CMasterInitExpClk)
                  00002108    00000044     sensorlib.lib : comp_dcm.obj (.text:CompDCMInit)
                  0000214c    00000044                   : i2cm_drv.obj (.text:I2CMStateCallback)
                  00002190    00000044     rtsv7M4_T_le_v4SPD16_eabi.lib : exit.obj (.text)
                  000021d4    00000042     sensorlib.lib : comp_dcm.obj (.text:CompDCMComputeEulers)
                  00002216    00000040                   : i2cm_drv.obj (.text:I2CMStateReadFinal)
                  00002256    00000002     --HOLE-- [fill = 0]
                  00002258    00000040     rtsv7M4_T_le_v4SPD16_eabi.lib : signal.obj (.text)
                  00002298    0000003e     sensorlib.lib : i2cm_drv.obj (.text:I2CMStateReadPause)
                  000022d6    00000038     rtsv7M4_T_le_v4SPD16_eabi.lib : fs_tod_t2.obj (.text)
                  0000230e    00000034     sensorlib.lib : i2cm_drv.obj (.text:I2CMInit)
                  00002342    00000002     --HOLE-- [fill = 0]
                  00002344    00000034     driverlib.lib : sysctl.obj (.text:SysCtlPeripheralEnable)
                  00002378    00000034     rtsv7M4_T_le_v4SPD16_eabi.lib : feraiseexcept.obj (.text)
                  000023ac    00000032     sensorlib.lib : vector.obj (.text:VectorAdd)
                  000023de    00000002     --HOLE-- [fill = 0]
                  000023e0    00000030     rtsv7M4_T_le_v4SPD16_eabi.lib : xferaise.obj (.text)
                  00002410    0000002e                                   : raise.obj (.text)
                  0000243e    0000002c                                   : xfdclass.obj (.text)
                  0000246a    0000002a     driverlib.lib : gpio.obj (.text:GPIODirModeSet)
                  00002494    0000002a     sensorlib.lib : i2cm_drv.obj (.text:I2CMStateReadFirst)
                  000024be    00000026                   : vector.obj (.text:VectorDotProduct)
                  000024e4    00000026                   : vector.obj (.text:VectorScale)
                  0000250a    00000002     --HOLE-- [fill = 0]
                  0000250c    00000024     driverlib.lib : interrupt.obj (.text:IntPrioritySet)
                  00002530    00000024     rtsv7M4_T_le_v4SPD16_eabi.lib : sqrtf.obj (.text)
                  00002554    00000022     driverlib.lib : pwm.obj (.text:PWMGenConfigure)
                  00002576    00000020     sensorlib.lib : i2cm_drv.obj (.text:I2CMStateReadOne)
                  00002596    0000001e     driverlib.lib : pwm.obj (.text:PWMPulseWidthSet)
                  000025b4    0000001a     sensorlib.lib : i2cm_drv.obj (.text:I2CMStateReadWait)
                  000025ce    00000018     driverlib.lib : gpio.obj (.text:GPIOPinTypeGPIOOutput)
                  000025e6    00000002     --HOLE-- [fill = 0]
                  000025e8    00000018     rtsv7M4_T_le_v4SPD16_eabi.lib : args_main.obj (.text)
                  00002600    00000014     driverlib.lib : sysctl.obj (.text:SysCtlPWMClockSet)
                  00002614    00000014     rtsv7M4_T_le_v4SPD16_eabi.lib : _lock.obj (.text)
                  00002628    00000012     driverlib.lib : gpio.obj (.text:GPIOPinTypeI2C)
                  0000263a    00000012                   : gpio.obj (.text:GPIOPinTypeI2CSCL)
                  0000264c    00000012                   : gpio.obj (.text:GPIOPinTypePWM)
                  0000265e    00000012                   : pwm.obj (.text:PWMOutputState)
                  00002670    00000012                   : timer.obj (.text:TimerLoadSet)
                  00002682    00000010                   : pwm.obj (.text:PWMGenPeriodSet)
                  00002692    0000000e     sensorlib.lib : comp_dcm.obj (.text:CompDCMAccelUpdate)
                  000026a0    0000000e                   : comp_dcm.obj (.text:CompDCMGyroUpdate)
                  000026ae    0000000e     driverlib.lib : timer.obj (.text:TimerEnable)
                  000026bc    0000000e     rtsv7M4_T_le_v4SPD16_eabi.lib : copy_decompress_none.obj (.text:decompress:none)
                  000026ca    00000002     --HOLE-- [fill = 0]
                  000026cc    0000000c     driverlib.lib : interrupt.obj (.text:IntTrigger)
                  000026d8    0000000c                   : pwm.obj (.text:PWMGenEnable)
                  000026e4    0000000c     rtsv7M4_T_le_v4SPD16_eabi.lib : copy_zero_init.obj (.text:decompress:ZI)
                  000026f0    0000000c     tm4c123gh6pm_startup_ccs.obj (.text)
                  000026fc    0000000a     driverlib.lib : i2c.obj (.text:I2CMasterEnable)
                  00002706    00000008                   : i2c.obj (.text:I2CMasterIntClear)
                  0000270e    00000008                   : i2c.obj (.text:I2CMasterIntEnableEx)
                  00002716    00000008                   : i2c.obj (.text:I2CMasterSlaveAddrSet)
                  0000271e    00000008                   : timer.obj (.text:TimerIntEnable)
                  00002726    00000006                   : gpio.obj (.text:GPIOPinWrite)
                  0000272c    00000006                   : sysctl.obj (.text:SysCtlDelay)
                  00002732    00000006     rtsv7M4_T_le_v4SPD16_eabi.lib : copy_decompress_rle.obj (.text:decompress:rle24)
                  00002738    00000004     driverlib.lib : i2c.obj (.text:I2CMasterControl)
                  0000273c    00000004                   : i2c.obj (.text:I2CMasterDataGet)
                  00002740    00000004                   : i2c.obj (.text:I2CMasterDataPut)
                  00002744    00000004                   : timer.obj (.text:TimerIntClear)
                  00002748    00000004     rtsv7M4_T_le_v4SPD16_eabi.lib : pre_init.obj (.text)

.const     0    0000274c    0000025c     
                  0000274c    0000009c     driverlib.lib : interrupt.obj (.const:g_pui32Regs)
                  000027e8    00000090                   : gpio.obj (.const:g_pui32GPIOBaseAddrs)
                  00002878    00000070                   : interrupt.obj (.const)
                  000028e8    0000006c                   : sysctl.obj (.const:g_pui32Xtals)
                  00002954    00000034     rtsv7M4_T_le_v4SPD16_eabi.lib : xfatan.obj (.const)
                  00002988    00000020     sensorlib.lib : mpu9150.obj (.const)

.cinit     0    000029a8    00000060     
                  000029a8    00000038     (.cinit..data.load) [load image, compression = rle]
                  000029e0    0000000c     (__TI_handler_table)
                  000029ec    00000004     --HOLE-- [fill = 0]
                  000029f0    00000008     (.cinit..bss.load) [load image, compression = zero_init]
                  000029f8    00000010     (__TI_cinit_table)

.init_array 
*          0    00000000    00000000     UNINITIALIZED

.stack     0    20000000    00000200     UNINITIALIZED
                  20000000    00000200     --HOLE--

.bss       0    20000200    000001d0     UNINITIALIZED
                  20000200    00000124     main.obj (.bss:I2CInst)
                  20000324    0000006c     main.obj (.bss:MPU9150Inst)
                  20000390    00000004     (.common:DutyC1)
                  20000394    00000004     (.common:Kd)
                  20000398    00000004     (.common:Ki)
                  2000039c    00000004     (.common:Kp)
                  200003a0    00000004     (.common:Load)
                  200003a4    00000004     (.common:PWMClock)
                  200003a8    00000004     (.common:Pitch)
                  200003ac    00000004     (.common:Roll)
                  200003b0    00000004     (.common:Yaw)
                  200003b4    00000004     (.common:derivator)
                  200003b8    00000004     (.common:error)
                  200003bc    00000004     (.common:integrator)
                  200003c0    00000004     (.common:maxInt)
                  200003c4    00000004     (.common:minInt)
                  200003c8    00000004     (.common:offset)
                  200003cc    00000004     (.common:setPoint)

.TI.noinit 
*          0    20000200    00000000     UNINITIALIZED

.data      0    200003d0    0000013a     UNINITIALIZED
                  200003d0    000000b0     rtsv7M4_T_le_v4SPD16_eabi.lib : signal.obj (.data:sigtable)
                  20000480    00000068                                   : xfvalues.obj (.data)
                  200004e8    00000008                                   : _lock.obj (.data)
                  200004f0    00000008                                   : exit.obj (.data)
                  200004f8    00000008                                   : feraiseexcept.obj (.data)
                  20000500    00000004                                   : errno.obj (.data)
                  20000504    00000004                                   : stkdepth_vars.obj (.data)
                  20000508    00000002     main.obj (.data)

.TI.persistent 
*          0    200003d0    00000000     UNINITIALIZED


LINKER GENERATED COPY TABLES

__TI_cinit_table @ 000029f8 records: 2, size/record: 8, table size: 16
	.data: load addr=000029a8, load size=00000038 bytes, run addr=200003d0, run size=0000013a bytes, compression=rle
	.bss: load addr=000029f0, load size=00000008 bytes, run addr=20000200, run size=000001d0 bytes, compression=zero_init


LINKER GENERATED HANDLER TABLE

__TI_handler_table @ 000029e0 records: 3, size/record: 4, table size: 12
	index: 0, handler: __TI_decompress_rle24
	index: 1, handler: __TI_decompress_none
	index: 2, handler: __TI_zero_init


GLOBAL SYMBOLS: SORTED ALPHABETICALLY BY Name 

address   name                    
-------   ----                    
00002191  C$$EXIT                 
00002693  CompDCMAccelUpdate      
000021d5  CompDCMComputeEulers    
000026a1  CompDCMGyroUpdate       
00002109  CompDCMInit             
00001465  CompDCMStart            
0000085d  CompDCMUpdate           
00000345  ConfiguracionPWM        
20000390  DutyC1                  
0000246b  GPIODirModeSet          
00000e31  GPIOPadConfigSet        
00002031  GPIOPinConfigure        
000025cf  GPIOPinTypeGPIOOutput   
00002629  GPIOPinTypeI2C          
0000263b  GPIOPinTypeI2CSCL       
0000264d  GPIOPinTypePWM          
00002727  GPIOPinWrite            
000002a5  I2C1Configure           
20000200  I2CInst                 
000017ad  I2CMCommand             
0000230f  I2CMInit                
00001281  I2CMIntHandler          
000019a1  I2CMReadModifyWrite8    
00002739  I2CMasterControl        
0000273d  I2CMasterDataGet        
00002741  I2CMasterDataPut        
000026fd  I2CMasterEnable         
000020c1  I2CMasterInitExpClk     
00002707  I2CMasterIntClear       
0000270f  I2CMasterIntEnableEx    
00002717  I2CMasterSlaveAddrSet   
00001b55  IntDisable              
00001bbd  IntEnable               
0000027f  IntHandlerI2C1          
00000289  IntHandlerTimer0A       
00001c25  IntIsEnabled            
0000250d  IntPrioritySet          
000026cd  IntTrigger              
20000394  Kd                      
20000398  Ki                      
2000039c  Kp                      
200003a0  Load                    
0000026d  MPU9150Callback         
000002ff  MPU9150Configure        
000018b1  MPU9150DataAccelGetFloat
00001929  MPU9150DataGyroGetFloat 
00001ce9  MPU9150DataRead         
20000508  MPU9150Done             
00001a11  MPU9150Init             
20000324  MPU9150Inst             
00001e5d  MPU9150ReadModifyWrite  
200003a4  PWMClock                
00002555  PWMGenConfigure         
000026d9  PWMGenEnable            
00002683  PWMGenPeriodSet         
0000265f  PWMOutputState          
00002597  PWMPulseWidthSet        
200003a8  Pitch                   
000026f1  ResetISR                
200003ac  Roll                    
UNDEFED   SHT$$INIT_ARRAY$$Base   
UNDEFED   SHT$$INIT_ARRAY$$Limit  
00001079  SysCtlClockGet          
00001375  SysCtlClockSet          
0000272d  SysCtlDelay             
00002601  SysCtlPWMClockSet       
00002345  SysCtlPeripheralEnable  
20000509  TimeoutFlag             
000002cb  Timer0Configure         
00001d49  TimerConfigure          
000026af  TimerEnable             
00002745  TimerIntClear           
0000271f  TimerIntEnable          
00002671  TimerLoadSet            
000023ad  VectorAdd               
00001e07  VectorCrossProduct      
000024bf  VectorDotProduct        
000024e5  VectorScale             
200003b0  Yaw                     
20000500  _Errno                  
000015d1  _FAtan                  
0000243f  _FDclass                
20000480  _FDenorm                
20000490  _FEps                   
200004a0  _FInf                   
200004b0  _FNan                   
200004d0  _FRteps                 
200004c0  _FSnan                  
200004e0  _FXbig                  
200004e4  _FZero                  
200004f8  _Fenv                   
000023e1  _Feraise                
200004fc  _Tls_setup__Fenv        
20000200  __STACK_END             
00000200  __STACK_SIZE            
20000200  __STACK_TOP             
000029f8  __TI_CINIT_Base         
00002a08  __TI_CINIT_Limit        
000029e0  __TI_Handler_Table_Base 
000029ec  __TI_Handler_Table_Limit
00001a7d  __TI_auto_init          
200004f0  __TI_cleanup_ptr        
000026bd  __TI_decompress_none    
00002733  __TI_decompress_rle24   
200004f4  __TI_dtors_ptr          
00000000  __TI_static_base__      
000026e5  __TI_zero_init          
00001fe7  __aeabi_d2f             
00000af7  __aeabi_dadd            
00001185  __aeabi_dmul            
00000aed  __aeabi_dsub            
000022d7  __aeabi_f2d             
00001835  __aeabi_memclr          
00001835  __aeabi_memclr4         
00001835  __aeabi_memclr8         
00001679  __aeabi_memcpy          
00001679  __aeabi_memcpy4         
00001679  __aeabi_memcpy8         
00001837  __aeabi_memset          
00001837  __aeabi_memset4         
00001837  __aeabi_memset8         
ffffffff  __binit__               
ffffffff  __c_args__              
20000000  __stack                 
000025e9  _args_main              
00001f01  _c_int00                
200004e8  _lock                   
00002623  _nop                    
0000261b  _register_lock          
00002615  _register_unlock        
00002749  _system_pre_init        
200004ec  _unlock                 
00002195  abort                   
0000151d  asinf                   
00000f61  atan2f                  
ffffffff  binit                   
00001f51  copy_in                 
200003b4  derivator               
200003b8  error                   
0000219d  exit                    
00002379  feraiseexcept           
00000000  g_pfnVectors            
200003bc  integrator              
000005a9  main                    
20000504  main_func_sp            
200003c0  maxInt                  
00001679  memcpy                  
0000183d  memset                  
200003c4  minInt                  
200003c8  offset                  
00000397  pidInit                 
000003e3  pidSetPoint             
00000401  pidUpdate               
00002411  raise                   
200003cc  setPoint                
00002259  signal                  
00002531  sqrtf                   


GLOBAL SYMBOLS: SORTED BY Symbol Address 

address   name                    
-------   ----                    
00000000  __TI_static_base__      
00000000  g_pfnVectors            
00000200  __STACK_SIZE            
0000026d  MPU9150Callback         
0000027f  IntHandlerI2C1          
00000289  IntHandlerTimer0A       
000002a5  I2C1Configure           
000002cb  Timer0Configure         
000002ff  MPU9150Configure        
00000345  ConfiguracionPWM        
00000397  pidInit                 
000003e3  pidSetPoint             
00000401  pidUpdate               
000005a9  main                    
0000085d  CompDCMUpdate           
00000aed  __aeabi_dsub            
00000af7  __aeabi_dadd            
00000e31  GPIOPadConfigSet        
00000f61  atan2f                  
00001079  SysCtlClockGet          
00001185  __aeabi_dmul            
00001281  I2CMIntHandler          
00001375  SysCtlClockSet          
00001465  CompDCMStart            
0000151d  asinf                   
000015d1  _FAtan                  
00001679  __aeabi_memcpy          
00001679  __aeabi_memcpy4         
00001679  __aeabi_memcpy8         
00001679  memcpy                  
000017ad  I2CMCommand             
00001835  __aeabi_memclr          
00001835  __aeabi_memclr4         
00001835  __aeabi_memclr8         
00001837  __aeabi_memset          
00001837  __aeabi_memset4         
00001837  __aeabi_memset8         
0000183d  memset                  
000018b1  MPU9150DataAccelGetFloat
00001929  MPU9150DataGyroGetFloat 
000019a1  I2CMReadModifyWrite8    
00001a11  MPU9150Init             
00001a7d  __TI_auto_init          
00001b55  IntDisable              
00001bbd  IntEnable               
00001c25  IntIsEnabled            
00001ce9  MPU9150DataRead         
00001d49  TimerConfigure          
00001e07  VectorCrossProduct      
00001e5d  MPU9150ReadModifyWrite  
00001f01  _c_int00                
00001f51  copy_in                 
00001fe7  __aeabi_d2f             
00002031  GPIOPinConfigure        
000020c1  I2CMasterInitExpClk     
00002109  CompDCMInit             
00002191  C$$EXIT                 
00002195  abort                   
0000219d  exit                    
000021d5  CompDCMComputeEulers    
00002259  signal                  
000022d7  __aeabi_f2d             
0000230f  I2CMInit                
00002345  SysCtlPeripheralEnable  
00002379  feraiseexcept           
000023ad  VectorAdd               
000023e1  _Feraise                
00002411  raise                   
0000243f  _FDclass                
0000246b  GPIODirModeSet          
000024bf  VectorDotProduct        
000024e5  VectorScale             
0000250d  IntPrioritySet          
00002531  sqrtf                   
00002555  PWMGenConfigure         
00002597  PWMPulseWidthSet        
000025cf  GPIOPinTypeGPIOOutput   
000025e9  _args_main              
00002601  SysCtlPWMClockSet       
00002615  _register_unlock        
0000261b  _register_lock          
00002623  _nop                    
00002629  GPIOPinTypeI2C          
0000263b  GPIOPinTypeI2CSCL       
0000264d  GPIOPinTypePWM          
0000265f  PWMOutputState          
00002671  TimerLoadSet            
00002683  PWMGenPeriodSet         
00002693  CompDCMAccelUpdate      
000026a1  CompDCMGyroUpdate       
000026af  TimerEnable             
000026bd  __TI_decompress_none    
000026cd  IntTrigger              
000026d9  PWMGenEnable            
000026e5  __TI_zero_init          
000026f1  ResetISR                
000026fd  I2CMasterEnable         
00002707  I2CMasterIntClear       
0000270f  I2CMasterIntEnableEx    
00002717  I2CMasterSlaveAddrSet   
0000271f  TimerIntEnable          
00002727  GPIOPinWrite            
0000272d  SysCtlDelay             
00002733  __TI_decompress_rle24   
00002739  I2CMasterControl        
0000273d  I2CMasterDataGet        
00002741  I2CMasterDataPut        
00002745  TimerIntClear           
00002749  _system_pre_init        
000029e0  __TI_Handler_Table_Base 
000029ec  __TI_Handler_Table_Limit
000029f8  __TI_CINIT_Base         
00002a08  __TI_CINIT_Limit        
20000000  __stack                 
20000200  I2CInst                 
20000200  __STACK_END             
20000200  __STACK_TOP             
20000324  MPU9150Inst             
20000390  DutyC1                  
20000394  Kd                      
20000398  Ki                      
2000039c  Kp                      
200003a0  Load                    
200003a4  PWMClock                
200003a8  Pitch                   
200003ac  Roll                    
200003b0  Yaw                     
200003b4  derivator               
200003b8  error                   
200003bc  integrator              
200003c0  maxInt                  
200003c4  minInt                  
200003c8  offset                  
200003cc  setPoint                
20000480  _FDenorm                
20000490  _FEps                   
200004a0  _FInf                   
200004b0  _FNan                   
200004c0  _FSnan                  
200004d0  _FRteps                 
200004e0  _FXbig                  
200004e4  _FZero                  
200004e8  _lock                   
200004ec  _unlock                 
200004f0  __TI_cleanup_ptr        
200004f4  __TI_dtors_ptr          
200004f8  _Fenv                   
200004fc  _Tls_setup__Fenv        
20000500  _Errno                  
20000504  main_func_sp            
20000508  MPU9150Done             
20000509  TimeoutFlag             
ffffffff  __binit__               
ffffffff  __c_args__              
ffffffff  binit                   
UNDEFED   SHT$$INIT_ARRAY$$Base   
UNDEFED   SHT$$INIT_ARRAY$$Limit  

[157 symbols]
