******************************************************************************
                  TI ARM Linker PC v5.2.2                      
******************************************************************************
>> Linked Sat Oct 15 19:52:26 2016

OUTPUT FILE NAME:   <SistemasDeControl.out>
ENTRY POINT SYMBOL: "_c_int00"  address: 000020a9


MEMORY CONFIGURATION

         name            origin    length      used     unused   attr    fill
----------------------  --------  ---------  --------  --------  ----  --------
  FLASH                 00000000   00040000  00002c26  0003d3da  R  X
  SRAM                  20000000   00008000  00000511  00007aef  RW X


SEGMENT ALLOCATION MAP

run origin  load origin   length   init length attrs members
----------  ----------- ---------- ----------- ----- -------
00000000    00000000    00002c28   00002c28    r-x
  00000000    00000000    0000026c   0000026c    r-- .intvecs
  0000026c    0000026c    000026fe   000026fe    r-x .text
  0000296c    0000296c    0000025c   0000025c    r-- .const
  00002bc8    00002bc8    00000060   00000060    r-- .cinit
20000000    20000000    00000513   00000000    rw-
  20000000    20000000    00000200   00000000    rw- .stack
  20000200    20000200    000001d6   00000000    rw- .bss
  200003d8    200003d8    0000013b   00000000    rw- .data


SECTION ALLOCATION MAP

 output                                  attributes/
section   page    origin      length       input sections
--------  ----  ----------  ----------   ----------------
.intvecs   0    00000000    0000026c     
                  00000000    0000026c     tm4c123gh6pm_startup_ccs.obj (.intvecs)

.text      0    0000026c    000026fe     
                  0000026c    000006c4     main.obj (.text)
                  00000930    00000290     sensorlib.lib : comp_dcm.obj (.text:CompDCMUpdate)
                  00000bc0    000001b6     rtsv7M4_T_le_v4SPD16_eabi.lib : fd_add_t2.obj (.text)
                  00000d76    00000002     --HOLE-- [fill = 0]
                  00000d78    0000018c     sensorlib.lib : mpu9150.obj (.text:MPU9150Callback)
                  00000f04    00000130     driverlib.lib : gpio.obj (.text:GPIOPadConfigSet)
                  00001034    00000118     rtsv7M4_T_le_v4SPD16_eabi.lib : atan2f.obj (.text)
                  0000114c    0000010c     driverlib.lib : sysctl.obj (.text:SysCtlClockGet)
                  00001258    000000fc     rtsv7M4_T_le_v4SPD16_eabi.lib : fd_mul_t2.obj (.text)
                  00001354    000000f2     sensorlib.lib : i2cm_drv.obj (.text:I2CMIntHandler)
                  00001446    00000002     --HOLE-- [fill = 0]
                  00001448    000000f0     driverlib.lib : sysctl.obj (.text:SysCtlClockSet)
                  00001538    000000b8     sensorlib.lib : comp_dcm.obj (.text:CompDCMStart)
                  000015f0    000000b4     rtsv7M4_T_le_v4SPD16_eabi.lib : asinf.obj (.text)
                  000016a4    000000a8                                   : xfatan.obj (.text)
                  0000174c    0000009c                                   : memcpy_t2.obj (.text)
                  000017e8    00000098     sensorlib.lib : i2cm_drv.obj (.text:I2CMStateIdle)
                  00001880    00000088                   : i2cm_drv.obj (.text:I2CMCommand)
                  00001908    0000007a     driverlib.lib : adc.obj (.text:ADCSequenceStepConfigure)
                  00001982    0000007a     rtsv7M4_T_le_v4SPD16_eabi.lib : memset_t2.obj (.text)
                  000019fc    00000078     sensorlib.lib : mpu9150.obj (.text:MPU9150DataAccelGetFloat)
                  00001a74    00000078                   : mpu9150.obj (.text:MPU9150DataGyroGetFloat)
                  00001aec    00000070                   : i2cm_drv.obj (.text:I2CMReadModifyWrite8)
                  00001b5c    0000006c                   : mpu9150.obj (.text:MPU9150Init)
                  00001bc8    0000006c     rtsv7M4_T_le_v4SPD16_eabi.lib : autoinit.obj (.text)
                  00001c34    0000006a                                   : copy_decompress_rle.obj (.text)
                  00001c9e    00000002     --HOLE-- [fill = 0]
                  00001ca0    00000068     driverlib.lib : interrupt.obj (.text:IntDisable)
                  00001d08    00000068                   : interrupt.obj (.text:IntEnable)
                  00001d70    00000064                   : interrupt.obj (.text:IntIsEnabled)
                  00001dd4    00000060     sensorlib.lib : i2cm_drv.obj (.text:I2CMReadModifyWrite8Callback)
                  00001e34    00000060                   : mpu9150.obj (.text:MPU9150DataRead)
                  00001e94    00000060     driverlib.lib : timer.obj (.text:TimerConfigure)
                  00001ef4    0000005e     sensorlib.lib : i2cm_drv.obj (.text:I2CMStateWritePause)
                  00001f52    00000002     --HOLE-- [fill = 0]
                  00001f54    00000058     driverlib.lib : timer.obj (.text:TimerControlTrigger)
                  00001fac    00000056     sensorlib.lib : vector.obj (.text:VectorCrossProduct)
                  00002002    00000002     --HOLE-- [fill = 0]
                  00002004    00000054                   : mpu9150.obj (.text:MPU9150ReadModifyWrite)
                  00002058    00000050                   : i2cm_drv.obj (.text:I2CMStateWriteFinal)
                  000020a8    00000050     rtsv7M4_T_le_v4SPD16_eabi.lib : boot.obj (.text)
                  000020f8    0000004c                                   : cpy_tbl.obj (.text)
                  00002144    0000004a     sensorlib.lib : i2cm_drv.obj (.text:I2CMStateReadNext)
                  0000218e    0000004a     rtsv7M4_T_le_v4SPD16_eabi.lib : fd_tos_t2.obj (.text)
                  000021d8    00000048     driverlib.lib : gpio.obj (.text:GPIOPinConfigure)
                  00002220    00000048     sensorlib.lib : i2cm_drv.obj (.text:I2CMStateWriteNext)
                  00002268    00000048     driverlib.lib : i2c.obj (.text:I2CMasterInitExpClk)
                  000022b0    00000044     sensorlib.lib : comp_dcm.obj (.text:CompDCMInit)
                  000022f4    00000044                   : i2cm_drv.obj (.text:I2CMStateCallback)
                  00002338    00000044     rtsv7M4_T_le_v4SPD16_eabi.lib : exit.obj (.text)
                  0000237c    00000042     sensorlib.lib : comp_dcm.obj (.text:CompDCMComputeEulers)
                  000023be    00000040                   : i2cm_drv.obj (.text:I2CMStateReadFinal)
                  000023fe    00000002     --HOLE-- [fill = 0]
                  00002400    00000040     rtsv7M4_T_le_v4SPD16_eabi.lib : signal.obj (.text)
                  00002440    0000003e     driverlib.lib : adc.obj (.text:ADCSequenceConfigure)
                  0000247e    0000003e     sensorlib.lib : i2cm_drv.obj (.text:I2CMStateReadPause)
                  000024bc    00000038     rtsv7M4_T_le_v4SPD16_eabi.lib : fs_tod_t2.obj (.text)
                  000024f4    00000034     sensorlib.lib : i2cm_drv.obj (.text:I2CMInit)
                  00002528    00000034     driverlib.lib : sysctl.obj (.text:SysCtlPeripheralEnable)
                  0000255c    00000034     rtsv7M4_T_le_v4SPD16_eabi.lib : feraiseexcept.obj (.text)
                  00002590    00000032     sensorlib.lib : vector.obj (.text:VectorAdd)
                  000025c2    00000002     --HOLE-- [fill = 0]
                  000025c4    00000030     rtsv7M4_T_le_v4SPD16_eabi.lib : xferaise.obj (.text)
                  000025f4    0000002e                                   : raise.obj (.text)
                  00002622    0000002c                                   : xfdclass.obj (.text)
                  0000264e    0000002a     driverlib.lib : gpio.obj (.text:GPIODirModeSet)
                  00002678    0000002a     sensorlib.lib : i2cm_drv.obj (.text:I2CMStateReadFirst)
                  000026a2    00000026                   : vector.obj (.text:VectorDotProduct)
                  000026c8    00000026                   : vector.obj (.text:VectorScale)
                  000026ee    00000002     --HOLE-- [fill = 0]
                  000026f0    00000024     driverlib.lib : interrupt.obj (.text:IntPrioritySet)
                  00002714    00000024     rtsv7M4_T_le_v4SPD16_eabi.lib : sqrtf.obj (.text)
                  00002738    00000022     driverlib.lib : pwm.obj (.text:PWMGenConfigure)
                  0000275a    00000020     sensorlib.lib : i2cm_drv.obj (.text:I2CMStateReadOne)
                  0000277a    0000001e     driverlib.lib : pwm.obj (.text:PWMPulseWidthSet)
                  00002798    0000001a     sensorlib.lib : i2cm_drv.obj (.text:I2CMStateReadWait)
                  000027b2    00000018     driverlib.lib : gpio.obj (.text:GPIOPinTypeGPIOOutput)
                  000027ca    00000002     --HOLE-- [fill = 0]
                  000027cc    00000018     rtsv7M4_T_le_v4SPD16_eabi.lib : args_main.obj (.text)
                  000027e4    00000014     driverlib.lib : sysctl.obj (.text:SysCtlPWMClockSet)
                  000027f8    00000014     rtsv7M4_T_le_v4SPD16_eabi.lib : _lock.obj (.text)
                  0000280c    00000012     driverlib.lib : gpio.obj (.text:GPIOPinTypeADC)
                  0000281e    00000012                   : gpio.obj (.text:GPIOPinTypeI2C)
                  00002830    00000012                   : gpio.obj (.text:GPIOPinTypeI2CSCL)
                  00002842    00000012                   : gpio.obj (.text:GPIOPinTypePWM)
                  00002854    00000012                   : pwm.obj (.text:PWMOutputState)
                  00002866    00000012                   : timer.obj (.text:TimerLoadSet)
                  00002878    00000010                   : adc.obj (.text:ADCIntEnable)
                  00002888    00000010                   : pwm.obj (.text:PWMGenPeriodSet)
                  00002898    0000000e                   : adc.obj (.text:ADCSequenceEnable)
                  000028a6    0000000e     sensorlib.lib : comp_dcm.obj (.text:CompDCMAccelUpdate)
                  000028b4    0000000e                   : comp_dcm.obj (.text:CompDCMGyroUpdate)
                  000028c2    0000000e     driverlib.lib : timer.obj (.text:TimerEnable)
                  000028d0    0000000e     rtsv7M4_T_le_v4SPD16_eabi.lib : copy_decompress_none.obj (.text:decompress:none)
                  000028de    00000002     --HOLE-- [fill = 0]
                  000028e0    0000000c     driverlib.lib : interrupt.obj (.text:IntTrigger)
                  000028ec    0000000c                   : pwm.obj (.text:PWMGenEnable)
                  000028f8    0000000c     rtsv7M4_T_le_v4SPD16_eabi.lib : copy_zero_init.obj (.text:decompress:ZI)
                  00002904    0000000c     tm4c123gh6pm_startup_ccs.obj (.text)
                  00002910    0000000a     driverlib.lib : adc.obj (.text:ADCIntClear)
                  0000291a    0000000a                   : i2c.obj (.text:I2CMasterEnable)
                  00002924    00000008                   : i2c.obj (.text:I2CMasterIntClear)
                  0000292c    00000008                   : i2c.obj (.text:I2CMasterIntEnableEx)
                  00002934    00000008                   : i2c.obj (.text:I2CMasterSlaveAddrSet)
                  0000293c    00000008                   : timer.obj (.text:TimerIntEnable)
                  00002944    00000006                   : gpio.obj (.text:GPIOPinWrite)
                  0000294a    00000006                   : sysctl.obj (.text:SysCtlDelay)
                  00002950    00000006     rtsv7M4_T_le_v4SPD16_eabi.lib : copy_decompress_rle.obj (.text:decompress:rle24)
                  00002956    00000004     driverlib.lib : i2c.obj (.text:I2CMasterControl)
                  0000295a    00000004                   : i2c.obj (.text:I2CMasterDataGet)
                  0000295e    00000004                   : i2c.obj (.text:I2CMasterDataPut)
                  00002962    00000004                   : timer.obj (.text:TimerIntClear)
                  00002966    00000004     rtsv7M4_T_le_v4SPD16_eabi.lib : pre_init.obj (.text)

.const     0    0000296c    0000025c     
                  0000296c    0000009c     driverlib.lib : interrupt.obj (.const:g_pui32Regs)
                  00002a08    00000090                   : gpio.obj (.const:g_pui32GPIOBaseAddrs)
                  00002a98    00000070                   : interrupt.obj (.const)
                  00002b08    0000006c                   : sysctl.obj (.const:g_pui32Xtals)
                  00002b74    00000034     rtsv7M4_T_le_v4SPD16_eabi.lib : xfatan.obj (.const)
                  00002ba8    00000020     sensorlib.lib : mpu9150.obj (.const)

.cinit     0    00002bc8    00000060     
                  00002bc8    00000038     (.cinit..data.load) [load image, compression = rle]
                  00002c00    0000000c     (__TI_handler_table)
                  00002c0c    00000004     --HOLE-- [fill = 0]
                  00002c10    00000008     (.cinit..bss.load) [load image, compression = zero_init]
                  00002c18    00000010     (__TI_cinit_table)

.init_array 
*          0    00000000    00000000     UNINITIALIZED

.stack     0    20000000    00000200     UNINITIALIZED
                  20000000    00000200     --HOLE--

.bss       0    20000200    000001d6     UNINITIALIZED
                  20000200    00000124     main.obj (.bss:I2CInst)
                  20000324    0000006c     main.obj (.bss:MPU9150Inst)
                  20000390    00000004     (.common:DutyC1)
                  20000394    00000004     (.common:Kd)
                  20000398    00000004     (.common:Ki)
                  2000039c    00000004     (.common:Kp)
                  200003a0    00000004     (.common:Load)
                  200003a4    00000004     (.common:PWMClock)
                  200003a8    00000004     (.common:Pitch)
                  200003ac    00000004     (.common:Roll)
                  200003b0    00000004     (.common:Yaw)
                  200003b4    00000004     (.common:derivator)
                  200003b8    00000004     (.common:error)
                  200003bc    00000004     (.common:integrator)
                  200003c0    00000004     (.common:maxInt)
                  200003c4    00000004     (.common:minInt)
                  200003c8    00000004     (.common:offset)
                  200003cc    00000004     (.common:sample_float)
                  200003d0    00000004     (.common:setPoint)
                  200003d4    00000002     (.common:sample)

.TI.noinit 
*          0    20000200    00000000     UNINITIALIZED

.data      0    200003d8    0000013b     UNINITIALIZED
                  200003d8    000000b0     rtsv7M4_T_le_v4SPD16_eabi.lib : signal.obj (.data:sigtable)
                  20000488    00000068                                   : xfvalues.obj (.data)
                  200004f0    00000008                                   : _lock.obj (.data)
                  200004f8    00000008                                   : exit.obj (.data)
                  20000500    00000008                                   : feraiseexcept.obj (.data)
                  20000508    00000004                                   : errno.obj (.data)
                  2000050c    00000004                                   : stkdepth_vars.obj (.data)
                  20000510    00000003     main.obj (.data)

.TI.persistent 
*          0    200003d8    00000000     UNINITIALIZED


LINKER GENERATED COPY TABLES

__TI_cinit_table @ 00002c18 records: 2, size/record: 8, table size: 16
	.data: load addr=00002bc8, load size=00000038 bytes, run addr=200003d8, run size=0000013b bytes, compression=rle
	.bss: load addr=00002c10, load size=00000008 bytes, run addr=20000200, run size=000001d6 bytes, compression=zero_init


LINKER GENERATED HANDLER TABLE

__TI_handler_table @ 00002c00 records: 3, size/record: 4, table size: 12
	index: 0, handler: __TI_decompress_rle24
	index: 1, handler: __TI_decompress_none
	index: 2, handler: __TI_zero_init


GLOBAL SYMBOLS: SORTED ALPHABETICALLY BY Name 

address   name                    
-------   ----                    
000002cb  ADC                     
00002911  ADCIntClear             
00002879  ADCIntEnable            
00002441  ADCSequenceConfigure    
00002899  ADCSequenceEnable       
00001909  ADCSequenceStepConfigure
00002339  C$$EXIT                 
000028a7  CompDCMAccelUpdate      
0000237d  CompDCMComputeEulers    
000028b5  CompDCMGyroUpdate       
000022b1  CompDCMInit             
00001539  CompDCMStart            
00000931  CompDCMUpdate           
000003b9  ConfiguracionPWM        
20000390  DutyC1                  
0000264f  GPIODirModeSet          
00000f05  GPIOPadConfigSet        
000021d9  GPIOPinConfigure        
0000280d  GPIOPinTypeADC          
000027b3  GPIOPinTypeGPIOOutput   
0000281f  GPIOPinTypeI2C          
00002831  GPIOPinTypeI2CSCL       
00002843  GPIOPinTypePWM          
00002945  GPIOPinWrite            
000002a5  I2C1Configure           
20000200  I2CInst                 
00001881  I2CMCommand             
000024f5  I2CMInit                
00001355  I2CMIntHandler          
00001aed  I2CMReadModifyWrite8    
00002957  I2CMasterControl        
0000295b  I2CMasterDataGet        
0000295f  I2CMasterDataPut        
0000291b  I2CMasterEnable         
00002269  I2CMasterInitExpClk     
00002925  I2CMasterIntClear       
0000292d  I2CMasterIntEnableEx    
00002935  I2CMasterSlaveAddrSet   
00001ca1  IntDisable              
00001d09  IntEnable               
00000317  IntHandlerADC0SS3       
0000027f  IntHandlerI2C1          
00000289  IntHandlerTimer0A       
00001d71  IntIsEnabled            
000026f1  IntPrioritySet          
000028e1  IntTrigger              
20000394  Kd                      
20000398  Ki                      
2000039c  Kp                      
200003a0  Load                    
0000026d  MPU9150Callback         
00000373  MPU9150Configure        
000019fd  MPU9150DataAccelGetFloat
00001a75  MPU9150DataGyroGetFloat 
00001e35  MPU9150DataRead         
20000511  MPU9150Done             
00001b5d  MPU9150Init             
20000324  MPU9150Inst             
00002005  MPU9150ReadModifyWrite  
200003a4  PWMClock                
00002739  PWMGenConfigure         
000028ed  PWMGenEnable            
00002889  PWMGenPeriodSet         
00002855  PWMOutputState          
0000277b  PWMPulseWidthSet        
200003a8  Pitch                   
00002905  ResetISR                
200003ac  Roll                    
UNDEFED   SHT$$INIT_ARRAY$$Base   
UNDEFED   SHT$$INIT_ARRAY$$Limit  
0000114d  SysCtlClockGet          
00001449  SysCtlClockSet          
0000294b  SysCtlDelay             
000027e5  SysCtlPWMClockSet       
00002529  SysCtlPeripheralEnable  
20000512  TimeoutFlag             
0000032f  Timer0Configure         
00001e95  TimerConfigure          
00001f55  TimerControlTrigger     
000028c3  TimerEnable             
00002963  TimerIntClear           
0000293d  TimerIntEnable          
00002867  TimerLoadSet            
00002591  VectorAdd               
00001fad  VectorCrossProduct      
000026a3  VectorDotProduct        
000026c9  VectorScale             
200003b0  Yaw                     
20000508  _Errno                  
000016a5  _FAtan                  
00002623  _FDclass                
20000488  _FDenorm                
20000498  _FEps                   
200004a8  _FInf                   
200004b8  _FNan                   
200004d8  _FRteps                 
200004c8  _FSnan                  
200004e8  _FXbig                  
200004ec  _FZero                  
20000500  _Fenv                   
000025c5  _Feraise                
20000504  _Tls_setup__Fenv        
20000200  __STACK_END             
00000200  __STACK_SIZE            
20000200  __STACK_TOP             
00002c18  __TI_CINIT_Base         
00002c28  __TI_CINIT_Limit        
00002c00  __TI_Handler_Table_Base 
00002c0c  __TI_Handler_Table_Limit
00001bc9  __TI_auto_init          
200004f8  __TI_cleanup_ptr        
000028d1  __TI_decompress_none    
00002951  __TI_decompress_rle24   
200004fc  __TI_dtors_ptr          
00000000  __TI_static_base__      
000028f9  __TI_zero_init          
0000218f  __aeabi_d2f             
00000bcb  __aeabi_dadd            
00001259  __aeabi_dmul            
00000bc1  __aeabi_dsub            
000024bd  __aeabi_f2d             
00001983  __aeabi_memclr          
00001983  __aeabi_memclr4         
00001983  __aeabi_memclr8         
0000174d  __aeabi_memcpy          
0000174d  __aeabi_memcpy4         
0000174d  __aeabi_memcpy8         
00001985  __aeabi_memset          
00001985  __aeabi_memset4         
00001985  __aeabi_memset8         
ffffffff  __binit__               
ffffffff  __c_args__              
20000000  __stack                 
000027cd  _args_main              
000020a9  _c_int00                
200004f0  _lock                   
00002807  _nop                    
000027ff  _register_lock          
000027f9  _register_unlock        
00002967  _system_pre_init        
200004f4  _unlock                 
0000233d  abort                   
000015f1  asinf                   
00001035  atan2f                  
ffffffff  binit                   
000020f9  copy_in                 
200003b4  derivator               
200003b8  error                   
00002345  exit                    
0000255d  feraiseexcept           
00000000  g_pfnVectors            
200003bc  integrator              
00000639  main                    
2000050c  main_func_sp            
200003c0  maxInt                  
0000174d  memcpy                  
0000198b  memset                  
200003c4  minInt                  
200003c8  offset                  
0000040b  pidInit                 
00000457  pidSetPoint             
00000489  pidUpdate               
20000510  posicion                
000025f5  raise                   
200003d4  sample                  
200003cc  sample_float            
200003d0  setPoint                
00002401  signal                  
00002715  sqrtf                   


GLOBAL SYMBOLS: SORTED BY Symbol Address 

address   name                    
-------   ----                    
00000000  __TI_static_base__      
00000000  g_pfnVectors            
00000200  __STACK_SIZE            
0000026d  MPU9150Callback         
0000027f  IntHandlerI2C1          
00000289  IntHandlerTimer0A       
000002a5  I2C1Configure           
000002cb  ADC                     
00000317  IntHandlerADC0SS3       
0000032f  Timer0Configure         
00000373  MPU9150Configure        
000003b9  ConfiguracionPWM        
0000040b  pidInit                 
00000457  pidSetPoint             
00000489  pidUpdate               
00000639  main                    
00000931  CompDCMUpdate           
00000bc1  __aeabi_dsub            
00000bcb  __aeabi_dadd            
00000f05  GPIOPadConfigSet        
00001035  atan2f                  
0000114d  SysCtlClockGet          
00001259  __aeabi_dmul            
00001355  I2CMIntHandler          
00001449  SysCtlClockSet          
00001539  CompDCMStart            
000015f1  asinf                   
000016a5  _FAtan                  
0000174d  __aeabi_memcpy          
0000174d  __aeabi_memcpy4         
0000174d  __aeabi_memcpy8         
0000174d  memcpy                  
00001881  I2CMCommand             
00001909  ADCSequenceStepConfigure
00001983  __aeabi_memclr          
00001983  __aeabi_memclr4         
00001983  __aeabi_memclr8         
00001985  __aeabi_memset          
00001985  __aeabi_memset4         
00001985  __aeabi_memset8         
0000198b  memset                  
000019fd  MPU9150DataAccelGetFloat
00001a75  MPU9150DataGyroGetFloat 
00001aed  I2CMReadModifyWrite8    
00001b5d  MPU9150Init             
00001bc9  __TI_auto_init          
00001ca1  IntDisable              
00001d09  IntEnable               
00001d71  IntIsEnabled            
00001e35  MPU9150DataRead         
00001e95  TimerConfigure          
00001f55  TimerControlTrigger     
00001fad  VectorCrossProduct      
00002005  MPU9150ReadModifyWrite  
000020a9  _c_int00                
000020f9  copy_in                 
0000218f  __aeabi_d2f             
000021d9  GPIOPinConfigure        
00002269  I2CMasterInitExpClk     
000022b1  CompDCMInit             
00002339  C$$EXIT                 
0000233d  abort                   
00002345  exit                    
0000237d  CompDCMComputeEulers    
00002401  signal                  
00002441  ADCSequenceConfigure    
000024bd  __aeabi_f2d             
000024f5  I2CMInit                
00002529  SysCtlPeripheralEnable  
0000255d  feraiseexcept           
00002591  VectorAdd               
000025c5  _Feraise                
000025f5  raise                   
00002623  _FDclass                
0000264f  GPIODirModeSet          
000026a3  VectorDotProduct        
000026c9  VectorScale             
000026f1  IntPrioritySet          
00002715  sqrtf                   
00002739  PWMGenConfigure         
0000277b  PWMPulseWidthSet        
000027b3  GPIOPinTypeGPIOOutput   
000027cd  _args_main              
000027e5  SysCtlPWMClockSet       
000027f9  _register_unlock        
000027ff  _register_lock          
00002807  _nop                    
0000280d  GPIOPinTypeADC          
0000281f  GPIOPinTypeI2C          
00002831  GPIOPinTypeI2CSCL       
00002843  GPIOPinTypePWM          
00002855  PWMOutputState          
00002867  TimerLoadSet            
00002879  ADCIntEnable            
00002889  PWMGenPeriodSet         
00002899  ADCSequenceEnable       
000028a7  CompDCMAccelUpdate      
000028b5  CompDCMGyroUpdate       
000028c3  TimerEnable             
000028d1  __TI_decompress_none    
000028e1  IntTrigger              
000028ed  PWMGenEnable            
000028f9  __TI_zero_init          
00002905  ResetISR                
00002911  ADCIntClear             
0000291b  I2CMasterEnable         
00002925  I2CMasterIntClear       
0000292d  I2CMasterIntEnableEx    
00002935  I2CMasterSlaveAddrSet   
0000293d  TimerIntEnable          
00002945  GPIOPinWrite            
0000294b  SysCtlDelay             
00002951  __TI_decompress_rle24   
00002957  I2CMasterControl        
0000295b  I2CMasterDataGet        
0000295f  I2CMasterDataPut        
00002963  TimerIntClear           
00002967  _system_pre_init        
00002c00  __TI_Handler_Table_Base 
00002c0c  __TI_Handler_Table_Limit
00002c18  __TI_CINIT_Base         
00002c28  __TI_CINIT_Limit        
20000000  __stack                 
20000200  I2CInst                 
20000200  __STACK_END             
20000200  __STACK_TOP             
20000324  MPU9150Inst             
20000390  DutyC1                  
20000394  Kd                      
20000398  Ki                      
2000039c  Kp                      
200003a0  Load                    
200003a4  PWMClock                
200003a8  Pitch                   
200003ac  Roll                    
200003b0  Yaw                     
200003b4  derivator               
200003b8  error                   
200003bc  integrator              
200003c0  maxInt                  
200003c4  minInt                  
200003c8  offset                  
200003cc  sample_float            
200003d0  setPoint                
200003d4  sample                  
20000488  _FDenorm                
20000498  _FEps                   
200004a8  _FInf                   
200004b8  _FNan                   
200004c8  _FSnan                  
200004d8  _FRteps                 
200004e8  _FXbig                  
200004ec  _FZero                  
200004f0  _lock                   
200004f4  _unlock                 
200004f8  __TI_cleanup_ptr        
200004fc  __TI_dtors_ptr          
20000500  _Fenv                   
20000504  _Tls_setup__Fenv        
20000508  _Errno                  
2000050c  main_func_sp            
20000510  posicion                
20000511  MPU9150Done             
20000512  TimeoutFlag             
ffffffff  __binit__               
ffffffff  __c_args__              
ffffffff  binit                   
UNDEFED   SHT$$INIT_ARRAY$$Base   
UNDEFED   SHT$$INIT_ARRAY$$Limit  

[169 symbols]
