<?xml version="1.0"?>
<link_info>
   <banner>TI ARM Linker PC v5.2.2</banner>
   <copyright>Copyright (c) 1996-2015 Texas Instruments Incorporated</copyright>
   <link_time>0x5802dd5a</link_time>
   <link_errors>0x0</link_errors>
   <output_file>SistemasDeControl.out</output_file>
   <entry_point>
      <name>_c_int00</name>
      <address>0x20a9</address>
   </entry_point>
   <input_file_list>
      <input_file id="fl-2">
         <path>.\</path>
         <kind>object</kind>
         <file>main.obj</file>
         <name>main.obj</name>
      </input_file>
      <input_file id="fl-3">
         <path>.\</path>
         <kind>object</kind>
         <file>tm4c123gh6pm_startup_ccs.obj</file>
         <name>tm4c123gh6pm_startup_ccs.obj</name>
      </input_file>
      <input_file id="fl-a">
         <path>..\</path>
         <kind>archive</kind>
         <file>driverlib.lib</file>
         <name>adc.obj</name>
      </input_file>
      <input_file id="fl-b">
         <path>..\</path>
         <kind>archive</kind>
         <file>driverlib.lib</file>
         <name>gpio.obj</name>
      </input_file>
      <input_file id="fl-c">
         <path>..\</path>
         <kind>archive</kind>
         <file>driverlib.lib</file>
         <name>interrupt.obj</name>
      </input_file>
      <input_file id="fl-d">
         <path>..\</path>
         <kind>archive</kind>
         <file>driverlib.lib</file>
         <name>pwm.obj</name>
      </input_file>
      <input_file id="fl-e">
         <path>..\</path>
         <kind>archive</kind>
         <file>driverlib.lib</file>
         <name>sysctl.obj</name>
      </input_file>
      <input_file id="fl-f">
         <path>..\</path>
         <kind>archive</kind>
         <file>driverlib.lib</file>
         <name>timer.obj</name>
      </input_file>
      <input_file id="fl-10">
         <path>..\</path>
         <kind>archive</kind>
         <file>driverlib.lib</file>
         <name>cpu.obj</name>
      </input_file>
      <input_file id="fl-11">
         <path>..\</path>
         <kind>archive</kind>
         <file>sensorlib.lib</file>
         <name>comp_dcm.obj</name>
      </input_file>
      <input_file id="fl-12">
         <path>..\</path>
         <kind>archive</kind>
         <file>sensorlib.lib</file>
         <name>i2cm_drv.obj</name>
      </input_file>
      <input_file id="fl-13">
         <path>..\</path>
         <kind>archive</kind>
         <file>sensorlib.lib</file>
         <name>mpu9150.obj</name>
      </input_file>
      <input_file id="fl-14">
         <path>..\</path>
         <kind>archive</kind>
         <file>sensorlib.lib</file>
         <name>vector.obj</name>
      </input_file>
      <input_file id="fl-136">
         <path>C:\ti\ccsv6\tools\compiler\ti-cgt-arm_5.2.2\lib\</path>
         <kind>archive</kind>
         <file>rtsv7M4_T_le_v4SPD16_eabi.lib</file>
         <name>asinf.obj</name>
      </input_file>
      <input_file id="fl-137">
         <path>C:\ti\ccsv6\tools\compiler\ti-cgt-arm_5.2.2\lib\</path>
         <kind>archive</kind>
         <file>rtsv7M4_T_le_v4SPD16_eabi.lib</file>
         <name>atan2f.obj</name>
      </input_file>
      <input_file id="fl-138">
         <path>C:\ti\ccsv6\tools\compiler\ti-cgt-arm_5.2.2\lib\</path>
         <kind>archive</kind>
         <file>rtsv7M4_T_le_v4SPD16_eabi.lib</file>
         <name>boot.obj</name>
      </input_file>
      <input_file id="fl-139">
         <path>C:\ti\ccsv6\tools\compiler\ti-cgt-arm_5.2.2\lib\</path>
         <kind>archive</kind>
         <file>rtsv7M4_T_le_v4SPD16_eabi.lib</file>
         <name>copy_decompress_none.obj</name>
      </input_file>
      <input_file id="fl-13a">
         <path>C:\ti\ccsv6\tools\compiler\ti-cgt-arm_5.2.2\lib\</path>
         <kind>archive</kind>
         <file>rtsv7M4_T_le_v4SPD16_eabi.lib</file>
         <name>copy_decompress_rle.obj</name>
      </input_file>
      <input_file id="fl-13b">
         <path>C:\ti\ccsv6\tools\compiler\ti-cgt-arm_5.2.2\lib\</path>
         <kind>archive</kind>
         <file>rtsv7M4_T_le_v4SPD16_eabi.lib</file>
         <name>copy_zero_init.obj</name>
      </input_file>
      <input_file id="fl-13c">
         <path>C:\ti\ccsv6\tools\compiler\ti-cgt-arm_5.2.2\lib\</path>
         <kind>archive</kind>
         <file>rtsv7M4_T_le_v4SPD16_eabi.lib</file>
         <name>exit.obj</name>
      </input_file>
      <input_file id="fl-13d">
         <path>C:\ti\ccsv6\tools\compiler\ti-cgt-arm_5.2.2\lib\</path>
         <kind>archive</kind>
         <file>rtsv7M4_T_le_v4SPD16_eabi.lib</file>
         <name>fd_add_t2.obj</name>
      </input_file>
      <input_file id="fl-13e">
         <path>C:\ti\ccsv6\tools\compiler\ti-cgt-arm_5.2.2\lib\</path>
         <kind>archive</kind>
         <file>rtsv7M4_T_le_v4SPD16_eabi.lib</file>
         <name>fd_mul_t2.obj</name>
      </input_file>
      <input_file id="fl-13f">
         <path>C:\ti\ccsv6\tools\compiler\ti-cgt-arm_5.2.2\lib\</path>
         <kind>archive</kind>
         <file>rtsv7M4_T_le_v4SPD16_eabi.lib</file>
         <name>fd_tos_t2.obj</name>
      </input_file>
      <input_file id="fl-140">
         <path>C:\ti\ccsv6\tools\compiler\ti-cgt-arm_5.2.2\lib\</path>
         <kind>archive</kind>
         <file>rtsv7M4_T_le_v4SPD16_eabi.lib</file>
         <name>fs_tod_t2.obj</name>
      </input_file>
      <input_file id="fl-141">
         <path>C:\ti\ccsv6\tools\compiler\ti-cgt-arm_5.2.2\lib\</path>
         <kind>archive</kind>
         <file>rtsv7M4_T_le_v4SPD16_eabi.lib</file>
         <name>memcpy_t2.obj</name>
      </input_file>
      <input_file id="fl-142">
         <path>C:\ti\ccsv6\tools\compiler\ti-cgt-arm_5.2.2\lib\</path>
         <kind>archive</kind>
         <file>rtsv7M4_T_le_v4SPD16_eabi.lib</file>
         <name>memset_t2.obj</name>
      </input_file>
      <input_file id="fl-143">
         <path>C:\ti\ccsv6\tools\compiler\ti-cgt-arm_5.2.2\lib\</path>
         <kind>archive</kind>
         <file>rtsv7M4_T_le_v4SPD16_eabi.lib</file>
         <name>pre_init.obj</name>
      </input_file>
      <input_file id="fl-144">
         <path>C:\ti\ccsv6\tools\compiler\ti-cgt-arm_5.2.2\lib\</path>
         <kind>archive</kind>
         <file>rtsv7M4_T_le_v4SPD16_eabi.lib</file>
         <name>sqrtf.obj</name>
      </input_file>
      <input_file id="fl-145">
         <path>C:\ti\ccsv6\tools\compiler\ti-cgt-arm_5.2.2\lib\</path>
         <kind>archive</kind>
         <file>rtsv7M4_T_le_v4SPD16_eabi.lib</file>
         <name>stkdepth_vars.obj</name>
      </input_file>
      <input_file id="fl-146">
         <path>C:\ti\ccsv6\tools\compiler\ti-cgt-arm_5.2.2\lib\</path>
         <kind>archive</kind>
         <file>rtsv7M4_T_le_v4SPD16_eabi.lib</file>
         <name>xfatan.obj</name>
      </input_file>
      <input_file id="fl-147">
         <path>C:\ti\ccsv6\tools\compiler\ti-cgt-arm_5.2.2\lib\</path>
         <kind>archive</kind>
         <file>rtsv7M4_T_le_v4SPD16_eabi.lib</file>
         <name>xfdclass.obj</name>
      </input_file>
      <input_file id="fl-148">
         <path>C:\ti\ccsv6\tools\compiler\ti-cgt-arm_5.2.2\lib\</path>
         <kind>archive</kind>
         <file>rtsv7M4_T_le_v4SPD16_eabi.lib</file>
         <name>xferaise.obj</name>
      </input_file>
      <input_file id="fl-149">
         <path>C:\ti\ccsv6\tools\compiler\ti-cgt-arm_5.2.2\lib\</path>
         <kind>archive</kind>
         <file>rtsv7M4_T_le_v4SPD16_eabi.lib</file>
         <name>xfvalues.obj</name>
      </input_file>
      <input_file id="fl-14a">
         <path>C:\ti\ccsv6\tools\compiler\ti-cgt-arm_5.2.2\lib\</path>
         <kind>archive</kind>
         <file>rtsv7M4_T_le_v4SPD16_eabi.lib</file>
         <name>_lock.obj</name>
      </input_file>
      <input_file id="fl-14b">
         <path>C:\ti\ccsv6\tools\compiler\ti-cgt-arm_5.2.2\lib\</path>
         <kind>archive</kind>
         <file>rtsv7M4_T_le_v4SPD16_eabi.lib</file>
         <name>args_main.obj</name>
      </input_file>
      <input_file id="fl-14c">
         <path>C:\ti\ccsv6\tools\compiler\ti-cgt-arm_5.2.2\lib\</path>
         <kind>archive</kind>
         <file>rtsv7M4_T_le_v4SPD16_eabi.lib</file>
         <name>autoinit.obj</name>
      </input_file>
      <input_file id="fl-14d">
         <path>C:\ti\ccsv6\tools\compiler\ti-cgt-arm_5.2.2\lib\</path>
         <kind>archive</kind>
         <file>rtsv7M4_T_le_v4SPD16_eabi.lib</file>
         <name>cpy_tbl.obj</name>
      </input_file>
      <input_file id="fl-14e">
         <path>C:\ti\ccsv6\tools\compiler\ti-cgt-arm_5.2.2\lib\</path>
         <kind>archive</kind>
         <file>rtsv7M4_T_le_v4SPD16_eabi.lib</file>
         <name>errno.obj</name>
      </input_file>
      <input_file id="fl-14f">
         <path>C:\ti\ccsv6\tools\compiler\ti-cgt-arm_5.2.2\lib\</path>
         <kind>archive</kind>
         <file>rtsv7M4_T_le_v4SPD16_eabi.lib</file>
         <name>feraiseexcept.obj</name>
      </input_file>
      <input_file id="fl-150">
         <path>C:\ti\ccsv6\tools\compiler\ti-cgt-arm_5.2.2\lib\</path>
         <kind>archive</kind>
         <file>rtsv7M4_T_le_v4SPD16_eabi.lib</file>
         <name>raise.obj</name>
      </input_file>
      <input_file id="fl-151">
         <path>C:\ti\ccsv6\tools\compiler\ti-cgt-arm_5.2.2\lib\</path>
         <kind>archive</kind>
         <file>rtsv7M4_T_le_v4SPD16_eabi.lib</file>
         <name>signal.obj</name>
      </input_file>
      <input_file id="fl-152">
         <path>..\</path>
         <kind>archive</kind>
         <file>driverlib.lib</file>
         <name>i2c.obj</name>
      </input_file>
   </input_file_list>
   <object_component_list>
      <object_component id="oc-f">
         <name>.intvecs</name>
         <load_address>0x0</load_address>
         <run_address>0x0</run_address>
         <size>0x26c</size>
         <input_file_ref idref="fl-3"/>
      </object_component>
      <object_component id="oc-30">
         <name>.text</name>
         <load_address>0x26c</load_address>
         <run_address>0x26c</run_address>
         <size>0x6c4</size>
         <input_file_ref idref="fl-2"/>
      </object_component>
      <object_component id="oc-183">
         <name>.text:CompDCMUpdate</name>
         <load_address>0x930</load_address>
         <run_address>0x930</run_address>
         <size>0x290</size>
         <input_file_ref idref="fl-11"/>
      </object_component>
      <object_component id="oc-2cd">
         <name>.text</name>
         <load_address>0xbc0</load_address>
         <run_address>0xbc0</run_address>
         <size>0x1b6</size>
         <input_file_ref idref="fl-13d"/>
      </object_component>
      <object_component id="oc-23b">
         <name>.text:MPU9150Callback</name>
         <load_address>0xd78</load_address>
         <run_address>0xd78</run_address>
         <size>0x18c</size>
         <input_file_ref idref="fl-13"/>
      </object_component>
      <object_component id="oc-261">
         <name>.text:GPIOPadConfigSet</name>
         <load_address>0xf04</load_address>
         <run_address>0xf04</run_address>
         <size>0x130</size>
         <input_file_ref idref="fl-b"/>
      </object_component>
      <object_component id="oc-2d9">
         <name>.text</name>
         <load_address>0x1034</load_address>
         <run_address>0x1034</run_address>
         <size>0x118</size>
         <input_file_ref idref="fl-137"/>
      </object_component>
      <object_component id="oc-f3">
         <name>.text:SysCtlClockGet</name>
         <load_address>0x114c</load_address>
         <run_address>0x114c</run_address>
         <size>0x10c</size>
         <input_file_ref idref="fl-e"/>
      </object_component>
      <object_component id="oc-194">
         <name>.text</name>
         <load_address>0x1258</load_address>
         <run_address>0x1258</run_address>
         <size>0xfc</size>
         <input_file_ref idref="fl-13e"/>
      </object_component>
      <object_component id="oc-7b">
         <name>.text:I2CMIntHandler</name>
         <load_address>0x1354</load_address>
         <run_address>0x1354</run_address>
         <size>0xf2</size>
         <input_file_ref idref="fl-12"/>
      </object_component>
      <object_component id="oc-12e">
         <name>.text:SysCtlClockSet</name>
         <load_address>0x1448</load_address>
         <run_address>0x1448</run_address>
         <size>0xf0</size>
         <input_file_ref idref="fl-e"/>
      </object_component>
      <object_component id="oc-171">
         <name>.text:CompDCMStart</name>
         <load_address>0x1538</load_address>
         <run_address>0x1538</run_address>
         <size>0xb8</size>
         <input_file_ref idref="fl-11"/>
      </object_component>
      <object_component id="oc-2df">
         <name>.text</name>
         <load_address>0x15f0</load_address>
         <run_address>0x15f0</run_address>
         <size>0xb4</size>
         <input_file_ref idref="fl-136"/>
      </object_component>
      <object_component id="oc-387">
         <name>.text</name>
         <load_address>0x16a4</load_address>
         <run_address>0x16a4</run_address>
         <size>0xa8</size>
         <input_file_ref idref="fl-146"/>
      </object_component>
      <object_component id="oc-39">
         <name>.text</name>
         <load_address>0x174c</load_address>
         <run_address>0x174c</run_address>
         <size>0x9c</size>
         <input_file_ref idref="fl-141"/>
      </object_component>
      <object_component id="oc-22b">
         <name>.text:I2CMStateIdle</name>
         <load_address>0x17e8</load_address>
         <run_address>0x17e8</run_address>
         <size>0x98</size>
         <input_file_ref idref="fl-12"/>
      </object_component>
      <object_component id="oc-235">
         <name>.text:I2CMCommand</name>
         <load_address>0x1880</load_address>
         <run_address>0x1880</run_address>
         <size>0x88</size>
         <input_file_ref idref="fl-12"/>
      </object_component>
      <object_component id="oc-b1">
         <name>.text:ADCSequenceStepConfigure</name>
         <load_address>0x1908</load_address>
         <run_address>0x1908</run_address>
         <size>0x7a</size>
         <input_file_ref idref="fl-a"/>
      </object_component>
      <object_component id="oc-52">
         <name>.text</name>
         <load_address>0x1982</load_address>
         <run_address>0x1982</run_address>
         <size>0x7a</size>
         <input_file_ref idref="fl-142"/>
      </object_component>
      <object_component id="oc-165">
         <name>.text:MPU9150DataAccelGetFloat</name>
         <load_address>0x19fc</load_address>
         <run_address>0x19fc</run_address>
         <size>0x78</size>
         <input_file_ref idref="fl-13"/>
      </object_component>
      <object_component id="oc-177">
         <name>.text:MPU9150DataGyroGetFloat</name>
         <load_address>0x1a74</load_address>
         <run_address>0x1a74</run_address>
         <size>0x78</size>
         <input_file_ref idref="fl-13"/>
      </object_component>
      <object_component id="oc-276">
         <name>.text:I2CMReadModifyWrite8</name>
         <load_address>0x1aec</load_address>
         <run_address>0x1aec</run_address>
         <size>0x70</size>
         <input_file_ref idref="fl-12"/>
      </object_component>
      <object_component id="oc-e7">
         <name>.text:MPU9150Init</name>
         <load_address>0x1b5c</load_address>
         <run_address>0x1b5c</run_address>
         <size>0x6c</size>
         <input_file_ref idref="fl-13"/>
      </object_component>
      <object_component id="oc-64">
         <name>.text</name>
         <load_address>0x1bc8</load_address>
         <run_address>0x1bc8</run_address>
         <size>0x6c</size>
         <input_file_ref idref="fl-14c"/>
      </object_component>
      <object_component id="oc-45">
         <name>.text</name>
         <load_address>0x1c34</load_address>
         <run_address>0x1c34</run_address>
         <size>0x6a</size>
         <input_file_ref idref="fl-13a"/>
      </object_component>
      <object_component id="oc-336">
         <name>.text:IntDisable</name>
         <load_address>0x1ca0</load_address>
         <run_address>0x1ca0</run_address>
         <size>0x68</size>
         <input_file_ref idref="fl-c"/>
      </object_component>
      <object_component id="oc-8d">
         <name>.text:IntEnable</name>
         <load_address>0x1d08</load_address>
         <run_address>0x1d08</run_address>
         <size>0x68</size>
         <input_file_ref idref="fl-c"/>
      </object_component>
      <object_component id="oc-330">
         <name>.text:IntIsEnabled</name>
         <load_address>0x1d70</load_address>
         <run_address>0x1d70</run_address>
         <size>0x64</size>
         <input_file_ref idref="fl-c"/>
      </object_component>
      <object_component id="oc-366">
         <name>.text:I2CMReadModifyWrite8Callback</name>
         <load_address>0x1dd4</load_address>
         <run_address>0x1dd4</run_address>
         <size>0x60</size>
         <input_file_ref idref="fl-12"/>
      </object_component>
      <object_component id="oc-87">
         <name>.text:MPU9150DataRead</name>
         <load_address>0x1e34</load_address>
         <run_address>0x1e34</run_address>
         <size>0x60</size>
         <input_file_ref idref="fl-13"/>
      </object_component>
      <object_component id="oc-c9">
         <name>.text:TimerConfigure</name>
         <load_address>0x1e94</load_address>
         <run_address>0x1e94</run_address>
         <size>0x60</size>
         <input_file_ref idref="fl-f"/>
      </object_component>
      <object_component id="oc-219">
         <name>.text:I2CMStateWritePause</name>
         <load_address>0x1ef4</load_address>
         <run_address>0x1ef4</run_address>
         <size>0x5e</size>
         <input_file_ref idref="fl-12"/>
      </object_component>
      <object_component id="oc-d5">
         <name>.text:TimerControlTrigger</name>
         <load_address>0x1f54</load_address>
         <run_address>0x1f54</run_address>
         <size>0x58</size>
         <input_file_ref idref="fl-f"/>
      </object_component>
      <object_component id="oc-2ac">
         <name>.text:VectorCrossProduct</name>
         <load_address>0x1fac</load_address>
         <run_address>0x1fac</run_address>
         <size>0x56</size>
         <input_file_ref idref="fl-14"/>
      </object_component>
      <object_component id="oc-ed">
         <name>.text:MPU9150ReadModifyWrite</name>
         <load_address>0x2004</load_address>
         <run_address>0x2004</run_address>
         <size>0x54</size>
         <input_file_ref idref="fl-13"/>
      </object_component>
      <object_component id="oc-21f">
         <name>.text:I2CMStateWriteFinal</name>
         <load_address>0x2058</load_address>
         <run_address>0x2058</run_address>
         <size>0x50</size>
         <input_file_ref idref="fl-12"/>
      </object_component>
      <object_component id="oc-24">
         <name>.text</name>
         <load_address>0x20a8</load_address>
         <run_address>0x20a8</run_address>
         <size>0x50</size>
         <input_file_ref idref="fl-138"/>
      </object_component>
      <object_component id="oc-1ce">
         <name>.text</name>
         <load_address>0x20f8</load_address>
         <run_address>0x20f8</run_address>
         <size>0x4c</size>
         <input_file_ref idref="fl-14d"/>
      </object_component>
      <object_component id="oc-207">
         <name>.text:I2CMStateReadNext</name>
         <load_address>0x2144</load_address>
         <run_address>0x2144</run_address>
         <size>0x4a</size>
         <input_file_ref idref="fl-12"/>
      </object_component>
      <object_component id="oc-199">
         <name>.text</name>
         <load_address>0x218e</load_address>
         <run_address>0x218e</run_address>
         <size>0x4a</size>
         <input_file_ref idref="fl-13f"/>
      </object_component>
      <object_component id="oc-134">
         <name>.text:GPIOPinConfigure</name>
         <load_address>0x21d8</load_address>
         <run_address>0x21d8</run_address>
         <size>0x48</size>
         <input_file_ref idref="fl-b"/>
      </object_component>
      <object_component id="oc-225">
         <name>.text:I2CMStateWriteNext</name>
         <load_address>0x2220</load_address>
         <run_address>0x2220</run_address>
         <size>0x48</size>
         <input_file_ref idref="fl-12"/>
      </object_component>
      <object_component id="oc-24c">
         <name>.text:I2CMasterInitExpClk</name>
         <load_address>0x2268</load_address>
         <run_address>0x2268</run_address>
         <size>0x48</size>
         <input_file_ref idref="fl-152"/>
      </object_component>
      <object_component id="oc-15f">
         <name>.text:CompDCMInit</name>
         <load_address>0x22b0</load_address>
         <run_address>0x22b0</run_address>
         <size>0x44</size>
         <input_file_ref idref="fl-11"/>
      </object_component>
      <object_component id="oc-1ef">
         <name>.text:I2CMStateCallback</name>
         <load_address>0x22f4</load_address>
         <run_address>0x22f4</run_address>
         <size>0x44</size>
         <input_file_ref idref="fl-12"/>
      </object_component>
      <object_component id="oc-70">
         <name>.text</name>
         <load_address>0x2338</load_address>
         <run_address>0x2338</run_address>
         <size>0x44</size>
         <input_file_ref idref="fl-13c"/>
      </object_component>
      <object_component id="oc-189">
         <name>.text:CompDCMComputeEulers</name>
         <load_address>0x237c</load_address>
         <run_address>0x237c</run_address>
         <size>0x42</size>
         <input_file_ref idref="fl-11"/>
      </object_component>
      <object_component id="oc-201">
         <name>.text:I2CMStateReadFinal</name>
         <load_address>0x23be</load_address>
         <run_address>0x23be</run_address>
         <size>0x40</size>
         <input_file_ref idref="fl-12"/>
      </object_component>
      <object_component id="oc-3d7">
         <name>.text</name>
         <load_address>0x2400</load_address>
         <run_address>0x2400</run_address>
         <size>0x40</size>
         <input_file_ref idref="fl-151"/>
      </object_component>
      <object_component id="oc-ab">
         <name>.text:ADCSequenceConfigure</name>
         <load_address>0x2440</load_address>
         <run_address>0x2440</run_address>
         <size>0x3e</size>
         <input_file_ref idref="fl-a"/>
      </object_component>
      <object_component id="oc-1fb">
         <name>.text:I2CMStateReadPause</name>
         <load_address>0x247e</load_address>
         <run_address>0x247e</run_address>
         <size>0x3e</size>
         <input_file_ref idref="fl-12"/>
      </object_component>
      <object_component id="oc-18f">
         <name>.text</name>
         <load_address>0x24bc</load_address>
         <run_address>0x24bc</run_address>
         <size>0x38</size>
         <input_file_ref idref="fl-140"/>
      </object_component>
      <object_component id="oc-99">
         <name>.text:I2CMInit</name>
         <load_address>0x24f4</load_address>
         <run_address>0x24f4</run_address>
         <size>0x34</size>
         <input_file_ref idref="fl-12"/>
      </object_component>
      <object_component id="oc-9f">
         <name>.text:SysCtlPeripheralEnable</name>
         <load_address>0x2528</load_address>
         <run_address>0x2528</run_address>
         <size>0x34</size>
         <input_file_ref idref="fl-e"/>
      </object_component>
      <object_component id="oc-3aa">
         <name>.text</name>
         <load_address>0x255c</load_address>
         <run_address>0x255c</run_address>
         <size>0x34</size>
         <input_file_ref idref="fl-14f"/>
      </object_component>
      <object_component id="oc-2c7">
         <name>.text:VectorAdd</name>
         <load_address>0x2590</load_address>
         <run_address>0x2590</run_address>
         <size>0x32</size>
         <input_file_ref idref="fl-14"/>
      </object_component>
      <object_component id="oc-37a">
         <name>.text</name>
         <load_address>0x25c4</load_address>
         <run_address>0x25c4</run_address>
         <size>0x30</size>
         <input_file_ref idref="fl-148"/>
      </object_component>
      <object_component id="oc-3c7">
         <name>.text</name>
         <load_address>0x25f4</load_address>
         <run_address>0x25f4</run_address>
         <size>0x2e</size>
         <input_file_ref idref="fl-150"/>
      </object_component>
      <object_component id="oc-2d2">
         <name>.text</name>
         <load_address>0x2622</load_address>
         <run_address>0x2622</run_address>
         <size>0x2c</size>
         <input_file_ref idref="fl-147"/>
      </object_component>
      <object_component id="oc-25b">
         <name>.text:GPIODirModeSet</name>
         <load_address>0x264e</load_address>
         <run_address>0x264e</run_address>
         <size>0x2a</size>
         <input_file_ref idref="fl-b"/>
      </object_component>
      <object_component id="oc-20d">
         <name>.text:I2CMStateReadFirst</name>
         <load_address>0x2678</load_address>
         <run_address>0x2678</run_address>
         <size>0x2a</size>
         <input_file_ref idref="fl-12"/>
      </object_component>
      <object_component id="oc-2b2">
         <name>.text:VectorDotProduct</name>
         <load_address>0x26a2</load_address>
         <run_address>0x26a2</run_address>
         <size>0x26</size>
         <input_file_ref idref="fl-14"/>
      </object_component>
      <object_component id="oc-2be">
         <name>.text:VectorScale</name>
         <load_address>0x26c8</load_address>
         <run_address>0x26c8</run_address>
         <size>0x26</size>
         <input_file_ref idref="fl-14"/>
      </object_component>
      <object_component id="oc-93">
         <name>.text:IntPrioritySet</name>
         <load_address>0x26f0</load_address>
         <run_address>0x26f0</run_address>
         <size>0x24</size>
         <input_file_ref idref="fl-c"/>
      </object_component>
      <object_component id="oc-2b8">
         <name>.text</name>
         <load_address>0x2714</load_address>
         <run_address>0x2714</run_address>
         <size>0x24</size>
         <input_file_ref idref="fl-144"/>
      </object_component>
      <object_component id="oc-f9">
         <name>.text:PWMGenConfigure</name>
         <load_address>0x2738</load_address>
         <run_address>0x2738</run_address>
         <size>0x22</size>
         <input_file_ref idref="fl-d"/>
      </object_component>
      <object_component id="oc-213">
         <name>.text:I2CMStateReadOne</name>
         <load_address>0x275a</load_address>
         <run_address>0x275a</run_address>
         <size>0x20</size>
         <input_file_ref idref="fl-12"/>
      </object_component>
      <object_component id="oc-158">
         <name>.text:PWMPulseWidthSet</name>
         <load_address>0x277a</load_address>
         <run_address>0x277a</run_address>
         <size>0x1e</size>
         <input_file_ref idref="fl-d"/>
      </object_component>
      <object_component id="oc-1f5">
         <name>.text:I2CMStateReadWait</name>
         <load_address>0x2798</load_address>
         <run_address>0x2798</run_address>
         <size>0x1a</size>
         <input_file_ref idref="fl-12"/>
      </object_component>
      <object_component id="oc-152">
         <name>.text:GPIOPinTypeGPIOOutput</name>
         <load_address>0x27b2</load_address>
         <run_address>0x27b2</run_address>
         <size>0x18</size>
         <input_file_ref idref="fl-b"/>
      </object_component>
      <object_component id="oc-6a">
         <name>.text</name>
         <load_address>0x27cc</load_address>
         <run_address>0x27cc</run_address>
         <size>0x18</size>
         <input_file_ref idref="fl-14b"/>
      </object_component>
      <object_component id="oc-146">
         <name>.text:SysCtlPWMClockSet</name>
         <load_address>0x27e4</load_address>
         <run_address>0x27e4</run_address>
         <size>0x14</size>
         <input_file_ref idref="fl-e"/>
      </object_component>
      <object_component id="oc-2fe">
         <name>.text</name>
         <load_address>0x27f8</load_address>
         <run_address>0x27f8</run_address>
         <size>0x14</size>
         <input_file_ref idref="fl-14a"/>
      </object_component>
      <object_component id="oc-a5">
         <name>.text:GPIOPinTypeADC</name>
         <load_address>0x280c</load_address>
         <run_address>0x280c</run_address>
         <size>0x12</size>
         <input_file_ref idref="fl-b"/>
      </object_component>
      <object_component id="oc-13a">
         <name>.text:GPIOPinTypeI2C</name>
         <load_address>0x281e</load_address>
         <run_address>0x281e</run_address>
         <size>0x12</size>
         <input_file_ref idref="fl-b"/>
      </object_component>
      <object_component id="oc-140">
         <name>.text:GPIOPinTypeI2CSCL</name>
         <load_address>0x2830</load_address>
         <run_address>0x2830</run_address>
         <size>0x12</size>
         <input_file_ref idref="fl-b"/>
      </object_component>
      <object_component id="oc-14c">
         <name>.text:GPIOPinTypePWM</name>
         <load_address>0x2842</load_address>
         <run_address>0x2842</run_address>
         <size>0x12</size>
         <input_file_ref idref="fl-b"/>
      </object_component>
      <object_component id="oc-105">
         <name>.text:PWMOutputState</name>
         <load_address>0x2854</load_address>
         <run_address>0x2854</run_address>
         <size>0x12</size>
         <input_file_ref idref="fl-d"/>
      </object_component>
      <object_component id="oc-cf">
         <name>.text:TimerLoadSet</name>
         <load_address>0x2866</load_address>
         <run_address>0x2866</run_address>
         <size>0x12</size>
         <input_file_ref idref="fl-f"/>
      </object_component>
      <object_component id="oc-b7">
         <name>.text:ADCIntEnable</name>
         <load_address>0x2878</load_address>
         <run_address>0x2878</run_address>
         <size>0x10</size>
         <input_file_ref idref="fl-a"/>
      </object_component>
      <object_component id="oc-ff">
         <name>.text:PWMGenPeriodSet</name>
         <load_address>0x2888</load_address>
         <run_address>0x2888</run_address>
         <size>0x10</size>
         <input_file_ref idref="fl-d"/>
      </object_component>
      <object_component id="oc-bd">
         <name>.text:ADCSequenceEnable</name>
         <load_address>0x2898</load_address>
         <run_address>0x2898</run_address>
         <size>0xe</size>
         <input_file_ref idref="fl-a"/>
      </object_component>
      <object_component id="oc-16b">
         <name>.text:CompDCMAccelUpdate</name>
         <load_address>0x28a6</load_address>
         <run_address>0x28a6</run_address>
         <size>0xe</size>
         <input_file_ref idref="fl-11"/>
      </object_component>
      <object_component id="oc-17d">
         <name>.text:CompDCMGyroUpdate</name>
         <load_address>0x28b4</load_address>
         <run_address>0x28b4</run_address>
         <size>0xe</size>
         <input_file_ref idref="fl-11"/>
      </object_component>
      <object_component id="oc-db">
         <name>.text:TimerEnable</name>
         <load_address>0x28c2</load_address>
         <run_address>0x28c2</run_address>
         <size>0xe</size>
         <input_file_ref idref="fl-f"/>
      </object_component>
      <object_component id="oc-12">
         <name>.text:decompress:none</name>
         <load_address>0x28d0</load_address>
         <run_address>0x28d0</run_address>
         <size>0xe</size>
         <input_file_ref idref="fl-139"/>
      </object_component>
      <object_component id="oc-33c">
         <name>.text:IntTrigger</name>
         <load_address>0x28e0</load_address>
         <run_address>0x28e0</run_address>
         <size>0xc</size>
         <input_file_ref idref="fl-c"/>
      </object_component>
      <object_component id="oc-10b">
         <name>.text:PWMGenEnable</name>
         <load_address>0x28ec</load_address>
         <run_address>0x28ec</run_address>
         <size>0xc</size>
         <input_file_ref idref="fl-d"/>
      </object_component>
      <object_component id="oc-1e">
         <name>.text:decompress:ZI</name>
         <load_address>0x28f8</load_address>
         <run_address>0x28f8</run_address>
         <size>0xc</size>
         <input_file_ref idref="fl-13b"/>
      </object_component>
      <object_component id="oc-2a">
         <name>.text</name>
         <load_address>0x2904</load_address>
         <run_address>0x2904</run_address>
         <size>0xc</size>
         <input_file_ref idref="fl-3"/>
      </object_component>
      <object_component id="oc-c3">
         <name>.text:ADCIntClear</name>
         <load_address>0x2910</load_address>
         <run_address>0x2910</run_address>
         <size>0xa</size>
         <input_file_ref idref="fl-a"/>
      </object_component>
      <object_component id="oc-351">
         <name>.text:I2CMasterEnable</name>
         <load_address>0x291a</load_address>
         <run_address>0x291a</run_address>
         <size>0xa</size>
         <input_file_ref idref="fl-152"/>
      </object_component>
      <object_component id="oc-1e3">
         <name>.text:I2CMasterIntClear</name>
         <load_address>0x2924</load_address>
         <run_address>0x2924</run_address>
         <size>0x8</size>
         <input_file_ref idref="fl-152"/>
      </object_component>
      <object_component id="oc-252">
         <name>.text:I2CMasterIntEnableEx</name>
         <load_address>0x292c</load_address>
         <run_address>0x292c</run_address>
         <size>0x8</size>
         <input_file_ref idref="fl-152"/>
      </object_component>
      <object_component id="oc-31a">
         <name>.text:I2CMasterSlaveAddrSet</name>
         <load_address>0x2934</load_address>
         <run_address>0x2934</run_address>
         <size>0x8</size>
         <input_file_ref idref="fl-152"/>
      </object_component>
      <object_component id="oc-e1">
         <name>.text:TimerIntEnable</name>
         <load_address>0x293c</load_address>
         <run_address>0x293c</run_address>
         <size>0x8</size>
         <input_file_ref idref="fl-f"/>
      </object_component>
      <object_component id="oc-11a">
         <name>.text:GPIOPinWrite</name>
         <load_address>0x2944</load_address>
         <run_address>0x2944</run_address>
         <size>0x6</size>
         <input_file_ref idref="fl-b"/>
      </object_component>
      <object_component id="oc-299">
         <name>.text:SysCtlDelay</name>
         <load_address>0x294a</load_address>
         <run_address>0x294a</run_address>
         <size>0x6</size>
         <input_file_ref idref="fl-e"/>
      </object_component>
      <object_component id="oc-18">
         <name>.text:decompress:rle24</name>
         <load_address>0x2950</load_address>
         <run_address>0x2950</run_address>
         <size>0x6</size>
         <input_file_ref idref="fl-13a"/>
      </object_component>
      <object_component id="oc-1e9">
         <name>.text:I2CMasterControl</name>
         <load_address>0x2956</load_address>
         <run_address>0x2956</run_address>
         <size>0x4</size>
         <input_file_ref idref="fl-152"/>
      </object_component>
      <object_component id="oc-310">
         <name>.text:I2CMasterDataGet</name>
         <load_address>0x295a</load_address>
         <run_address>0x295a</run_address>
         <size>0x4</size>
         <input_file_ref idref="fl-152"/>
      </object_component>
      <object_component id="oc-322">
         <name>.text:I2CMasterDataPut</name>
         <load_address>0x295e</load_address>
         <run_address>0x295e</run_address>
         <size>0x4</size>
         <input_file_ref idref="fl-152"/>
      </object_component>
      <object_component id="oc-81">
         <name>.text:TimerIntClear</name>
         <load_address>0x2962</load_address>
         <run_address>0x2962</run_address>
         <size>0x4</size>
         <input_file_ref idref="fl-f"/>
      </object_component>
      <object_component id="oc-5e">
         <name>.text</name>
         <load_address>0x2966</load_address>
         <run_address>0x2966</run_address>
         <size>0x4</size>
         <input_file_ref idref="fl-143"/>
      </object_component>
      <object_component id="oc-248">
         <name>.const:g_pui32Regs</name>
         <load_address>0x296c</load_address>
         <run_address>0x296c</run_address>
         <size>0x9c</size>
         <input_file_ref idref="fl-c"/>
      </object_component>
      <object_component id="oc-29b">
         <name>.const:g_pui32GPIOBaseAddrs</name>
         <load_address>0x2a08</load_address>
         <run_address>0x2a08</run_address>
         <size>0x90</size>
         <input_file_ref idref="fl-b"/>
      </object_component>
      <object_component id="oc-243">
         <name>.const</name>
         <load_address>0x2a98</load_address>
         <run_address>0x2a98</run_address>
         <size>0x70</size>
         <input_file_ref idref="fl-c"/>
      </object_component>
      <object_component id="oc-27d">
         <name>.const:g_pui32Xtals</name>
         <load_address>0x2b08</load_address>
         <run_address>0x2b08</run_address>
         <size>0x6c</size>
         <input_file_ref idref="fl-e"/>
      </object_component>
      <object_component id="oc-3b8">
         <name>.const</name>
         <load_address>0x2b74</load_address>
         <run_address>0x2b74</run_address>
         <size>0x34</size>
         <input_file_ref idref="fl-146"/>
      </object_component>
      <object_component id="oc-2a7">
         <name>.const</name>
         <load_address>0x2ba8</load_address>
         <run_address>0x2ba8</run_address>
         <size>0x20</size>
         <input_file_ref idref="fl-13"/>
      </object_component>
      <object_component id="oc-41f">
         <name>.cinit..data.load</name>
         <load_address>0x2bc8</load_address>
         <run_address>0x2bc8</run_address>
         <size>0x38</size>
      </object_component>
      <object_component id="oc-41d">
         <name>__TI_handler_table</name>
         <load_address>0x2c00</load_address>
         <run_address>0x2c00</run_address>
         <size>0xc</size>
      </object_component>
      <object_component id="oc-420">
         <name>.cinit..bss.load</name>
         <load_address>0x2c10</load_address>
         <run_address>0x2c10</run_address>
         <size>0x8</size>
      </object_component>
      <object_component id="oc-41e">
         <name>__TI_cinit_table</name>
         <load_address>0x2c18</load_address>
         <run_address>0x2c18</run_address>
         <size>0x10</size>
      </object_component>
      <object_component id="oc-29">
         <name>.stack</name>
         <uninitialized>true</uninitialized>
         <run_address>0x20000000</run_address>
         <size>0x0</size>
         <input_file_ref idref="fl-138"/>
      </object_component>
      <object_component id="oc-421">
         <name>.stack</name>
         <uninitialized>true</uninitialized>
         <run_address>0x20000000</run_address>
         <size>0x0</size>
      </object_component>
      <object_component id="oc-114">
         <name>.bss:I2CInst</name>
         <uninitialized>true</uninitialized>
         <run_address>0x20000200</run_address>
         <size>0x124</size>
         <input_file_ref idref="fl-2"/>
      </object_component>
      <object_component id="oc-117">
         <name>.bss:MPU9150Inst</name>
         <uninitialized>true</uninitialized>
         <run_address>0x20000324</run_address>
         <size>0x6c</size>
         <input_file_ref idref="fl-2"/>
      </object_component>
      <object_component id="oc-120">
         <name>.common:sample</name>
         <uninitialized>true</uninitialized>
         <run_address>0x200003d4</run_address>
         <size>0x2</size>
      </object_component>
      <object_component id="oc-1a2">
         <name>.common:sample_float</name>
         <uninitialized>true</uninitialized>
         <run_address>0x200003cc</run_address>
         <size>0x4</size>
      </object_component>
      <object_component id="oc-124">
         <name>.common:Kp</name>
         <uninitialized>true</uninitialized>
         <run_address>0x2000039c</run_address>
         <size>0x4</size>
      </object_component>
      <object_component id="oc-125">
         <name>.common:Ki</name>
         <uninitialized>true</uninitialized>
         <run_address>0x20000398</run_address>
         <size>0x4</size>
      </object_component>
      <object_component id="oc-126">
         <name>.common:Kd</name>
         <uninitialized>true</uninitialized>
         <run_address>0x20000394</run_address>
         <size>0x4</size>
      </object_component>
      <object_component id="oc-127">
         <name>.common:minInt</name>
         <uninitialized>true</uninitialized>
         <run_address>0x200003c4</run_address>
         <size>0x4</size>
      </object_component>
      <object_component id="oc-128">
         <name>.common:maxInt</name>
         <uninitialized>true</uninitialized>
         <run_address>0x200003c0</run_address>
         <size>0x4</size>
      </object_component>
      <object_component id="oc-12c">
         <name>.common:setPoint</name>
         <uninitialized>true</uninitialized>
         <run_address>0x200003d0</run_address>
         <size>0x4</size>
      </object_component>
      <object_component id="oc-129">
         <name>.common:derivator</name>
         <uninitialized>true</uninitialized>
         <run_address>0x200003b4</run_address>
         <size>0x4</size>
      </object_component>
      <object_component id="oc-12a">
         <name>.common:integrator</name>
         <uninitialized>true</uninitialized>
         <run_address>0x200003bc</run_address>
         <size>0x4</size>
      </object_component>
      <object_component id="oc-12b">
         <name>.common:error</name>
         <uninitialized>true</uninitialized>
         <run_address>0x200003b8</run_address>
         <size>0x4</size>
      </object_component>
      <object_component id="oc-19f">
         <name>.common:Roll</name>
         <uninitialized>true</uninitialized>
         <run_address>0x200003ac</run_address>
         <size>0x4</size>
      </object_component>
      <object_component id="oc-1a0">
         <name>.common:Pitch</name>
         <uninitialized>true</uninitialized>
         <run_address>0x200003a8</run_address>
         <size>0x4</size>
      </object_component>
      <object_component id="oc-1a1">
         <name>.common:Yaw</name>
         <uninitialized>true</uninitialized>
         <run_address>0x200003b0</run_address>
         <size>0x4</size>
      </object_component>
      <object_component id="oc-12d">
         <name>.common:offset</name>
         <uninitialized>true</uninitialized>
         <run_address>0x200003c8</run_address>
         <size>0x4</size>
      </object_component>
      <object_component id="oc-15e">
         <name>.common:Load</name>
         <uninitialized>true</uninitialized>
         <run_address>0x200003a0</run_address>
         <size>0x4</size>
      </object_component>
      <object_component id="oc-123">
         <name>.common:PWMClock</name>
         <uninitialized>true</uninitialized>
         <run_address>0x200003a4</run_address>
         <size>0x4</size>
      </object_component>
      <object_component id="oc-19e">
         <name>.common:DutyC1</name>
         <uninitialized>true</uninitialized>
         <run_address>0x20000390</run_address>
         <size>0x4</size>
      </object_component>
      <object_component id="oc-111">
         <name>.data</name>
         <load_address>0x20000510</load_address>
         <run_address>0x20000510</run_address>
         <size>0x3</size>
         <input_file_ref idref="fl-2"/>
      </object_component>
      <object_component id="oc-1db">
         <name>.data</name>
         <load_address>0x200004f8</load_address>
         <run_address>0x200004f8</run_address>
         <size>0x8</size>
         <input_file_ref idref="fl-13c"/>
      </object_component>
      <object_component id="oc-76">
         <name>.data</name>
         <load_address>0x2000050c</load_address>
         <run_address>0x2000050c</run_address>
         <size>0x4</size>
         <input_file_ref idref="fl-145"/>
      </object_component>
      <object_component id="oc-38f">
         <name>.data</name>
         <load_address>0x20000488</load_address>
         <run_address>0x20000488</run_address>
         <size>0x68</size>
         <input_file_ref idref="fl-149"/>
      </object_component>
      <object_component id="oc-1d8">
         <name>.data</name>
         <load_address>0x200004f0</load_address>
         <run_address>0x200004f0</run_address>
         <size>0x8</size>
         <input_file_ref idref="fl-14a"/>
      </object_component>
      <object_component id="oc-3b0">
         <name>.data</name>
         <load_address>0x20000508</load_address>
         <run_address>0x20000508</run_address>
         <size>0x4</size>
         <input_file_ref idref="fl-14e"/>
      </object_component>
      <object_component id="oc-3cd">
         <name>.data</name>
         <load_address>0x20000500</load_address>
         <run_address>0x20000500</run_address>
         <size>0x8</size>
         <input_file_ref idref="fl-14f"/>
      </object_component>
      <object_component id="oc-3ea">
         <name>.data:sigtable</name>
         <load_address>0x200003d8</load_address>
         <run_address>0x200003d8</run_address>
         <size>0xb0</size>
         <input_file_ref idref="fl-151"/>
      </object_component>
      <object_component id="oc-121">
         <name>.debug_info</name>
         <load_address>0x0</load_address>
         <run_address>0x0</run_address>
         <size>0xdb8</size>
         <input_file_ref idref="fl-2"/>
      </object_component>
      <object_component id="oc-112">
         <name>.debug_info</name>
         <load_address>0xdb8</load_address>
         <run_address>0xdb8</run_address>
         <size>0x11d</size>
         <input_file_ref idref="fl-2"/>
      </object_component>
      <object_component id="oc-115">
         <name>.debug_info</name>
         <load_address>0xed5</load_address>
         <run_address>0xed5</run_address>
         <size>0xcd</size>
         <input_file_ref idref="fl-2"/>
      </object_component>
      <object_component id="oc-118">
         <name>.debug_info</name>
         <load_address>0xfa2</load_address>
         <run_address>0xfa2</run_address>
         <size>0xd5</size>
         <input_file_ref idref="fl-2"/>
      </object_component>
      <object_component id="oc-31">
         <name>.debug_info</name>
         <load_address>0x1077</load_address>
         <run_address>0x1077</run_address>
         <size>0xe17</size>
         <input_file_ref idref="fl-2"/>
      </object_component>
      <object_component id="oc-28a">
         <name>.debug_info</name>
         <load_address>0x1e8e</load_address>
         <run_address>0x1e8e</run_address>
         <size>0x4e6</size>
         <input_file_ref idref="fl-2"/>
      </object_component>
      <object_component id="oc-346">
         <name>.debug_info</name>
         <load_address>0x2374</load_address>
         <run_address>0x2374</run_address>
         <size>0x108</size>
         <input_file_ref idref="fl-2"/>
      </object_component>
      <object_component id="oc-291">
         <name>.debug_info</name>
         <load_address>0x247c</load_address>
         <run_address>0x247c</run_address>
         <size>0x16c</size>
         <input_file_ref idref="fl-2"/>
      </object_component>
      <object_component id="oc-1ae">
         <name>.debug_info</name>
         <load_address>0x25e8</load_address>
         <run_address>0x25e8</run_address>
         <size>0xd6</size>
         <input_file_ref idref="fl-2"/>
      </object_component>
      <object_component id="oc-1a9">
         <name>.debug_info</name>
         <load_address>0x26be</load_address>
         <run_address>0x26be</run_address>
         <size>0x8b</size>
         <input_file_ref idref="fl-2"/>
      </object_component>
      <object_component id="oc-1a4">
         <name>.debug_info</name>
         <load_address>0x2749</load_address>
         <run_address>0x2749</run_address>
         <size>0x18b</size>
         <input_file_ref idref="fl-2"/>
      </object_component>
      <object_component id="oc-38">
         <name>.debug_info</name>
         <load_address>0x28d4</load_address>
         <run_address>0x28d4</run_address>
         <size>0x17e</size>
         <input_file_ref idref="fl-3"/>
      </object_component>
      <object_component id="oc-10">
         <name>.debug_info</name>
         <load_address>0x2a52</load_address>
         <run_address>0x2a52</run_address>
         <size>0xeb</size>
         <input_file_ref idref="fl-3"/>
      </object_component>
      <object_component id="oc-2c">
         <name>.debug_info</name>
         <load_address>0x2b3d</load_address>
         <run_address>0x2b3d</run_address>
         <size>0x267</size>
         <input_file_ref idref="fl-3"/>
      </object_component>
      <object_component id="oc-1b5">
         <name>.debug_info</name>
         <load_address>0x2da4</load_address>
         <run_address>0x2da4</run_address>
         <size>0x84</size>
         <input_file_ref idref="fl-3"/>
      </object_component>
      <object_component id="oc-26a">
         <name>.debug_info</name>
         <load_address>0x2e28</load_address>
         <run_address>0x2e28</run_address>
         <size>0x23d</size>
         <input_file_ref idref="fl-a"/>
      </object_component>
      <object_component id="oc-b2">
         <name>.debug_info</name>
         <load_address>0x3065</load_address>
         <run_address>0x3065</run_address>
         <size>0x333</size>
         <input_file_ref idref="fl-a"/>
      </object_component>
      <object_component id="oc-be">
         <name>.debug_info</name>
         <load_address>0x3398</load_address>
         <run_address>0x3398</run_address>
         <size>0x2a0</size>
         <input_file_ref idref="fl-a"/>
      </object_component>
      <object_component id="oc-ac">
         <name>.debug_info</name>
         <load_address>0x3638</load_address>
         <run_address>0x3638</run_address>
         <size>0x326</size>
         <input_file_ref idref="fl-a"/>
      </object_component>
      <object_component id="oc-b8">
         <name>.debug_info</name>
         <load_address>0x395e</load_address>
         <run_address>0x395e</run_address>
         <size>0x296</size>
         <input_file_ref idref="fl-a"/>
      </object_component>
      <object_component id="oc-c4">
         <name>.debug_info</name>
         <load_address>0x3bf4</load_address>
         <run_address>0x3bf4</run_address>
         <size>0x294</size>
         <input_file_ref idref="fl-a"/>
      </object_component>
      <object_component id="oc-268">
         <name>.debug_info</name>
         <load_address>0x3e88</load_address>
         <run_address>0x3e88</run_address>
         <size>0x230</size>
         <input_file_ref idref="fl-b"/>
      </object_component>
      <object_component id="oc-29c">
         <name>.debug_info</name>
         <load_address>0x40b8</load_address>
         <run_address>0x40b8</run_address>
         <size>0x15b</size>
         <input_file_ref idref="fl-b"/>
      </object_component>
      <object_component id="oc-11b">
         <name>.debug_info</name>
         <load_address>0x4213</load_address>
         <run_address>0x4213</run_address>
         <size>0x2a3</size>
         <input_file_ref idref="fl-b"/>
      </object_component>
      <object_component id="oc-25c">
         <name>.debug_info</name>
         <load_address>0x44b6</load_address>
         <run_address>0x44b6</run_address>
         <size>0x2b3</size>
         <input_file_ref idref="fl-b"/>
      </object_component>
      <object_component id="oc-262">
         <name>.debug_info</name>
         <load_address>0x4769</load_address>
         <run_address>0x4769</run_address>
         <size>0x316</size>
         <input_file_ref idref="fl-b"/>
      </object_component>
      <object_component id="oc-14d">
         <name>.debug_info</name>
         <load_address>0x4a7f</load_address>
         <run_address>0x4a7f</run_address>
         <size>0x2a9</size>
         <input_file_ref idref="fl-b"/>
      </object_component>
      <object_component id="oc-141">
         <name>.debug_info</name>
         <load_address>0x4d28</load_address>
         <run_address>0x4d28</run_address>
         <size>0x2af</size>
         <input_file_ref idref="fl-b"/>
      </object_component>
      <object_component id="oc-13b">
         <name>.debug_info</name>
         <load_address>0x4fd7</load_address>
         <run_address>0x4fd7</run_address>
         <size>0x2a9</size>
         <input_file_ref idref="fl-b"/>
      </object_component>
      <object_component id="oc-153">
         <name>.debug_info</name>
         <load_address>0x5280</load_address>
         <run_address>0x5280</run_address>
         <size>0x2b7</size>
         <input_file_ref idref="fl-b"/>
      </object_component>
      <object_component id="oc-a6">
         <name>.debug_info</name>
         <load_address>0x5537</load_address>
         <run_address>0x5537</run_address>
         <size>0x2a9</size>
         <input_file_ref idref="fl-b"/>
      </object_component>
      <object_component id="oc-135">
         <name>.debug_info</name>
         <load_address>0x57e0</load_address>
         <run_address>0x57e0</run_address>
         <size>0x280</size>
         <input_file_ref idref="fl-b"/>
      </object_component>
      <object_component id="oc-247">
         <name>.debug_info</name>
         <load_address>0x5a60</load_address>
         <run_address>0x5a60</run_address>
         <size>0x20e</size>
         <input_file_ref idref="fl-c"/>
      </object_component>
      <object_component id="oc-244">
         <name>.debug_info</name>
         <load_address>0x5c6e</load_address>
         <run_address>0x5c6e</run_address>
         <size>0x210</size>
         <input_file_ref idref="fl-c"/>
      </object_component>
      <object_component id="oc-249">
         <name>.debug_info</name>
         <load_address>0x5e7e</load_address>
         <run_address>0x5e7e</run_address>
         <size>0x14e</size>
         <input_file_ref idref="fl-c"/>
      </object_component>
      <object_component id="oc-33d">
         <name>.debug_info</name>
         <load_address>0x5fcc</load_address>
         <run_address>0x5fcc</run_address>
         <size>0x26a</size>
         <input_file_ref idref="fl-c"/>
      </object_component>
      <object_component id="oc-94">
         <name>.debug_info</name>
         <load_address>0x6236</load_address>
         <run_address>0x6236</run_address>
         <size>0x2c9</size>
         <input_file_ref idref="fl-c"/>
      </object_component>
      <object_component id="oc-331">
         <name>.debug_info</name>
         <load_address>0x64ff</load_address>
         <run_address>0x64ff</run_address>
         <size>0x2a1</size>
         <input_file_ref idref="fl-c"/>
      </object_component>
      <object_component id="oc-8e">
         <name>.debug_info</name>
         <load_address>0x67a0</load_address>
         <run_address>0x67a0</run_address>
         <size>0x268</size>
         <input_file_ref idref="fl-c"/>
      </object_component>
      <object_component id="oc-337">
         <name>.debug_info</name>
         <load_address>0x6a08</load_address>
         <run_address>0x6a08</run_address>
         <size>0x26a</size>
         <input_file_ref idref="fl-c"/>
      </object_component>
      <object_component id="oc-282">
         <name>.debug_info</name>
         <load_address>0x6c72</load_address>
         <run_address>0x6c72</run_address>
         <size>0x1ed</size>
         <input_file_ref idref="fl-d"/>
      </object_component>
      <object_component id="oc-159">
         <name>.debug_info</name>
         <load_address>0x6e5f</load_address>
         <run_address>0x6e5f</run_address>
         <size>0x2f6</size>
         <input_file_ref idref="fl-d"/>
      </object_component>
      <object_component id="oc-106">
         <name>.debug_info</name>
         <load_address>0x7155</load_address>
         <run_address>0x7155</run_address>
         <size>0x2c4</size>
         <input_file_ref idref="fl-d"/>
      </object_component>
      <object_component id="oc-100">
         <name>.debug_info</name>
         <load_address>0x7419</load_address>
         <run_address>0x7419</run_address>
         <size>0x2b6</size>
         <input_file_ref idref="fl-d"/>
      </object_component>
      <object_component id="oc-10d">
         <name>.debug_info</name>
         <load_address>0x76cf</load_address>
         <run_address>0x76cf</run_address>
         <size>0x276</size>
         <input_file_ref idref="fl-d"/>
      </object_component>
      <object_component id="oc-fb">
         <name>.debug_info</name>
         <load_address>0x7945</load_address>
         <run_address>0x7945</run_address>
         <size>0x2b3</size>
         <input_file_ref idref="fl-d"/>
      </object_component>
      <object_component id="oc-25a">
         <name>.debug_info</name>
         <load_address>0x7bf8</load_address>
         <run_address>0x7bf8</run_address>
         <size>0x27f</size>
         <input_file_ref idref="fl-e"/>
      </object_component>
      <object_component id="oc-27e">
         <name>.debug_info</name>
         <load_address>0x7e77</load_address>
         <run_address>0x7e77</run_address>
         <size>0x14d</size>
         <input_file_ref idref="fl-e"/>
      </object_component>
      <object_component id="oc-a1">
         <name>.debug_info</name>
         <load_address>0x7fc4</load_address>
         <run_address>0x7fc4</run_address>
         <size>0x27d</size>
         <input_file_ref idref="fl-e"/>
      </object_component>
      <object_component id="oc-147">
         <name>.debug_info</name>
         <load_address>0x8241</load_address>
         <run_address>0x8241</run_address>
         <size>0x263</size>
         <input_file_ref idref="fl-e"/>
      </object_component>
      <object_component id="oc-12f">
         <name>.debug_info</name>
         <load_address>0x84a4</load_address>
         <run_address>0x84a4</run_address>
         <size>0x2db</size>
         <input_file_ref idref="fl-e"/>
      </object_component>
      <object_component id="oc-f4">
         <name>.debug_info</name>
         <load_address>0x877f</load_address>
         <run_address>0x877f</run_address>
         <size>0x2b5</size>
         <input_file_ref idref="fl-e"/>
      </object_component>
      <object_component id="oc-35b">
         <name>.debug_info</name>
         <load_address>0x8a34</load_address>
         <run_address>0x8a34</run_address>
         <size>0x5f</size>
         <input_file_ref idref="fl-e"/>
      </object_component>
      <object_component id="oc-234">
         <name>.debug_info</name>
         <load_address>0x8a93</load_address>
         <run_address>0x8a93</run_address>
         <size>0x228</size>
         <input_file_ref idref="fl-f"/>
      </object_component>
      <object_component id="oc-d0">
         <name>.debug_info</name>
         <load_address>0x8cbb</load_address>
         <run_address>0x8cbb</run_address>
         <size>0x2ba</size>
         <input_file_ref idref="fl-f"/>
      </object_component>
      <object_component id="oc-e2">
         <name>.debug_info</name>
         <load_address>0x8f75</load_address>
         <run_address>0x8f75</run_address>
         <size>0x294</size>
         <input_file_ref idref="fl-f"/>
      </object_component>
      <object_component id="oc-82">
         <name>.debug_info</name>
         <load_address>0x9209</load_address>
         <run_address>0x9209</run_address>
         <size>0x292</size>
         <input_file_ref idref="fl-f"/>
      </object_component>
      <object_component id="oc-dc">
         <name>.debug_info</name>
         <load_address>0x949b</load_address>
         <run_address>0x949b</run_address>
         <size>0x27f</size>
         <input_file_ref idref="fl-f"/>
      </object_component>
      <object_component id="oc-d6">
         <name>.debug_info</name>
         <load_address>0x971a</load_address>
         <run_address>0x971a</run_address>
         <size>0x2d7</size>
         <input_file_ref idref="fl-f"/>
      </object_component>
      <object_component id="oc-ca">
         <name>.debug_info</name>
         <load_address>0x99f1</load_address>
         <run_address>0x99f1</run_address>
         <size>0x28c</size>
         <input_file_ref idref="fl-f"/>
      </object_component>
      <object_component id="oc-2a6">
         <name>.debug_info</name>
         <load_address>0x9c7d</load_address>
         <run_address>0x9c7d</run_address>
         <size>0x2f0</size>
         <input_file_ref idref="fl-11"/>
      </object_component>
      <object_component id="oc-184">
         <name>.debug_info</name>
         <load_address>0x9f6d</load_address>
         <run_address>0x9f6d</run_address>
         <size>0x605</size>
         <input_file_ref idref="fl-11"/>
      </object_component>
      <object_component id="oc-172">
         <name>.debug_info</name>
         <load_address>0xa572</load_address>
         <run_address>0xa572</run_address>
         <size>0x34a</size>
         <input_file_ref idref="fl-11"/>
      </object_component>
      <object_component id="oc-160">
         <name>.debug_info</name>
         <load_address>0xa8bc</load_address>
         <run_address>0xa8bc</run_address>
         <size>0x302</size>
         <input_file_ref idref="fl-11"/>
      </object_component>
      <object_component id="oc-17f">
         <name>.debug_info</name>
         <load_address>0xabbe</load_address>
         <run_address>0xabbe</run_address>
         <size>0x2d3</size>
         <input_file_ref idref="fl-11"/>
      </object_component>
      <object_component id="oc-18a">
         <name>.debug_info</name>
         <load_address>0xae91</load_address>
         <run_address>0xae91</run_address>
         <size>0x2ff</size>
         <input_file_ref idref="fl-11"/>
      </object_component>
      <object_component id="oc-16c">
         <name>.debug_info</name>
         <load_address>0xb190</load_address>
         <run_address>0xb190</run_address>
         <size>0x2e1</size>
         <input_file_ref idref="fl-11"/>
      </object_component>
      <object_component id="oc-232">
         <name>.debug_info</name>
         <load_address>0xb471</load_address>
         <run_address>0xb471</run_address>
         <size>0x44b</size>
         <input_file_ref idref="fl-12"/>
      </object_component>
      <object_component id="oc-236">
         <name>.debug_info</name>
         <load_address>0xb8bc</load_address>
         <run_address>0xb8bc</run_address>
         <size>0x484</size>
         <input_file_ref idref="fl-12"/>
      </object_component>
      <object_component id="oc-367">
         <name>.debug_info</name>
         <load_address>0xbd40</load_address>
         <run_address>0xbd40</run_address>
         <size>0x2f2</size>
         <input_file_ref idref="fl-12"/>
      </object_component>
      <object_component id="oc-277">
         <name>.debug_info</name>
         <load_address>0xc032</load_address>
         <run_address>0xc032</run_address>
         <size>0x3a4</size>
         <input_file_ref idref="fl-12"/>
      </object_component>
      <object_component id="oc-1f0">
         <name>.debug_info</name>
         <load_address>0xc3d6</load_address>
         <run_address>0xc3d6</run_address>
         <size>0x32c</size>
         <input_file_ref idref="fl-12"/>
      </object_component>
      <object_component id="oc-1f6">
         <name>.debug_info</name>
         <load_address>0xc702</load_address>
         <run_address>0xc702</run_address>
         <size>0x2a1</size>
         <input_file_ref idref="fl-12"/>
      </object_component>
      <object_component id="oc-1fc">
         <name>.debug_info</name>
         <load_address>0xc9a3</load_address>
         <run_address>0xc9a3</run_address>
         <size>0x2ba</size>
         <input_file_ref idref="fl-12"/>
      </object_component>
      <object_component id="oc-202">
         <name>.debug_info</name>
         <load_address>0xcc5d</load_address>
         <run_address>0xcc5d</run_address>
         <size>0x2c7</size>
         <input_file_ref idref="fl-12"/>
      </object_component>
      <object_component id="oc-208">
         <name>.debug_info</name>
         <load_address>0xcf24</load_address>
         <run_address>0xcf24</run_address>
         <size>0x2c5</size>
         <input_file_ref idref="fl-12"/>
      </object_component>
      <object_component id="oc-20e">
         <name>.debug_info</name>
         <load_address>0xd1e9</load_address>
         <run_address>0xd1e9</run_address>
         <size>0x2bf</size>
         <input_file_ref idref="fl-12"/>
      </object_component>
      <object_component id="oc-214">
         <name>.debug_info</name>
         <load_address>0xd4a8</load_address>
         <run_address>0xd4a8</run_address>
         <size>0x2bb</size>
         <input_file_ref idref="fl-12"/>
      </object_component>
      <object_component id="oc-21a">
         <name>.debug_info</name>
         <load_address>0xd763</load_address>
         <run_address>0xd763</run_address>
         <size>0x2ea</size>
         <input_file_ref idref="fl-12"/>
      </object_component>
      <object_component id="oc-220">
         <name>.debug_info</name>
         <load_address>0xda4d</load_address>
         <run_address>0xda4d</run_address>
         <size>0x2e0</size>
         <input_file_ref idref="fl-12"/>
      </object_component>
      <object_component id="oc-226">
         <name>.debug_info</name>
         <load_address>0xdd2d</load_address>
         <run_address>0xdd2d</run_address>
         <size>0x2c7</size>
         <input_file_ref idref="fl-12"/>
      </object_component>
      <object_component id="oc-22c">
         <name>.debug_info</name>
         <load_address>0xdff4</load_address>
         <run_address>0xdff4</run_address>
         <size>0x32d</size>
         <input_file_ref idref="fl-12"/>
      </object_component>
      <object_component id="oc-7c">
         <name>.debug_info</name>
         <load_address>0xe321</load_address>
         <run_address>0xe321</run_address>
         <size>0x3f3</size>
         <input_file_ref idref="fl-12"/>
      </object_component>
      <object_component id="oc-9a">
         <name>.debug_info</name>
         <load_address>0xe714</load_address>
         <run_address>0xe714</run_address>
         <size>0x350</size>
         <input_file_ref idref="fl-12"/>
      </object_component>
      <object_component id="oc-242">
         <name>.debug_info</name>
         <load_address>0xea64</load_address>
         <run_address>0xea64</run_address>
         <size>0x3a1</size>
         <input_file_ref idref="fl-13"/>
      </object_component>
      <object_component id="oc-2a8">
         <name>.debug_info</name>
         <load_address>0xee05</load_address>
         <run_address>0xee05</run_address>
         <size>0x19c</size>
         <input_file_ref idref="fl-13"/>
      </object_component>
      <object_component id="oc-ee">
         <name>.debug_info</name>
         <load_address>0xefa1</load_address>
         <run_address>0xefa1</run_address>
         <size>0x34f</size>
         <input_file_ref idref="fl-13"/>
      </object_component>
      <object_component id="oc-e8">
         <name>.debug_info</name>
         <load_address>0xf2f0</load_address>
         <run_address>0xf2f0</run_address>
         <size>0x334</size>
         <input_file_ref idref="fl-13"/>
      </object_component>
      <object_component id="oc-89">
         <name>.debug_info</name>
         <load_address>0xf624</load_address>
         <run_address>0xf624</run_address>
         <size>0x2f0</size>
         <input_file_ref idref="fl-13"/>
      </object_component>
      <object_component id="oc-178">
         <name>.debug_info</name>
         <load_address>0xf914</load_address>
         <run_address>0xf914</run_address>
         <size>0x304</size>
         <input_file_ref idref="fl-13"/>
      </object_component>
      <object_component id="oc-166">
         <name>.debug_info</name>
         <load_address>0xfc18</load_address>
         <run_address>0xfc18</run_address>
         <size>0x312</size>
         <input_file_ref idref="fl-13"/>
      </object_component>
      <object_component id="oc-23c">
         <name>.debug_info</name>
         <load_address>0xff2a</load_address>
         <run_address>0xff2a</run_address>
         <size>0x2e5</size>
         <input_file_ref idref="fl-13"/>
      </object_component>
      <object_component id="oc-378">
         <name>.debug_info</name>
         <load_address>0x1020f</load_address>
         <run_address>0x1020f</run_address>
         <size>0x13b</size>
         <input_file_ref idref="fl-14"/>
      </object_component>
      <object_component id="oc-2bf">
         <name>.debug_info</name>
         <load_address>0x1034a</load_address>
         <run_address>0x1034a</run_address>
         <size>0x2bd</size>
         <input_file_ref idref="fl-14"/>
      </object_component>
      <object_component id="oc-2b4">
         <name>.debug_info</name>
         <load_address>0x10607</load_address>
         <run_address>0x10607</run_address>
         <size>0x2a4</size>
         <input_file_ref idref="fl-14"/>
      </object_component>
      <object_component id="oc-2ad">
         <name>.debug_info</name>
         <load_address>0x108ab</load_address>
         <run_address>0x108ab</run_address>
         <size>0x2e2</size>
         <input_file_ref idref="fl-14"/>
      </object_component>
      <object_component id="oc-2c8">
         <name>.debug_info</name>
         <load_address>0x10b8d</load_address>
         <run_address>0x10b8d</run_address>
         <size>0x2d0</size>
         <input_file_ref idref="fl-14"/>
      </object_component>
      <object_component id="oc-393">
         <name>.debug_info</name>
         <load_address>0x10e5d</load_address>
         <run_address>0x10e5d</run_address>
         <size>0x1ae</size>
         <input_file_ref idref="fl-136"/>
      </object_component>
      <object_component id="oc-2e2">
         <name>.debug_info</name>
         <load_address>0x1100b</load_address>
         <run_address>0x1100b</run_address>
         <size>0x184</size>
         <input_file_ref idref="fl-136"/>
      </object_component>
      <object_component id="oc-3c0">
         <name>.debug_info</name>
         <load_address>0x1118f</load_address>
         <run_address>0x1118f</run_address>
         <size>0x86</size>
         <input_file_ref idref="fl-136"/>
      </object_component>
      <object_component id="oc-38e">
         <name>.debug_info</name>
         <load_address>0x11215</load_address>
         <run_address>0x11215</run_address>
         <size>0x148</size>
         <input_file_ref idref="fl-137"/>
      </object_component>
      <object_component id="oc-2da">
         <name>.debug_info</name>
         <load_address>0x1135d</load_address>
         <run_address>0x1135d</run_address>
         <size>0x1d3</size>
         <input_file_ref idref="fl-137"/>
      </object_component>
      <object_component id="oc-25">
         <name>.debug_info</name>
         <load_address>0x11530</load_address>
         <run_address>0x11530</run_address>
         <size>0x138</size>
         <input_file_ref idref="fl-138"/>
      </object_component>
      <object_component id="oc-44">
         <name>.debug_info</name>
         <load_address>0x11668</load_address>
         <run_address>0x11668</run_address>
         <size>0x123</size>
         <input_file_ref idref="fl-139"/>
      </object_component>
      <object_component id="oc-13">
         <name>.debug_info</name>
         <load_address>0x1178b</load_address>
         <run_address>0x1178b</run_address>
         <size>0x1c2</size>
         <input_file_ref idref="fl-139"/>
      </object_component>
      <object_component id="oc-3f">
         <name>.debug_info</name>
         <load_address>0x1194d</load_address>
         <run_address>0x1194d</run_address>
         <size>0x46</size>
         <input_file_ref idref="fl-139"/>
      </object_component>
      <object_component id="oc-1bb">
         <name>.debug_info</name>
         <load_address>0x11993</load_address>
         <run_address>0x11993</run_address>
         <size>0x2c</size>
         <input_file_ref idref="fl-139"/>
      </object_component>
      <object_component id="oc-4c">
         <name>.debug_info</name>
         <load_address>0x119bf</load_address>
         <run_address>0x119bf</run_address>
         <size>0x117</size>
         <input_file_ref idref="fl-13a"/>
      </object_component>
      <object_component id="oc-46">
         <name>.debug_info</name>
         <load_address>0x11ad6</load_address>
         <run_address>0x11ad6</run_address>
         <size>0x22a</size>
         <input_file_ref idref="fl-13a"/>
      </object_component>
      <object_component id="oc-1a">
         <name>.debug_info</name>
         <load_address>0x11d00</load_address>
         <run_address>0x11d00</run_address>
         <size>0x1bc</size>
         <input_file_ref idref="fl-13a"/>
      </object_component>
      <object_component id="oc-4d">
         <name>.debug_info</name>
         <load_address>0x11ebc</load_address>
         <run_address>0x11ebc</run_address>
         <size>0x39</size>
         <input_file_ref idref="fl-13a"/>
      </object_component>
      <object_component id="oc-1c5">
         <name>.debug_info</name>
         <load_address>0x11ef5</load_address>
         <run_address>0x11ef5</run_address>
         <size>0x2c</size>
         <input_file_ref idref="fl-13a"/>
      </object_component>
      <object_component id="oc-5d">
         <name>.debug_info</name>
         <load_address>0x11f21</load_address>
         <run_address>0x11f21</run_address>
         <size>0x112</size>
         <input_file_ref idref="fl-13b"/>
      </object_component>
      <object_component id="oc-1f">
         <name>.debug_info</name>
         <load_address>0x12033</load_address>
         <run_address>0x12033</run_address>
         <size>0x18d</size>
         <input_file_ref idref="fl-13b"/>
      </object_component>
      <object_component id="oc-58">
         <name>.debug_info</name>
         <load_address>0x121c0</load_address>
         <run_address>0x121c0</run_address>
         <size>0x46</size>
         <input_file_ref idref="fl-13b"/>
      </object_component>
      <object_component id="oc-1df">
         <name>.debug_info</name>
         <load_address>0x12206</load_address>
         <run_address>0x12206</run_address>
         <size>0x174</size>
         <input_file_ref idref="fl-13c"/>
      </object_component>
      <object_component id="oc-1dc">
         <name>.debug_info</name>
         <load_address>0x1237a</load_address>
         <run_address>0x1237a</run_address>
         <size>0x119</size>
         <input_file_ref idref="fl-13c"/>
      </object_component>
      <object_component id="oc-73">
         <name>.debug_info</name>
         <load_address>0x12493</load_address>
         <run_address>0x12493</run_address>
         <size>0x1f0</size>
         <input_file_ref idref="fl-13c"/>
      </object_component>
      <object_component id="oc-2cf">
         <name>.debug_info</name>
         <load_address>0x12683</load_address>
         <run_address>0x12683</run_address>
         <size>0x12d</size>
         <input_file_ref idref="fl-13d"/>
      </object_component>
      <object_component id="oc-197">
         <name>.debug_info</name>
         <load_address>0x127b0</load_address>
         <run_address>0x127b0</run_address>
         <size>0x11b</size>
         <input_file_ref idref="fl-13e"/>
      </object_component>
      <object_component id="oc-19a">
         <name>.debug_info</name>
         <load_address>0x128cb</load_address>
         <run_address>0x128cb</run_address>
         <size>0x116</size>
         <input_file_ref idref="fl-13f"/>
      </object_component>
      <object_component id="oc-190">
         <name>.debug_info</name>
         <load_address>0x129e1</load_address>
         <run_address>0x129e1</run_address>
         <size>0x10d</size>
         <input_file_ref idref="fl-140"/>
      </object_component>
      <object_component id="oc-3a">
         <name>.debug_info</name>
         <load_address>0x12aee</load_address>
         <run_address>0x12aee</run_address>
         <size>0xfa</size>
         <input_file_ref idref="fl-141"/>
      </object_component>
      <object_component id="oc-53">
         <name>.debug_info</name>
         <load_address>0x12be8</load_address>
         <run_address>0x12be8</run_address>
         <size>0x12a</size>
         <input_file_ref idref="fl-142"/>
      </object_component>
      <object_component id="oc-62">
         <name>.debug_info</name>
         <load_address>0x12d12</load_address>
         <run_address>0x12d12</run_address>
         <size>0x12b</size>
         <input_file_ref idref="fl-143"/>
      </object_component>
      <object_component id="oc-381">
         <name>.debug_info</name>
         <load_address>0x12e3d</load_address>
         <run_address>0x12e3d</run_address>
         <size>0x16e</size>
         <input_file_ref idref="fl-144"/>
      </object_component>
[...]
      </symbol>
      <symbol id="sm-fd">
         <name>ResetISR</name>
         <value>0x2905</value>
         <object_component_ref idref="oc-2a"/>
      </symbol>
      <symbol id="sm-fe">
         <name>g_pfnVectors</name>
         <value>0x0</value>
         <object_component_ref idref="oc-f"/>
      </symbol>
      <symbol id="sm-12e">
         <name>ADCSequenceEnable</name>
         <value>0x2899</value>
         <object_component_ref idref="oc-bd"/>
      </symbol>
      <symbol id="sm-12f">
         <name>ADCSequenceConfigure</name>
         <value>0x2441</value>
         <object_component_ref idref="oc-ab"/>
      </symbol>
      <symbol id="sm-130">
         <name>ADCIntEnable</name>
         <value>0x2879</value>
         <object_component_ref idref="oc-b7"/>
      </symbol>
      <symbol id="sm-131">
         <name>ADCSequenceStepConfigure</name>
         <value>0x1909</value>
         <object_component_ref idref="oc-b1"/>
      </symbol>
      <symbol id="sm-132">
         <name>ADCIntClear</name>
         <value>0x2911</value>
         <object_component_ref idref="oc-c3"/>
      </symbol>
      <symbol id="sm-18c">
         <name>GPIOPinTypePWM</name>
         <value>0x2843</value>
         <object_component_ref idref="oc-14c"/>
      </symbol>
      <symbol id="sm-18d">
         <name>GPIOPinConfigure</name>
         <value>0x21d9</value>
         <object_component_ref idref="oc-134"/>
      </symbol>
      <symbol id="sm-18e">
         <name>GPIOPinTypeI2CSCL</name>
         <value>0x2831</value>
         <object_component_ref idref="oc-140"/>
      </symbol>
      <symbol id="sm-18f">
         <name>GPIOPinTypeI2C</name>
         <value>0x281f</value>
         <object_component_ref idref="oc-13a"/>
      </symbol>
      <symbol id="sm-190">
         <name>GPIOPinTypeADC</name>
         <value>0x280d</value>
         <object_component_ref idref="oc-a5"/>
      </symbol>
      <symbol id="sm-191">
         <name>GPIOPinTypeGPIOOutput</name>
         <value>0x27b3</value>
         <object_component_ref idref="oc-152"/>
      </symbol>
      <symbol id="sm-192">
         <name>GPIODirModeSet</name>
         <value>0x264f</value>
         <object_component_ref idref="oc-25b"/>
      </symbol>
      <symbol id="sm-193">
         <name>GPIOPinWrite</name>
         <value>0x2945</value>
         <object_component_ref idref="oc-11a"/>
      </symbol>
      <symbol id="sm-194">
         <name>GPIOPadConfigSet</name>
         <value>0xf05</value>
         <object_component_ref idref="oc-261"/>
      </symbol>
      <symbol id="sm-1fa">
         <name>IntPrioritySet</name>
         <value>0x26f1</value>
         <object_component_ref idref="oc-93"/>
      </symbol>
      <symbol id="sm-1fb">
         <name>IntIsEnabled</name>
         <value>0x1d71</value>
         <object_component_ref idref="oc-330"/>
      </symbol>
      <symbol id="sm-1fc">
         <name>IntEnable</name>
         <value>0x1d09</value>
         <object_component_ref idref="oc-8d"/>
      </symbol>
      <symbol id="sm-1fd">
         <name>IntTrigger</name>
         <value>0x28e1</value>
         <object_component_ref idref="oc-33c"/>
      </symbol>
      <symbol id="sm-1fe">
         <name>IntDisable</name>
         <value>0x1ca1</value>
         <object_component_ref idref="oc-336"/>
      </symbol>
      <symbol id="sm-22b">
         <name>PWMGenPeriodSet</name>
         <value>0x2889</value>
         <object_component_ref idref="oc-ff"/>
      </symbol>
      <symbol id="sm-22c">
         <name>PWMPulseWidthSet</name>
         <value>0x277b</value>
         <object_component_ref idref="oc-158"/>
      </symbol>
      <symbol id="sm-22d">
         <name>PWMOutputState</name>
         <value>0x2855</value>
         <object_component_ref idref="oc-105"/>
      </symbol>
      <symbol id="sm-22e">
         <name>PWMGenEnable</name>
         <value>0x28ed</value>
         <object_component_ref idref="oc-10b"/>
      </symbol>
      <symbol id="sm-22f">
         <name>PWMGenConfigure</name>
         <value>0x2739</value>
         <object_component_ref idref="oc-f9"/>
      </symbol>
      <symbol id="sm-28a">
         <name>SysCtlClockSet</name>
         <value>0x1449</value>
         <object_component_ref idref="oc-12e"/>
      </symbol>
      <symbol id="sm-28b">
         <name>SysCtlDelay</name>
         <value>0x294b</value>
         <object_component_ref idref="oc-299"/>
      </symbol>
      <symbol id="sm-28c">
         <name>SysCtlPeripheralEnable</name>
         <value>0x2529</value>
         <object_component_ref idref="oc-9f"/>
      </symbol>
      <symbol id="sm-28d">
         <name>SysCtlClockGet</name>
         <value>0x114d</value>
         <object_component_ref idref="oc-f3"/>
      </symbol>
      <symbol id="sm-28e">
         <name>SysCtlPWMClockSet</name>
         <value>0x27e5</value>
         <object_component_ref idref="oc-146"/>
      </symbol>
      <symbol id="sm-2d1">
         <name>TimerLoadSet</name>
         <value>0x2867</value>
         <object_component_ref idref="oc-cf"/>
      </symbol>
      <symbol id="sm-2d2">
         <name>TimerEnable</name>
         <value>0x28c3</value>
         <object_component_ref idref="oc-db"/>
      </symbol>
      <symbol id="sm-2d3">
         <name>TimerControlTrigger</name>
         <value>0x1f55</value>
         <object_component_ref idref="oc-d5"/>
      </symbol>
      <symbol id="sm-2d4">
         <name>TimerIntEnable</name>
         <value>0x293d</value>
         <object_component_ref idref="oc-e1"/>
      </symbol>
      <symbol id="sm-2d5">
         <name>TimerConfigure</name>
         <value>0x1e95</value>
         <object_component_ref idref="oc-c9"/>
      </symbol>
      <symbol id="sm-2d6">
         <name>TimerIntClear</name>
         <value>0x2963</value>
         <object_component_ref idref="oc-81"/>
      </symbol>
      <symbol id="sm-317">
         <name>CompDCMComputeEulers</name>
         <value>0x237d</value>
         <object_component_ref idref="oc-189"/>
      </symbol>
      <symbol id="sm-318">
         <name>CompDCMStart</name>
         <value>0x1539</value>
         <object_component_ref idref="oc-171"/>
      </symbol>
      <symbol id="sm-319">
         <name>CompDCMGyroUpdate</name>
         <value>0x28b5</value>
         <object_component_ref idref="oc-17d"/>
      </symbol>
      <symbol id="sm-31a">
         <name>CompDCMUpdate</name>
         <value>0x931</value>
         <object_component_ref idref="oc-183"/>
      </symbol>
      <symbol id="sm-31b">
         <name>CompDCMAccelUpdate</name>
         <value>0x28a7</value>
         <object_component_ref idref="oc-16b"/>
      </symbol>
      <symbol id="sm-31c">
         <name>CompDCMInit</name>
         <value>0x22b1</value>
         <object_component_ref idref="oc-15f"/>
      </symbol>
      <symbol id="sm-3ed">
         <name>I2CMCommand</name>
         <value>0x1881</value>
         <object_component_ref idref="oc-235"/>
      </symbol>
      <symbol id="sm-3ee">
         <name>I2CMInit</name>
         <value>0x24f5</value>
         <object_component_ref idref="oc-99"/>
      </symbol>
      <symbol id="sm-3ef">
         <name>I2CMReadModifyWrite8</name>
         <value>0x1aed</value>
         <object_component_ref idref="oc-276"/>
      </symbol>
      <symbol id="sm-3f0">
         <name>I2CMIntHandler</name>
         <value>0x1355</value>
         <object_component_ref idref="oc-7b"/>
      </symbol>
      <symbol id="sm-45c">
         <name>MPU9150Init</name>
         <value>0x1b5d</value>
         <object_component_ref idref="oc-e7"/>
      </symbol>
      <symbol id="sm-45d">
         <name>MPU9150DataAccelGetFloat</name>
         <value>0x19fd</value>
         <object_component_ref idref="oc-165"/>
      </symbol>
      <symbol id="sm-45e">
         <name>MPU9150DataRead</name>
         <value>0x1e35</value>
         <object_component_ref idref="oc-87"/>
      </symbol>
      <symbol id="sm-45f">
         <name>MPU9150ReadModifyWrite</name>
         <value>0x2005</value>
         <object_component_ref idref="oc-ed"/>
      </symbol>
      <symbol id="sm-460">
         <name>MPU9150DataGyroGetFloat</name>
         <value>0x1a75</value>
         <object_component_ref idref="oc-177"/>
      </symbol>
      <symbol id="sm-485">
         <name>VectorDotProduct</name>
         <value>0x26a3</value>
         <object_component_ref idref="oc-2b2"/>
      </symbol>
      <symbol id="sm-486">
         <name>VectorScale</name>
         <value>0x26c9</value>
         <object_component_ref idref="oc-2be"/>
      </symbol>
      <symbol id="sm-487">
         <name>VectorAdd</name>
         <value>0x2591</value>
         <object_component_ref idref="oc-2c7"/>
      </symbol>
      <symbol id="sm-488">
         <name>VectorCrossProduct</name>
         <value>0x1fad</value>
         <object_component_ref idref="oc-2ac"/>
      </symbol>
      <symbol id="sm-4a4">
         <name>asinf</name>
         <value>0x15f1</value>
         <object_component_ref idref="oc-2df"/>
      </symbol>
      <symbol id="sm-4bf">
         <name>atan2f</name>
         <value>0x1035</value>
         <object_component_ref idref="oc-2d9"/>
      </symbol>
      <symbol id="sm-4d1">
         <name>_c_int00</name>
         <value>0x20a9</value>
         <object_component_ref idref="oc-24"/>
      </symbol>
      <symbol id="sm-4d2">
         <name>__stack</name>
         <value>0x20000000</value>
         <object_component_ref idref="oc-29"/>
      </symbol>
      <symbol id="sm-4e9">
         <name>__TI_decompress_none</name>
         <value>0x28d1</value>
         <object_component_ref idref="oc-12"/>
      </symbol>
      <symbol id="sm-511">
         <name>__TI_decompress_rle24</name>
         <value>0x2951</value>
         <object_component_ref idref="oc-18"/>
      </symbol>
      <symbol id="sm-523">
         <name>__TI_zero_init</name>
         <value>0x28f9</value>
         <object_component_ref idref="oc-1e"/>
      </symbol>
      <symbol id="sm-542">
         <name>C$$EXIT</name>
         <value>0x2339</value>
         <object_component_ref idref="oc-70"/>
      </symbol>
      <symbol id="sm-543">
         <name>abort</name>
         <value>0x233d</value>
         <object_component_ref idref="oc-70"/>
      </symbol>
      <symbol id="sm-544">
         <name>exit</name>
         <value>0x2345</value>
         <object_component_ref idref="oc-70"/>
      </symbol>
      <symbol id="sm-545">
         <name>__TI_dtors_ptr</name>
         <value>0x200004fc</value>
         <object_component_ref idref="oc-1db"/>
      </symbol>
      <symbol id="sm-546">
         <name>__TI_cleanup_ptr</name>
         <value>0x200004f8</value>
         <object_component_ref idref="oc-1db"/>
      </symbol>
      <symbol id="sm-56a">
         <name>__aeabi_dsub</name>
         <value>0xbc1</value>
         <object_component_ref idref="oc-2cd"/>
      </symbol>
      <symbol id="sm-56b">
         <name>__aeabi_dadd</name>
         <value>0xbcb</value>
         <object_component_ref idref="oc-2cd"/>
      </symbol>
      <symbol id="sm-582">
         <name>__aeabi_dmul</name>
         <value>0x1259</value>
         <object_component_ref idref="oc-194"/>
      </symbol>
      <symbol id="sm-58e">
         <name>__aeabi_d2f</name>
         <value>0x218f</value>
         <object_component_ref idref="oc-199"/>
      </symbol>
      <symbol id="sm-59c">
         <name>__aeabi_f2d</name>
         <value>0x24bd</value>
         <object_component_ref idref="oc-18f"/>
      </symbol>
      <symbol id="sm-5b7">
         <name>memcpy</name>
         <value>0x174d</value>
         <object_component_ref idref="oc-39"/>
      </symbol>
      <symbol id="sm-5b8">
         <name>__aeabi_memcpy</name>
         <value>0x174d</value>
         <object_component_ref idref="oc-39"/>
      </symbol>
      <symbol id="sm-5b9">
         <name>__aeabi_memcpy8</name>
         <value>0x174d</value>
         <object_component_ref idref="oc-39"/>
      </symbol>
      <symbol id="sm-5ba">
         <name>__aeabi_memcpy4</name>
         <value>0x174d</value>
         <object_component_ref idref="oc-39"/>
      </symbol>
      <symbol id="sm-5c9">
         <name>__aeabi_memset</name>
         <value>0x1985</value>
         <object_component_ref idref="oc-52"/>
      </symbol>
      <symbol id="sm-5ca">
         <name>memset</name>
         <value>0x198b</value>
         <object_component_ref idref="oc-52"/>
      </symbol>
      <symbol id="sm-5cb">
         <name>__aeabi_memset8</name>
         <value>0x1985</value>
         <object_component_ref idref="oc-52"/>
      </symbol>
      <symbol id="sm-5cc">
         <name>__aeabi_memset4</name>
         <value>0x1985</value>
         <object_component_ref idref="oc-52"/>
      </symbol>
      <symbol id="sm-5cd">
         <name>__aeabi_memclr8</name>
         <value>0x1983</value>
         <object_component_ref idref="oc-52"/>
      </symbol>
      <symbol id="sm-5ce">
         <name>__aeabi_memclr4</name>
         <value>0x1983</value>
         <object_component_ref idref="oc-52"/>
      </symbol>
      <symbol id="sm-5cf">
         <name>__aeabi_memclr</name>
         <value>0x1983</value>
         <object_component_ref idref="oc-52"/>
      </symbol>
      <symbol id="sm-5d9">
         <name>_system_pre_init</name>
         <value>0x2967</value>
         <object_component_ref idref="oc-5e"/>
      </symbol>
      <symbol id="sm-5e9">
         <name>sqrtf</name>
         <value>0x2715</value>
         <object_component_ref idref="oc-2b8"/>
      </symbol>
      <symbol id="sm-5f1">
         <name>main_func_sp</name>
         <value>0x2000050c</value>
         <object_component_ref idref="oc-76"/>
      </symbol>
      <symbol id="sm-616">
         <name>_FAtan</name>
         <value>0x16a5</value>
         <object_component_ref idref="oc-387"/>
      </symbol>
      <symbol id="sm-624">
         <name>_FDclass</name>
         <value>0x2623</value>
         <object_component_ref idref="oc-2d2"/>
      </symbol>
      <symbol id="sm-633">
         <name>_Feraise</name>
         <value>0x25c5</value>
         <object_component_ref idref="oc-37a"/>
      </symbol>
      <symbol id="sm-642">
         <name>_FZero</name>
         <value>0x200004ec</value>
         <object_component_ref idref="oc-38f"/>
      </symbol>
      <symbol id="sm-643">
         <name>_FRteps</name>
         <value>0x200004d8</value>
         <object_component_ref idref="oc-38f"/>
      </symbol>
      <symbol id="sm-644">
         <name>_FSnan</name>
         <value>0x200004c8</value>
         <object_component_ref idref="oc-38f"/>
      </symbol>
      <symbol id="sm-645">
         <name>_FNan</name>
         <value>0x200004b8</value>
         <object_component_ref idref="oc-38f"/>
      </symbol>
      <symbol id="sm-646">
         <name>_FInf</name>
         <value>0x200004a8</value>
         <object_component_ref idref="oc-38f"/>
      </symbol>
      <symbol id="sm-647">
         <name>_FEps</name>
         <value>0x20000498</value>
         <object_component_ref idref="oc-38f"/>
      </symbol>
      <symbol id="sm-648">
         <name>_FXbig</name>
         <value>0x200004e8</value>
         <object_component_ref idref="oc-38f"/>
      </symbol>
      <symbol id="sm-649">
         <name>_FDenorm</name>
         <value>0x20000488</value>
         <object_component_ref idref="oc-38f"/>
      </symbol>
      <symbol id="sm-662">
         <name>_nop</name>
         <value>0x2807</value>
         <object_component_ref idref="oc-2fe"/>
      </symbol>
      <symbol id="sm-663">
         <name>_lock</name>
         <value>0x200004f0</value>
         <object_component_ref idref="oc-1d8"/>
      </symbol>
      <symbol id="sm-664">
         <name>_unlock</name>
         <value>0x200004f4</value>
         <object_component_ref idref="oc-1d8"/>
      </symbol>
      <symbol id="sm-665">
         <name>_register_lock</name>
         <value>0x27ff</value>
         <object_component_ref idref="oc-2fe"/>
      </symbol>
      <symbol id="sm-666">
         <name>_register_unlock</name>
         <value>0x27f9</value>
         <object_component_ref idref="oc-2fe"/>
      </symbol>
      <symbol id="sm-67b">
         <name>_args_main</name>
         <value>0x27cd</value>
         <object_component_ref idref="oc-6a"/>
      </symbol>
      <symbol id="sm-6a1">
         <name>__TI_auto_init</name>
         <value>0x1bc9</value>
         <object_component_ref idref="oc-64"/>
      </symbol>
      <symbol id="sm-6bb">
         <name>copy_in</name>
         <value>0x20f9</value>
         <object_component_ref idref="oc-1ce"/>
      </symbol>
      <symbol id="sm-6c3">
         <name>_Errno</name>
         <value>0x20000508</value>
         <object_component_ref idref="oc-3b0"/>
      </symbol>
      <symbol id="sm-6e1">
         <name>feraiseexcept</name>
         <value>0x255d</value>
         <object_component_ref idref="oc-3aa"/>
      </symbol>
      <symbol id="sm-6e2">
         <name>_Tls_setup__Fenv</name>
         <value>0x20000504</value>
         <object_component_ref idref="oc-3cd"/>
      </symbol>
      <symbol id="sm-6e3">
         <name>_Fenv</name>
         <value>0x20000500</value>
         <object_component_ref idref="oc-3cd"/>
      </symbol>
      <symbol id="sm-6f7">
         <name>raise</name>
         <value>0x25f5</value>
         <object_component_ref idref="oc-3c7"/>
      </symbol>
      <symbol id="sm-711">
         <name>signal</name>
         <value>0x2401</value>
         <object_component_ref idref="oc-3d7"/>
      </symbol>
      <symbol id="sm-75b">
         <name>I2CMasterDataPut</name>
         <value>0x295f</value>
         <object_component_ref idref="oc-322"/>
      </symbol>
      <symbol id="sm-75c">
         <name>I2CMasterInitExpClk</name>
         <value>0x2269</value>
         <object_component_ref idref="oc-24c"/>
      </symbol>
      <symbol id="sm-75d">
         <name>I2CMasterSlaveAddrSet</name>
         <value>0x2935</value>
         <object_component_ref idref="oc-31a"/>
      </symbol>
      <symbol id="sm-75e">
         <name>I2CMasterDataGet</name>
         <value>0x295b</value>
         <object_component_ref idref="oc-310"/>
      </symbol>
      <symbol id="sm-75f">
         <name>I2CMasterIntEnableEx</name>
         <value>0x292d</value>
         <object_component_ref idref="oc-252"/>
      </symbol>
      <symbol id="sm-760">
         <name>I2CMasterControl</name>
         <value>0x2957</value>
         <object_component_ref idref="oc-1e9"/>
      </symbol>
      <symbol id="sm-761">
         <name>I2CMasterEnable</name>
         <value>0x291b</value>
         <object_component_ref idref="oc-351"/>
      </symbol>
      <symbol id="sm-762">
         <name>I2CMasterIntClear</name>
         <value>0x2925</value>
         <object_component_ref idref="oc-1e3"/>
      </symbol>
      <symbol id="sm-763">
         <name>__TI_static_base__</name>
         <value>0x0</value>
      </symbol>
      <symbol id="sm-766">
         <name>SHT$$INIT_ARRAY$$Limit</name>
         <value>0x0</value>
      </symbol>
      <symbol id="sm-767">
         <name>SHT$$INIT_ARRAY$$Base</name>
         <value>0x0</value>
      </symbol>
   </symbol_table>
   <title>Link successful</title>
</link_info>
