******************************************************************************
                  TI ARM Linker PC v5.2.2                      
******************************************************************************
>> Linked Fri Oct 21 23:35:47 2016

OUTPUT FILE NAME:   <UART_DAVID.out>
ENTRY POINT SYMBOL: "_c_int00"  address: 00000cf9


MEMORY CONFIGURATION

         name            origin    length      used     unused   attr    fill
----------------------  --------  ---------  --------  --------  ----  --------
  FLASH                 00000000   00040000  00001226  0003edda  R  X
  SRAM                  20000000   00008000  00000265  00007d9b  RW X


SEGMENT ALLOCATION MAP

run origin  load origin   length   init length attrs members
----------  ----------- ---------- ----------- ----- -------
00000000    00000000    00001228   00001228    r-x
  00000000    00000000    0000026c   0000026c    r-- .intvecs
  0000026c    0000026c    00000dce   00000dce    r-x .text
  0000103c    0000103c    0000016c   0000016c    r-- .const
  000011a8    000011a8    00000080   00000080    r-- .cinit
20000000    20000000    00000265   00000000    rw-
  20000000    20000000    00000200   00000000    rw- .stack
  20000200    20000200    0000005c   00000000    rw- .data
  2000025c    2000025c    00000009   00000000    rw- .bss


SECTION ALLOCATION MAP

 output                                  attributes/
section   page    origin      length       input sections
--------  ----  ----------  ----------   ----------------
.intvecs   0    00000000    0000026c     
                  00000000    0000026c     tm4c123gh6pm_startup_ccs.obj (.intvecs)

.text      0    0000026c    00000dce     
                  0000026c    000002d4     main.obj (.text)
                  00000540    00000136     rtsv7M4_T_le_v4SPD16_eabi.lib : fd_div_t2.obj (.text)
                  00000676    00000130     driverlib.lib : gpio.obj (.text:GPIOPadConfigSet)
                  000007a6    00000002     --HOLE-- [fill = 0]
                  000007a8    0000010c                   : sysctl.obj (.text:SysCtlClockGet)
                  000008b4    000000fc     rtsv7M4_T_le_v4SPD16_eabi.lib : fd_mul_t2.obj (.text)
                  000009b0    000000f0     driverlib.lib : sysctl.obj (.text:SysCtlClockSet)
                  00000aa0    0000009c     rtsv7M4_T_le_v4SPD16_eabi.lib : memcpy_t2.obj (.text)
                  00000b3c    0000007a                                   : memset_t2.obj (.text)
                  00000bb6    00000002     --HOLE-- [fill = 0]
                  00000bb8    0000006c                                   : autoinit.obj (.text)
                  00000c24    0000006a                                   : copy_decompress_rle.obj (.text)
                  00000c8e    00000002     --HOLE-- [fill = 0]
                  00000c90    00000068     driverlib.lib : interrupt.obj (.text:IntEnable)
                  00000cf8    00000050     rtsv7M4_T_le_v4SPD16_eabi.lib : boot.obj (.text)
                  00000d48    0000004c                                   : cpy_tbl.obj (.text)
                  00000d94    00000048     driverlib.lib : gpio.obj (.text:GPIOPinConfigure)
                  00000ddc    00000044     rtsv7M4_T_le_v4SPD16_eabi.lib : exit.obj (.text)
                  00000e20    00000044                                   : fd_tou_t2.obj (.text)
                  00000e64    00000042     driverlib.lib : uart.obj (.text:UARTConfigSetExpClk)
                  00000ea6    00000002     --HOLE-- [fill = 0]
                  00000ea8    00000034                   : sysctl.obj (.text:SysCtlPeripheralEnable)
                  00000edc    0000002a                   : gpio.obj (.text:GPIODirModeSet)
                  00000f06    00000020     rtsv7M4_T_le_v4SPD16_eabi.lib : u_tofd_t2.obj (.text)
                  00000f26    00000002     --HOLE-- [fill = 0]
                  00000f28    0000001c     driverlib.lib : uart.obj (.text:UARTDisable)
                  00000f44    00000018                   : gpio.obj (.text:GPIOPinTypeGPIOOutput)
                  00000f5c    00000018     rtsv7M4_T_le_v4SPD16_eabi.lib : args_main.obj (.text)
                  00000f74    00000014     driverlib.lib : uart.obj (.text:UARTEnable)
                  00000f88    00000014     rtsv7M4_T_le_v4SPD16_eabi.lib : _lock.obj (.text)
                  00000f9c    00000012     driverlib.lib : gpio.obj (.text:GPIOPinTypeUART)
                  00000fae    00000010                   : interrupt.obj (.text:IntMasterEnable)
                  00000fbe    0000000e                   : uart.obj (.text:UARTCharGetNonBlocking)
                  00000fcc    0000000e     rtsv7M4_T_le_v4SPD16_eabi.lib : copy_decompress_none.obj (.text:decompress:none)
                  00000fda    0000000c     driverlib.lib : cpu.obj (.text:CPUcpsie)
                  00000fe6    0000000c                   : uart.obj (.text:UARTCharsAvail)
                  00000ff2    0000000c     rtsv7M4_T_le_v4SPD16_eabi.lib : copy_zero_init.obj (.text:decompress:ZI)
                  00000ffe    0000000c     tm4c123gh6pm_startup_ccs.obj (.text)
                  0000100a    0000000a     driverlib.lib : uart.obj (.text:UARTCharPut)
                  00001014    0000000a                   : uart.obj (.text:UARTIntStatus)
                  0000101e    00000008                   : uart.obj (.text:UARTIntEnable)
                  00001026    00000006                   : sysctl.obj (.text:SysCtlDelay)
                  0000102c    00000006     rtsv7M4_T_le_v4SPD16_eabi.lib : copy_decompress_rle.obj (.text:decompress:rle24)
                  00001032    00000004     driverlib.lib : uart.obj (.text:UARTIntClear)
                  00001036    00000004     rtsv7M4_T_le_v4SPD16_eabi.lib : pre_init.obj (.text)

.const     0    0000103c    0000016c     
                  0000103c    00000090     driverlib.lib : gpio.obj (.const:g_pui32GPIOBaseAddrs)
                  000010cc    00000070                   : interrupt.obj (.const)
                  0000113c    0000006c                   : sysctl.obj (.const:g_pui32Xtals)

.cinit     0    000011a8    00000080     
                  000011a8    00000056     (.cinit..data.load) [load image, compression = rle]
                  000011fe    00000002     --HOLE-- [fill = 0]
                  00001200    0000000c     (__TI_handler_table)
                  0000120c    00000004     --HOLE-- [fill = 0]
                  00001210    00000008     (.cinit..bss.load) [load image, compression = zero_init]
                  00001218    00000010     (__TI_cinit_table)

.init_array 
*          0    00000000    00000000     UNINITIALIZED

.stack     0    20000000    00000200     UNINITIALIZED
                  20000000    00000200     --HOLE--

.data      0    20000200    0000005c     UNINITIALIZED
                  20000200    00000048     main.obj (.data)
                  20000248    00000008     rtsv7M4_T_le_v4SPD16_eabi.lib : _lock.obj (.data)
                  20000250    00000008                                   : exit.obj (.data)
                  20000258    00000004                                   : stkdepth_vars.obj (.data)

.bss       0    2000025c    00000009     UNINITIALIZED
                  2000025c    00000008     (.common:palabra)
                  20000264    00000001     (.common:car)

.TI.persistent 
*          0    20000200    00000000     UNINITIALIZED

.TI.noinit 
*          0    2000025c    00000000     UNINITIALIZED


LINKER GENERATED COPY TABLES

__TI_cinit_table @ 00001218 records: 2, size/record: 8, table size: 16
	.data: load addr=000011a8, load size=00000056 bytes, run addr=20000200, run size=0000005c bytes, compression=rle
	.bss: load addr=00001210, load size=00000008 bytes, run addr=2000025c, run size=00000009 bytes, compression=zero_init


LINKER GENERATED HANDLER TABLE

__TI_handler_table @ 00001200 records: 3, size/record: 4, table size: 12
	index: 0, handler: __TI_decompress_rle24
	index: 1, handler: __TI_decompress_none
	index: 2, handler: __TI_zero_init


GLOBAL SYMBOLS: SORTED ALPHABETICALLY BY Name 

address   name                    
-------   ----                    
0000026d  AsignarPosicion         
00000ddd  C$$EXIT                 
00000fdb  CPUcpsie                
00000469  Configuraciones         
20000224  DEFAULT_VALUES          
20000202  DIRECCION               
20000230  DIRECCION_POS           
20000222  DISPARO                 
20000244  DISPARO_POS             
20000200  ENCENDIDO               
2000022c  ENCENDIDO_POS           
00000edd  GPIODirModeSet          
00000677  GPIOPadConfigSet        
00000d95  GPIOPinConfigure        
00000f45  GPIOPinTypeGPIOOutput   
00000f9d  GPIOPinTypeUART         
2000021f  INCLINACION             
20000240  INCLINACION_POS         
00000c91  IntEnable               
00000faf  IntMasterEnable         
2000021d  LUCES                   
2000023c  LUCES_POS               
20000207  PWM1                    
20000234  PWM1_POS                
20000212  PWM2                    
20000238  PWM2_POS                
00000fff  ResetISR                
0000043b  ResetValues             
UNDEFED   SHT$$INIT_ARRAY$$Base   
UNDEFED   SHT$$INIT_ARRAY$$Limit  
000007a9  SysCtlClockGet          
000009b1  SysCtlClockSet          
00001027  SysCtlDelay             
00000ea9  SysCtlPeripheralEnable  
00000fbf  UARTCharGetNonBlocking  
0000100b  UARTCharPut             
00000fe7  UARTCharsAvail          
00000e65  UARTConfigSetExpClk     
00000f29  UARTDisable             
00000f75  UARTEnable              
00001033  UARTIntClear            
0000101f  UARTIntEnable           
000003ab  UARTIntHandler          
00001015  UARTIntStatus           
20000200  __STACK_END             
00000200  __STACK_SIZE            
20000200  __STACK_TOP             
00001218  __TI_CINIT_Base         
00001228  __TI_CINIT_Limit        
00001200  __TI_Handler_Table_Base 
0000120c  __TI_Handler_Table_Limit
00000bb9  __TI_auto_init          
20000250  __TI_cleanup_ptr        
00000fcd  __TI_decompress_none    
0000102d  __TI_decompress_rle24   
20000254  __TI_dtors_ptr          
00000000  __TI_static_base__      
00000ff3  __TI_zero_init          
00000e21  __aeabi_d2uiz           
00000541  __aeabi_ddiv            
000008b5  __aeabi_dmul            
00000b3d  __aeabi_memclr          
00000b3d  __aeabi_memclr4         
00000b3d  __aeabi_memclr8         
00000aa1  __aeabi_memcpy          
00000aa1  __aeabi_memcpy4         
00000aa1  __aeabi_memcpy8         
00000b3f  __aeabi_memset          
00000b3f  __aeabi_memset4         
00000b3f  __aeabi_memset8         
00000f07  __aeabi_ui2d            
ffffffff  __binit__               
ffffffff  __c_args__              
20000000  __stack                 
00000f5d  _args_main              
00000cf9  _c_int00                
20000248  _lock                   
00000f97  _nop                    
00000f8f  _register_lock          
00000f89  _register_unlock        
00001037  _system_pre_init        
2000024c  _unlock                 
00000de1  abort                   
ffffffff  binit                   
20000264  car                     
00000d49  copy_in                 
00000de9  exit                    
00000000  g_pfnVectors            
000004cd  main                    
20000258  main_func_sp            
00000aa1  memcpy                  
00000b45  memset                  
2000025c  palabra                 


GLOBAL SYMBOLS: SORTED BY Symbol Address 

address   name                    
-------   ----                    
00000000  __TI_static_base__      
00000000  g_pfnVectors            
00000200  __STACK_SIZE            
0000026d  AsignarPosicion         
000003ab  UARTIntHandler          
0000043b  ResetValues             
00000469  Configuraciones         
000004cd  main                    
00000541  __aeabi_ddiv            
00000677  GPIOPadConfigSet        
000007a9  SysCtlClockGet          
000008b5  __aeabi_dmul            
000009b1  SysCtlClockSet          
00000aa1  __aeabi_memcpy          
00000aa1  __aeabi_memcpy4         
00000aa1  __aeabi_memcpy8         
00000aa1  memcpy                  
00000b3d  __aeabi_memclr          
00000b3d  __aeabi_memclr4         
00000b3d  __aeabi_memclr8         
00000b3f  __aeabi_memset          
00000b3f  __aeabi_memset4         
00000b3f  __aeabi_memset8         
00000b45  memset                  
00000bb9  __TI_auto_init          
00000c91  IntEnable               
00000cf9  _c_int00                
00000d49  copy_in                 
00000d95  GPIOPinConfigure        
00000ddd  C$$EXIT                 
00000de1  abort                   
00000de9  exit                    
00000e21  __aeabi_d2uiz           
00000e65  UARTConfigSetExpClk     
00000ea9  SysCtlPeripheralEnable  
00000edd  GPIODirModeSet          
00000f07  __aeabi_ui2d            
00000f29  UARTDisable             
00000f45  GPIOPinTypeGPIOOutput   
00000f5d  _args_main              
00000f75  UARTEnable              
00000f89  _register_unlock        
00000f8f  _register_lock          
00000f97  _nop                    
00000f9d  GPIOPinTypeUART         
00000faf  IntMasterEnable         
00000fbf  UARTCharGetNonBlocking  
00000fcd  __TI_decompress_none    
00000fdb  CPUcpsie                
00000fe7  UARTCharsAvail          
00000ff3  __TI_zero_init          
00000fff  ResetISR                
0000100b  UARTCharPut             
00001015  UARTIntStatus           
0000101f  UARTIntEnable           
00001027  SysCtlDelay             
0000102d  __TI_decompress_rle24   
00001033  UARTIntClear            
00001037  _system_pre_init        
00001200  __TI_Handler_Table_Base 
0000120c  __TI_Handler_Table_Limit
00001218  __TI_CINIT_Base         
00001228  __TI_CINIT_Limit        
20000000  __stack                 
20000200  ENCENDIDO               
20000200  __STACK_END             
20000200  __STACK_TOP             
20000202  DIRECCION               
20000207  PWM1                    
20000212  PWM2                    
2000021d  LUCES                   
2000021f  INCLINACION             
20000222  DISPARO                 
20000224  DEFAULT_VALUES          
2000022c  ENCENDIDO_POS           
20000230  DIRECCION_POS           
20000234  PWM1_POS                
20000238  PWM2_POS                
2000023c  LUCES_POS               
20000240  INCLINACION_POS         
20000244  DISPARO_POS             
20000248  _lock                   
2000024c  _unlock                 
20000250  __TI_cleanup_ptr        
20000254  __TI_dtors_ptr          
20000258  main_func_sp            
2000025c  palabra                 
20000264  car                     
ffffffff  __binit__               
ffffffff  __c_args__              
ffffffff  binit                   
UNDEFED   SHT$$INIT_ARRAY$$Base   
UNDEFED   SHT$$INIT_ARRAY$$Limit  

[93 symbols]
