<?xml version="1.0"?>
<link_info>
   <banner>TI ARM Linker PC v5.2.8</banner>
   <copyright>Copyright (c) 1996-2015 Texas Instruments Incorporated</copyright>
   <link_time>0x57f5a83d</link_time>
   <link_errors>0x0</link_errors>
   <output_file>MPU6050_Practica.out</output_file>
   <entry_point>
      <name>_c_int00</name>
      <address>0x2025</address>
   </entry_point>
   <input_file_list>
      <input_file id="fl-2">
         <path>.\</path>
         <kind>object</kind>
         <file>main.obj</file>
         <name>main.obj</name>
      </input_file>
      <input_file id="fl-3">
         <path>.\</path>
         <kind>object</kind>
         <file>tm4c123gh6pm_startup_ccs.obj</file>
         <name>tm4c123gh6pm_startup_ccs.obj</name>
      </input_file>
      <input_file id="fl-a">
         <path>C:\Users\Byron Paiz\Desktop\Drone-master\</path>
         <kind>archive</kind>
         <file>driverlib.lib</file>
         <name>gpio.obj</name>
      </input_file>
      <input_file id="fl-b">
         <path>C:\Users\Byron Paiz\Desktop\Drone-master\</path>
         <kind>archive</kind>
         <file>driverlib.lib</file>
         <name>i2c.obj</name>
      </input_file>
      <input_file id="fl-c">
         <path>C:\Users\Byron Paiz\Desktop\Drone-master\</path>
         <kind>archive</kind>
         <file>driverlib.lib</file>
         <name>interrupt.obj</name>
      </input_file>
      <input_file id="fl-d">
         <path>C:\Users\Byron Paiz\Desktop\Drone-master\</path>
         <kind>archive</kind>
         <file>driverlib.lib</file>
         <name>pwm.obj</name>
      </input_file>
      <input_file id="fl-e">
         <path>C:\Users\Byron Paiz\Desktop\Drone-master\</path>
         <kind>archive</kind>
         <file>driverlib.lib</file>
         <name>sysctl.obj</name>
      </input_file>
      <input_file id="fl-f">
         <path>C:\Users\Byron Paiz\Desktop\Drone-master\</path>
         <kind>archive</kind>
         <file>driverlib.lib</file>
         <name>timer.obj</name>
      </input_file>
      <input_file id="fl-10">
         <path>C:\Users\Byron Paiz\Desktop\Drone-master\</path>
         <kind>archive</kind>
         <file>driverlib.lib</file>
         <name>cpu.obj</name>
      </input_file>
      <input_file id="fl-11">
         <path>C:\Users\Byron Paiz\Desktop\Drone-master\</path>
         <kind>archive</kind>
         <file>sensorlib.lib</file>
         <name>comp_dcm.obj</name>
      </input_file>
      <input_file id="fl-12">
         <path>C:\Users\Byron Paiz\Desktop\Drone-master\</path>
         <kind>archive</kind>
         <file>sensorlib.lib</file>
         <name>i2cm_drv.obj</name>
      </input_file>
      <input_file id="fl-13">
         <path>C:\Users\Byron Paiz\Desktop\Drone-master\</path>
         <kind>archive</kind>
         <file>sensorlib.lib</file>
         <name>mpu9150.obj</name>
      </input_file>
      <input_file id="fl-14">
         <path>C:\Users\Byron Paiz\Desktop\Drone-master\</path>
         <kind>archive</kind>
         <file>sensorlib.lib</file>
         <name>vector.obj</name>
      </input_file>
      <input_file id="fl-136">
         <path>C:\ti\ccsv6\tools\compiler\arm_5.2.8\lib\</path>
         <kind>archive</kind>
         <file>rtsv7M4_T_le_v4SPD16_eabi.lib</file>
         <name>asinf.obj</name>
      </input_file>
      <input_file id="fl-137">
         <path>C:\ti\ccsv6\tools\compiler\arm_5.2.8\lib\</path>
         <kind>archive</kind>
         <file>rtsv7M4_T_le_v4SPD16_eabi.lib</file>
         <name>atan2f.obj</name>
      </input_file>
      <input_file id="fl-138">
         <path>C:\ti\ccsv6\tools\compiler\arm_5.2.8\lib\</path>
         <kind>archive</kind>
         <file>rtsv7M4_T_le_v4SPD16_eabi.lib</file>
         <name>boot.obj</name>
      </input_file>
      <input_file id="fl-139">
         <path>C:\ti\ccsv6\tools\compiler\arm_5.2.8\lib\</path>
         <kind>archive</kind>
         <file>rtsv7M4_T_le_v4SPD16_eabi.lib</file>
         <name>copy_decompress_none.obj</name>
      </input_file>
      <input_file id="fl-13a">
         <path>C:\ti\ccsv6\tools\compiler\arm_5.2.8\lib\</path>
         <kind>archive</kind>
         <file>rtsv7M4_T_le_v4SPD16_eabi.lib</file>
         <name>copy_decompress_rle.obj</name>
      </input_file>
      <input_file id="fl-13b">
         <path>C:\ti\ccsv6\tools\compiler\arm_5.2.8\lib\</path>
         <kind>archive</kind>
         <file>rtsv7M4_T_le_v4SPD16_eabi.lib</file>
         <name>copy_zero_init.obj</name>
      </input_file>
      <input_file id="fl-13c">
         <path>C:\ti\ccsv6\tools\compiler\arm_5.2.8\lib\</path>
         <kind>archive</kind>
         <file>rtsv7M4_T_le_v4SPD16_eabi.lib</file>
         <name>exit.obj</name>
      </input_file>
      <input_file id="fl-13d">
         <path>C:\ti\ccsv6\tools\compiler\arm_5.2.8\lib\</path>
         <kind>archive</kind>
         <file>rtsv7M4_T_le_v4SPD16_eabi.lib</file>
         <name>fd_add_t2.obj</name>
      </input_file>
      <input_file id="fl-13e">
         <path>C:\ti\ccsv6\tools\compiler\arm_5.2.8\lib\</path>
         <kind>archive</kind>
         <file>rtsv7M4_T_le_v4SPD16_eabi.lib</file>
         <name>fd_mul_t2.obj</name>
      </input_file>
      <input_file id="fl-13f">
         <path>C:\ti\ccsv6\tools\compiler\arm_5.2.8\lib\</path>
         <kind>archive</kind>
         <file>rtsv7M4_T_le_v4SPD16_eabi.lib</file>
         <name>fd_tos_t2.obj</name>
      </input_file>
      <input_file id="fl-140">
         <path>C:\ti\ccsv6\tools\compiler\arm_5.2.8\lib\</path>
         <kind>archive</kind>
         <file>rtsv7M4_T_le_v4SPD16_eabi.lib</file>
         <name>fs_tod_t2.obj</name>
      </input_file>
      <input_file id="fl-141">
         <path>C:\ti\ccsv6\tools\compiler\arm_5.2.8\lib\</path>
         <kind>archive</kind>
         <file>rtsv7M4_T_le_v4SPD16_eabi.lib</file>
         <name>memcpy_t2.obj</name>
      </input_file>
      <input_file id="fl-142">
         <path>C:\ti\ccsv6\tools\compiler\arm_5.2.8\lib\</path>
         <kind>archive</kind>
         <file>rtsv7M4_T_le_v4SPD16_eabi.lib</file>
         <name>memset_t2.obj</name>
      </input_file>
      <input_file id="fl-143">
         <path>C:\ti\ccsv6\tools\compiler\arm_5.2.8\lib\</path>
         <kind>archive</kind>
         <file>rtsv7M4_T_le_v4SPD16_eabi.lib</file>
         <name>pre_init.obj</name>
      </input_file>
      <input_file id="fl-144">
         <path>C:\ti\ccsv6\tools\compiler\arm_5.2.8\lib\</path>
         <kind>archive</kind>
         <file>rtsv7M4_T_le_v4SPD16_eabi.lib</file>
         <name>sqrtf.obj</name>
      </input_file>
      <input_file id="fl-145">
         <path>C:\ti\ccsv6\tools\compiler\arm_5.2.8\lib\</path>
         <kind>archive</kind>
         <file>rtsv7M4_T_le_v4SPD16_eabi.lib</file>
         <name>stkdepth_vars.obj</name>
      </input_file>
      <input_file id="fl-146">
         <path>C:\ti\ccsv6\tools\compiler\arm_5.2.8\lib\</path>
         <kind>archive</kind>
         <file>rtsv7M4_T_le_v4SPD16_eabi.lib</file>
         <name>xfatan.obj</name>
      </input_file>
      <input_file id="fl-147">
         <path>C:\ti\ccsv6\tools\compiler\arm_5.2.8\lib\</path>
         <kind>archive</kind>
         <file>rtsv7M4_T_le_v4SPD16_eabi.lib</file>
         <name>xfdclass.obj</name>
      </input_file>
      <input_file id="fl-148">
         <path>C:\ti\ccsv6\tools\compiler\arm_5.2.8\lib\</path>
         <kind>archive</kind>
         <file>rtsv7M4_T_le_v4SPD16_eabi.lib</file>
         <name>xferaise.obj</name>
      </input_file>
      <input_file id="fl-149">
         <path>C:\ti\ccsv6\tools\compiler\arm_5.2.8\lib\</path>
         <kind>archive</kind>
         <file>rtsv7M4_T_le_v4SPD16_eabi.lib</file>
         <name>xfvalues.obj</name>
      </input_file>
      <input_file id="fl-14a">
         <path>C:\ti\ccsv6\tools\compiler\arm_5.2.8\lib\</path>
         <kind>archive</kind>
         <file>rtsv7M4_T_le_v4SPD16_eabi.lib</file>
         <name>_lock.obj</name>
      </input_file>
      <input_file id="fl-14b">
         <path>C:\ti\ccsv6\tools\compiler\arm_5.2.8\lib\</path>
         <kind>archive</kind>
         <file>rtsv7M4_T_le_v4SPD16_eabi.lib</file>
         <name>args_main.obj</name>
      </input_file>
      <input_file id="fl-14c">
         <path>C:\ti\ccsv6\tools\compiler\arm_5.2.8\lib\</path>
         <kind>archive</kind>
         <file>rtsv7M4_T_le_v4SPD16_eabi.lib</file>
         <name>autoinit.obj</name>
      </input_file>
      <input_file id="fl-14d">
         <path>C:\ti\ccsv6\tools\compiler\arm_5.2.8\lib\</path>
         <kind>archive</kind>
         <file>rtsv7M4_T_le_v4SPD16_eabi.lib</file>
         <name>cpy_tbl.obj</name>
      </input_file>
      <input_file id="fl-14e">
         <path>C:\ti\ccsv6\tools\compiler\arm_5.2.8\lib\</path>
         <kind>archive</kind>
         <file>rtsv7M4_T_le_v4SPD16_eabi.lib</file>
         <name>errno.obj</name>
      </input_file>
      <input_file id="fl-14f">
         <path>C:\ti\ccsv6\tools\compiler\arm_5.2.8\lib\</path>
         <kind>archive</kind>
         <file>rtsv7M4_T_le_v4SPD16_eabi.lib</file>
         <name>feraiseexcept.obj</name>
      </input_file>
      <input_file id="fl-150">
         <path>C:\ti\ccsv6\tools\compiler\arm_5.2.8\lib\</path>
         <kind>archive</kind>
         <file>rtsv7M4_T_le_v4SPD16_eabi.lib</file>
         <name>raise.obj</name>
      </input_file>
      <input_file id="fl-151">
         <path>C:\ti\ccsv6\tools\compiler\arm_5.2.8\lib\</path>
         <kind>archive</kind>
         <file>rtsv7M4_T_le_v4SPD16_eabi.lib</file>
         <name>signal.obj</name>
      </input_file>
   </input_file_list>
   <object_component_list>
      <object_component id="oc-f">
         <name>.intvecs</name>
         <load_address>0x0</load_address>
         <run_address>0x0</run_address>
         <size>0x26c</size>
         <input_file_ref idref="fl-3"/>
      </object_component>
      <object_component id="oc-30">
         <name>.text</name>
         <load_address>0x26c</load_address>
         <run_address>0x26c</run_address>
         <size>0x604</size>
         <input_file_ref idref="fl-2"/>
      </object_component>
      <object_component id="oc-16f">
         <name>.text:CompDCMUpdate</name>
         <load_address>0x870</load_address>
         <run_address>0x870</run_address>
         <size>0x290</size>
         <input_file_ref idref="fl-11"/>
      </object_component>
      <object_component id="oc-2b4">
         <name>.text</name>
         <load_address>0xb00</load_address>
         <run_address>0xb00</run_address>
         <size>0x1b6</size>
         <input_file_ref idref="fl-13d"/>
      </object_component>
      <object_component id="oc-222">
         <name>.text:MPU9150Callback</name>
         <load_address>0xcb8</load_address>
         <run_address>0xcb8</run_address>
         <size>0x18c</size>
         <input_file_ref idref="fl-13"/>
      </object_component>
      <object_component id="oc-276">
         <name>.text:GPIOPadConfigSet</name>
         <load_address>0xe44</load_address>
         <run_address>0xe44</run_address>
         <size>0x130</size>
         <input_file_ref idref="fl-a"/>
      </object_component>
      <object_component id="oc-2c0">
         <name>.text</name>
         <load_address>0xf74</load_address>
         <run_address>0xf74</run_address>
         <size>0x118</size>
         <input_file_ref idref="fl-137"/>
      </object_component>
      <object_component id="oc-c3">
         <name>.text:SysCtlClockGet</name>
         <load_address>0x108c</load_address>
         <run_address>0x108c</run_address>
         <size>0x10c</size>
         <input_file_ref idref="fl-e"/>
      </object_component>
      <object_component id="oc-180">
         <name>.text</name>
         <load_address>0x1198</load_address>
         <run_address>0x1198</run_address>
         <size>0xfc</size>
         <input_file_ref idref="fl-13e"/>
      </object_component>
      <object_component id="oc-81">
         <name>.text:I2CMIntHandler</name>
         <load_address>0x1294</load_address>
         <run_address>0x1294</run_address>
         <size>0xf2</size>
         <input_file_ref idref="fl-12"/>
      </object_component>
      <object_component id="oc-fc">
         <name>.text:SysCtlClockSet</name>
         <load_address>0x1388</load_address>
         <run_address>0x1388</run_address>
         <size>0xf0</size>
         <input_file_ref idref="fl-e"/>
      </object_component>
      <object_component id="oc-156">
         <name>.text:CompDCMStart</name>
         <load_address>0x1478</load_address>
         <run_address>0x1478</run_address>
         <size>0xb8</size>
         <input_file_ref idref="fl-11"/>
      </object_component>
      <object_component id="oc-2c6">
         <name>.text</name>
         <load_address>0x1530</load_address>
         <run_address>0x1530</run_address>
         <size>0xb4</size>
         <input_file_ref idref="fl-136"/>
      </object_component>
      <object_component id="oc-36d">
         <name>.text</name>
         <load_address>0x15e4</load_address>
         <run_address>0x15e4</run_address>
         <size>0xa8</size>
         <input_file_ref idref="fl-146"/>
      </object_component>
      <object_component id="oc-144">
         <name>.text:MPU9150DataMagnetoGetFloat</name>
         <load_address>0x168c</load_address>
         <run_address>0x168c</run_address>
         <size>0xa0</size>
         <input_file_ref idref="fl-13"/>
      </object_component>
      <object_component id="oc-39">
         <name>.text</name>
         <load_address>0x172c</load_address>
         <run_address>0x172c</run_address>
         <size>0x9c</size>
         <input_file_ref idref="fl-141"/>
      </object_component>
      <object_component id="oc-212">
         <name>.text:I2CMStateIdle</name>
         <load_address>0x17c8</load_address>
         <run_address>0x17c8</run_address>
         <size>0x98</size>
         <input_file_ref idref="fl-12"/>
      </object_component>
      <object_component id="oc-21c">
         <name>.text:I2CMCommand</name>
         <load_address>0x1860</load_address>
         <run_address>0x1860</run_address>
         <size>0x88</size>
         <input_file_ref idref="fl-12"/>
      </object_component>
      <object_component id="oc-52">
         <name>.text</name>
         <load_address>0x18e8</load_address>
         <run_address>0x18e8</run_address>
         <size>0x7a</size>
         <input_file_ref idref="fl-142"/>
      </object_component>
      <object_component id="oc-13e">
         <name>.text:MPU9150DataAccelGetFloat</name>
         <load_address>0x1964</load_address>
         <run_address>0x1964</run_address>
         <size>0x78</size>
         <input_file_ref idref="fl-13"/>
      </object_component>
      <object_component id="oc-163">
         <name>.text:MPU9150DataGyroGetFloat</name>
         <load_address>0x19dc</load_address>
         <run_address>0x19dc</run_address>
         <size>0x78</size>
         <input_file_ref idref="fl-13"/>
      </object_component>
      <object_component id="oc-244">
         <name>.text:I2CMReadModifyWrite8</name>
         <load_address>0x1a54</load_address>
         <run_address>0x1a54</run_address>
         <size>0x70</size>
         <input_file_ref idref="fl-12"/>
      </object_component>
      <object_component id="oc-185">
         <name>.text</name>
         <load_address>0x1ac4</load_address>
         <run_address>0x1ac4</run_address>
         <size>0x6e</size>
         <input_file_ref idref="fl-13f"/>
      </object_component>
      <object_component id="oc-b7">
         <name>.text:MPU9150Init</name>
         <load_address>0x1b34</load_address>
         <run_address>0x1b34</run_address>
         <size>0x6c</size>
         <input_file_ref idref="fl-13"/>
      </object_component>
      <object_component id="oc-64">
         <name>.text</name>
         <load_address>0x1ba0</load_address>
         <run_address>0x1ba0</run_address>
         <size>0x6c</size>
         <input_file_ref idref="fl-14c"/>
      </object_component>
      <object_component id="oc-45">
         <name>.text</name>
         <load_address>0x1c0c</load_address>
         <run_address>0x1c0c</run_address>
         <size>0x6a</size>
         <input_file_ref idref="fl-13a"/>
      </object_component>
      <object_component id="oc-31d">
         <name>.text:IntDisable</name>
         <load_address>0x1c78</load_address>
         <run_address>0x1c78</run_address>
         <size>0x68</size>
         <input_file_ref idref="fl-c"/>
      </object_component>
      <object_component id="oc-93">
         <name>.text:IntEnable</name>
         <load_address>0x1ce0</load_address>
         <run_address>0x1ce0</run_address>
         <size>0x68</size>
         <input_file_ref idref="fl-c"/>
      </object_component>
      <object_component id="oc-317">
         <name>.text:IntIsEnabled</name>
         <load_address>0x1d48</load_address>
         <run_address>0x1d48</run_address>
         <size>0x64</size>
         <input_file_ref idref="fl-c"/>
      </object_component>
      <object_component id="oc-340">
         <name>.text:I2CMReadModifyWrite8Callback</name>
         <load_address>0x1dac</load_address>
         <run_address>0x1dac</run_address>
         <size>0x60</size>
         <input_file_ref idref="fl-12"/>
      </object_component>
      <object_component id="oc-8d">
         <name>.text:MPU9150DataRead</name>
         <load_address>0x1e0c</load_address>
         <run_address>0x1e0c</run_address>
         <size>0x60</size>
         <input_file_ref idref="fl-13"/>
      </object_component>
      <object_component id="oc-a5">
         <name>.text:TimerConfigure</name>
         <load_address>0x1e6c</load_address>
         <run_address>0x1e6c</run_address>
         <size>0x60</size>
         <input_file_ref idref="fl-f"/>
      </object_component>
      <object_component id="oc-200">
         <name>.text:I2CMStateWritePause</name>
         <load_address>0x1ecc</load_address>
         <run_address>0x1ecc</run_address>
         <size>0x5e</size>
         <input_file_ref idref="fl-12"/>
      </object_component>
      <object_component id="oc-28c">
         <name>.text:VectorCrossProduct</name>
         <load_address>0x1f2a</load_address>
         <run_address>0x1f2a</run_address>
         <size>0x56</size>
         <input_file_ref idref="fl-14"/>
      </object_component>
      <object_component id="oc-bd">
         <name>.text:MPU9150ReadModifyWrite</name>
         <load_address>0x1f80</load_address>
         <run_address>0x1f80</run_address>
         <size>0x54</size>
         <input_file_ref idref="fl-13"/>
      </object_component>
      <object_component id="oc-206">
         <name>.text:I2CMStateWriteFinal</name>
         <load_address>0x1fd4</load_address>
         <run_address>0x1fd4</run_address>
         <size>0x50</size>
         <input_file_ref idref="fl-12"/>
      </object_component>
      <object_component id="oc-24">
         <name>.text</name>
         <load_address>0x2024</load_address>
         <run_address>0x2024</run_address>
         <size>0x50</size>
         <input_file_ref idref="fl-138"/>
      </object_component>
      <object_component id="oc-1b9">
         <name>.text</name>
         <load_address>0x2074</load_address>
         <run_address>0x2074</run_address>
         <size>0x4c</size>
         <input_file_ref idref="fl-14d"/>
      </object_component>
      <object_component id="oc-1ee">
         <name>.text:I2CMStateReadNext</name>
         <load_address>0x20c0</load_address>
         <run_address>0x20c0</run_address>
         <size>0x4a</size>
         <input_file_ref idref="fl-12"/>
      </object_component>
      <object_component id="oc-108">
         <name>.text:GPIOPinConfigure</name>
         <load_address>0x210c</load_address>
         <run_address>0x210c</run_address>
         <size>0x48</size>
         <input_file_ref idref="fl-a"/>
      </object_component>
      <object_component id="oc-20c">
         <name>.text:I2CMStateWriteNext</name>
         <load_address>0x2154</load_address>
         <run_address>0x2154</run_address>
         <size>0x48</size>
         <input_file_ref idref="fl-12"/>
      </object_component>
      <object_component id="oc-233">
         <name>.text:I2CMasterInitExpClk</name>
         <load_address>0x219c</load_address>
         <run_address>0x219c</run_address>
         <size>0x48</size>
         <input_file_ref idref="fl-b"/>
      </object_component>
      <object_component id="oc-138">
         <name>.text:CompDCMInit</name>
         <load_address>0x21e4</load_address>
         <run_address>0x21e4</run_address>
         <size>0x44</size>
         <input_file_ref idref="fl-11"/>
      </object_component>
      <object_component id="oc-1d6">
         <name>.text:I2CMStateCallback</name>
         <load_address>0x2228</load_address>
         <run_address>0x2228</run_address>
         <size>0x44</size>
         <input_file_ref idref="fl-12"/>
      </object_component>
      <object_component id="oc-70">
         <name>.text</name>
         <load_address>0x226c</load_address>
         <run_address>0x226c</run_address>
         <size>0x44</size>
         <input_file_ref idref="fl-13c"/>
      </object_component>
      <object_component id="oc-175">
         <name>.text:CompDCMComputeEulers</name>
         <load_address>0x22b0</load_address>
         <run_address>0x22b0</run_address>
         <size>0x42</size>
         <input_file_ref idref="fl-11"/>
      </object_component>
      <object_component id="oc-1e8">
         <name>.text:I2CMStateReadFinal</name>
         <load_address>0x22f2</load_address>
         <run_address>0x22f2</run_address>
         <size>0x40</size>
         <input_file_ref idref="fl-12"/>
      </object_component>
      <object_component id="oc-3bb">
         <name>.text</name>
         <load_address>0x2334</load_address>
         <run_address>0x2334</run_address>
         <size>0x40</size>
         <input_file_ref idref="fl-151"/>
      </object_component>
      <object_component id="oc-1e2">
         <name>.text:I2CMStateReadPause</name>
         <load_address>0x2374</load_address>
         <run_address>0x2374</run_address>
         <size>0x3e</size>
         <input_file_ref idref="fl-12"/>
      </object_component>
      <object_component id="oc-17b">
         <name>.text</name>
         <load_address>0x23b2</load_address>
         <run_address>0x23b2</run_address>
         <size>0x38</size>
         <input_file_ref idref="fl-140"/>
      </object_component>
      <object_component id="oc-9f">
         <name>.text:I2CMInit</name>
         <load_address>0x23ea</load_address>
         <run_address>0x23ea</run_address>
         <size>0x34</size>
         <input_file_ref idref="fl-12"/>
      </object_component>
      <object_component id="oc-102">
         <name>.text:SysCtlPeripheralEnable</name>
         <load_address>0x2420</load_address>
         <run_address>0x2420</run_address>
         <size>0x34</size>
         <input_file_ref idref="fl-e"/>
      </object_component>
      <object_component id="oc-38e">
         <name>.text</name>
         <load_address>0x2454</load_address>
         <run_address>0x2454</run_address>
         <size>0x34</size>
         <input_file_ref idref="fl-14f"/>
      </object_component>
      <object_component id="oc-2ae">
         <name>.text:VectorAdd</name>
         <load_address>0x2488</load_address>
         <run_address>0x2488</run_address>
         <size>0x32</size>
         <input_file_ref idref="fl-14"/>
      </object_component>
      <object_component id="oc-35f">
         <name>.text</name>
         <load_address>0x24bc</load_address>
         <run_address>0x24bc</run_address>
         <size>0x30</size>
         <input_file_ref idref="fl-148"/>
      </object_component>
      <object_component id="oc-3ab">
         <name>.text</name>
         <load_address>0x24ec</load_address>
         <run_address>0x24ec</run_address>
         <size>0x2e</size>
         <input_file_ref idref="fl-150"/>
      </object_component>
      <object_component id="oc-2b9">
         <name>.text</name>
         <load_address>0x251a</load_address>
         <run_address>0x251a</run_address>
         <size>0x2c</size>
         <input_file_ref idref="fl-147"/>
      </object_component>
      <object_component id="oc-270">
         <name>.text:GPIODirModeSet</name>
         <load_address>0x2546</load_address>
         <run_address>0x2546</run_address>
         <size>0x2a</size>
         <input_file_ref idref="fl-a"/>
      </object_component>
      <object_component id="oc-1f4">
         <name>.text:I2CMStateReadFirst</name>
         <load_address>0x2570</load_address>
         <run_address>0x2570</run_address>
         <size>0x2a</size>
         <input_file_ref idref="fl-12"/>
      </object_component>
      <object_component id="oc-292">
         <name>.text:VectorDotProduct</name>
         <load_address>0x259a</load_address>
         <run_address>0x259a</run_address>
         <size>0x26</size>
         <input_file_ref idref="fl-14"/>
      </object_component>
      <object_component id="oc-29e">
         <name>.text:VectorScale</name>
         <load_address>0x25c0</load_address>
         <run_address>0x25c0</run_address>
         <size>0x26</size>
         <input_file_ref idref="fl-14"/>
      </object_component>
      <object_component id="oc-99">
         <name>.text:IntPrioritySet</name>
         <load_address>0x25e8</load_address>
         <run_address>0x25e8</run_address>
         <size>0x24</size>
         <input_file_ref idref="fl-c"/>
      </object_component>
      <object_component id="oc-298">
         <name>.text</name>
         <load_address>0x260c</load_address>
         <run_address>0x260c</run_address>
         <size>0x24</size>
         <input_file_ref idref="fl-144"/>
      </object_component>
      <object_component id="oc-c9">
         <name>.text:PWMGenConfigure</name>
         <load_address>0x2630</load_address>
         <run_address>0x2630</run_address>
         <size>0x22</size>
         <input_file_ref idref="fl-d"/>
      </object_component>
      <object_component id="oc-1fa">
         <name>.text:I2CMStateReadOne</name>
         <load_address>0x2652</load_address>
         <run_address>0x2652</run_address>
         <size>0x20</size>
         <input_file_ref idref="fl-12"/>
      </object_component>
      <object_component id="oc-12c">
         <name>.text:PWMPulseWidthSet</name>
         <load_address>0x2672</load_address>
         <run_address>0x2672</run_address>
         <size>0x1e</size>
         <input_file_ref idref="fl-d"/>
      </object_component>
      <object_component id="oc-1dc">
         <name>.text:I2CMStateReadWait</name>
         <load_address>0x2690</load_address>
         <run_address>0x2690</run_address>
         <size>0x1a</size>
         <input_file_ref idref="fl-12"/>
      </object_component>
      <object_component id="oc-126">
         <name>.text:GPIOPinTypeGPIOOutput</name>
         <load_address>0x26aa</load_address>
         <run_address>0x26aa</run_address>
         <size>0x18</size>
         <input_file_ref idref="fl-a"/>
      </object_component>
      <object_component id="oc-6a">
         <name>.text</name>
         <load_address>0x26c4</load_address>
         <run_address>0x26c4</run_address>
         <size>0x18</size>
         <input_file_ref idref="fl-14b"/>
      </object_component>
      <object_component id="oc-11a">
         <name>.text:SysCtlPWMClockSet</name>
         <load_address>0x26dc</load_address>
         <run_address>0x26dc</run_address>
         <size>0x14</size>
         <input_file_ref idref="fl-e"/>
      </object_component>
      <object_component id="oc-2e5">
         <name>.text</name>
         <load_address>0x26f0</load_address>
         <run_address>0x26f0</run_address>
         <size>0x14</size>
         <input_file_ref idref="fl-14a"/>
      </object_component>
      <object_component id="oc-10e">
         <name>.text:GPIOPinTypeI2C</name>
         <load_address>0x2704</load_address>
         <run_address>0x2704</run_address>
         <size>0x12</size>
         <input_file_ref idref="fl-a"/>
      </object_component>
      <object_component id="oc-114">
         <name>.text:GPIOPinTypeI2CSCL</name>
         <load_address>0x2716</load_address>
         <run_address>0x2716</run_address>
         <size>0x12</size>
         <input_file_ref idref="fl-a"/>
      </object_component>
      <object_component id="oc-120">
         <name>.text:GPIOPinTypePWM</name>
         <load_address>0x2728</load_address>
         <run_address>0x2728</run_address>
         <size>0x12</size>
         <input_file_ref idref="fl-a"/>
      </object_component>
      <object_component id="oc-d5">
         <name>.text:PWMOutputState</name>
         <load_address>0x273a</load_address>
         <run_address>0x273a</run_address>
         <size>0x12</size>
         <input_file_ref idref="fl-d"/>
      </object_component>
      <object_component id="oc-ab">
         <name>.text:TimerLoadSet</name>
         <load_address>0x274c</load_address>
         <run_address>0x274c</run_address>
         <size>0x12</size>
         <input_file_ref idref="fl-f"/>
      </object_component>
      <object_component id="oc-15c">
         <name>.text:IntMasterEnable</name>
         <load_address>0x275e</load_address>
         <run_address>0x275e</run_address>
         <size>0x10</size>
         <input_file_ref idref="fl-c"/>
      </object_component>
      <object_component id="oc-cf">
         <name>.text:PWMGenPeriodSet</name>
         <load_address>0x276e</load_address>
         <run_address>0x276e</run_address>
         <size>0x10</size>
         <input_file_ref idref="fl-d"/>
      </object_component>
      <object_component id="oc-14a">
         <name>.text:CompDCMAccelUpdate</name>
         <load_address>0x277e</load_address>
         <run_address>0x277e</run_address>
         <size>0xe</size>
         <input_file_ref idref="fl-11"/>
      </object_component>
      <object_component id="oc-169">
         <name>.text:CompDCMGyroUpdate</name>
         <load_address>0x278c</load_address>
         <run_address>0x278c</run_address>
         <size>0xe</size>
         <input_file_ref idref="fl-11"/>
      </object_component>
      <object_component id="oc-150">
         <name>.text:CompDCMMagnetoUpdate</name>
         <load_address>0x279a</load_address>
         <run_address>0x279a</run_address>
         <size>0xe</size>
         <input_file_ref idref="fl-11"/>
      </object_component>
      <object_component id="oc-132">
         <name>.text:TimerEnable</name>
         <load_address>0x27a8</load_address>
         <run_address>0x27a8</run_address>
         <size>0xe</size>
         <input_file_ref idref="fl-f"/>
      </object_component>
      <object_component id="oc-12">
         <name>.text:decompress:none</name>
         <load_address>0x27b6</load_address>
         <run_address>0x27b6</run_address>
         <size>0xe</size>
         <input_file_ref idref="fl-139"/>
      </object_component>
      <object_component id="oc-2a5">
         <name>.text:CPUcpsie</name>
         <load_address>0x27c4</load_address>
         <run_address>0x27c4</run_address>
         <size>0xc</size>
         <input_file_ref idref="fl-10"/>
      </object_component>
      <object_component id="oc-323">
         <name>.text:IntTrigger</name>
         <load_address>0x27d0</load_address>
         <run_address>0x27d0</run_address>
         <size>0xc</size>
         <input_file_ref idref="fl-c"/>
      </object_component>
      <object_component id="oc-db">
         <name>.text:PWMGenEnable</name>
         <load_address>0x27dc</load_address>
         <run_address>0x27dc</run_address>
         <size>0xc</size>
         <input_file_ref idref="fl-d"/>
      </object_component>
      <object_component id="oc-1e">
         <name>.text:decompress:ZI</name>
         <load_address>0x27e8</load_address>
         <run_address>0x27e8</run_address>
         <size>0xc</size>
         <input_file_ref idref="fl-13b"/>
      </object_component>
      <object_component id="oc-2a">
         <name>.text</name>
         <load_address>0x27f4</load_address>
         <run_address>0x27f4</run_address>
         <size>0xc</size>
         <input_file_ref idref="fl-3"/>
      </object_component>
      <object_component id="oc-338">
         <name>.text:I2CMasterEnable</name>
         <load_address>0x2800</load_address>
         <run_address>0x2800</run_address>
         <size>0xa</size>
         <input_file_ref idref="fl-b"/>
      </object_component>
      <object_component id="oc-7b">
         <name>.text:I2CMasterIntClear</name>
         <load_address>0x280a</load_address>
         <run_address>0x280a</run_address>
         <size>0x8</size>
         <input_file_ref idref="fl-b"/>
      </object_component>
      <object_component id="oc-239">
         <name>.text:I2CMasterIntEnableEx</name>
         <load_address>0x2812</load_address>
         <run_address>0x2812</run_address>
         <size>0x8</size>
         <input_file_ref idref="fl-b"/>
      </object_component>
      <object_component id="oc-301">
         <name>.text:I2CMasterSlaveAddrSet</name>
         <load_address>0x281a</load_address>
         <run_address>0x281a</run_address>
         <size>0x8</size>
         <input_file_ref idref="fl-b"/>
      </object_component>
      <object_component id="oc-b1">
         <name>.text:TimerIntEnable</name>
         <load_address>0x2822</load_address>
         <run_address>0x2822</run_address>
         <size>0x8</size>
         <input_file_ref idref="fl-f"/>
      </object_component>
      <object_component id="oc-e1">
         <name>.text:GPIOPinWrite</name>
         <load_address>0x282a</load_address>
         <run_address>0x282a</run_address>
         <size>0x6</size>
         <input_file_ref idref="fl-a"/>
      </object_component>
      <object_component id="oc-268">
         <name>.text:SysCtlDelay</name>
         <load_address>0x2830</load_address>
         <run_address>0x2830</run_address>
         <size>0x6</size>
         <input_file_ref idref="fl-e"/>
      </object_component>
      <object_component id="oc-18">
         <name>.text:decompress:rle24</name>
         <load_address>0x2836</load_address>
         <run_address>0x2836</run_address>
         <size>0x6</size>
         <input_file_ref idref="fl-13a"/>
      </object_component>
      <object_component id="oc-1d0">
         <name>.text:I2CMasterControl</name>
         <load_address>0x283c</load_address>
         <run_address>0x283c</run_address>
         <size>0x4</size>
         <input_file_ref idref="fl-b"/>
      </object_component>
      <object_component id="oc-2f7">
         <name>.text:I2CMasterDataGet</name>
         <load_address>0x2840</load_address>
         <run_address>0x2840</run_address>
         <size>0x4</size>
         <input_file_ref idref="fl-b"/>
      </object_component>
      <object_component id="oc-309">
         <name>.text:I2CMasterDataPut</name>
         <load_address>0x2844</load_address>
         <run_address>0x2844</run_address>
         <size>0x4</size>
         <input_file_ref idref="fl-b"/>
      </object_component>
      <object_component id="oc-87">
         <name>.text:TimerIntClear</name>
         <load_address>0x2848</load_address>
         <run_address>0x2848</run_address>
         <size>0x4</size>
         <input_file_ref idref="fl-f"/>
      </object_component>
      <object_component id="oc-5e">
         <name>.text</name>
         <load_address>0x284c</load_address>
         <run_address>0x284c</run_address>
         <size>0x4</size>
         <input_file_ref idref="fl-143"/>
      </object_component>
      <object_component id="oc-22f">
         <name>.const:g_pui32Regs</name>
         <load_address>0x2850</load_address>
         <run_address>0x2850</run_address>
         <size>0x9c</size>
         <input_file_ref idref="fl-c"/>
      </object_component>
      <object_component id="oc-26c">
         <name>.const:g_pui32GPIOBaseAddrs</name>
         <load_address>0x28ec</load_address>
         <run_address>0x28ec</run_address>
         <size>0x90</size>
         <input_file_ref idref="fl-a"/>
      </object_component>
      <object_component id="oc-22a">
         <name>.const</name>
         <load_address>0x297c</load_address>
         <run_address>0x297c</run_address>
         <size>0x70</size>
         <input_file_ref idref="fl-c"/>
      </object_component>
      <object_component id="oc-24b">
         <name>.const:g_pui32Xtals</name>
         <load_address>0x29ec</load_address>
         <run_address>0x29ec</run_address>
         <size>0x6c</size>
         <input_file_ref idref="fl-e"/>
      </object_component>
      <object_component id="oc-39c">
         <name>.const</name>
         <load_address>0x2a58</load_address>
         <run_address>0x2a58</run_address>
         <size>0x34</size>
         <input_file_ref idref="fl-146"/>
      </object_component>
      <object_component id="oc-285">
         <name>.const</name>
         <load_address>0x2a8c</load_address>
         <run_address>0x2a8c</run_address>
         <size>0x20</size>
         <input_file_ref idref="fl-13"/>
      </object_component>
      <object_component id="oc-403">
         <name>.cinit..data.load</name>
         <load_address>0x2ab0</load_address>
         <run_address>0x2ab0</run_address>
         <size>0x38</size>
      </object_component>
      <object_component id="oc-401">
         <name>__TI_handler_table</name>
         <load_address>0x2ae8</load_address>
         <run_address>0x2ae8</run_address>
         <size>0xc</size>
      </object_component>
      <object_component id="oc-404">
         <name>.cinit..bss.load</name>
         <load_address>0x2af8</load_address>
         <run_address>0x2af8</run_address>
         <size>0x8</size>
      </object_component>
      <object_component id="oc-402">
         <name>__TI_cinit_table</name>
         <load_address>0x2b00</load_address>
         <run_address>0x2b00</run_address>
         <size>0x10</size>
      </object_component>
      <object_component id="oc-29">
         <name>.stack</name>
         <uninitialized>true</uninitialized>
         <run_address>0x20000000</run_address>
         <size>0x0</size>
         <input_file_ref idref="fl-138"/>
      </object_component>
      <object_component id="oc-405">
         <name>.stack</name>
         <uninitialized>true</uninitialized>
         <run_address>0x20000000</run_address>
         <size>0x0</size>
      </object_component>
      <object_component id="oc-ea">
         <name>.bss:I2CInst</name>
         <uninitialized>true</uninitialized>
         <run_address>0x20000200</run_address>
         <size>0x124</size>
         <input_file_ref idref="fl-2"/>
      </object_component>
      <object_component id="oc-ed">
         <name>.bss:MPU9150Inst</name>
         <uninitialized>true</uninitialized>
         <run_address>0x20000324</run_address>
         <size>0x6c</size>
         <input_file_ref idref="fl-2"/>
      </object_component>
      <object_component id="oc-f3">
         <name>.common:Kp</name>
         <uninitialized>true</uninitialized>
         <run_address>0x2000039c</run_address>
         <size>0x4</size>
      </object_component>
      <object_component id="oc-f4">
         <name>.common:Ki</name>
         <uninitialized>true</uninitialized>
         <run_address>0x20000398</run_address>
         <size>0x4</size>
      </object_component>
      <object_component id="oc-f5">
         <name>.common:Kd</name>
         <uninitialized>true</uninitialized>
         <run_address>0x20000394</run_address>
         <size>0x4</size>
      </object_component>
      <object_component id="oc-f6">
         <name>.common:minInt</name>
         <uninitialized>true</uninitialized>
         <run_address>0x200003c4</run_address>
         <size>0x4</size>
      </object_component>
      <object_component id="oc-f7">
         <name>.common:maxInt</name>
         <uninitialized>true</uninitialized>
         <run_address>0x200003c0</run_address>
         <size>0x4</size>
      </object_component>
      <object_component id="oc-fb">
         <name>.common:setPoint</name>
         <uninitialized>true</uninitialized>
         <run_address>0x200003c8</run_address>
         <size>0x4</size>
      </object_component>
      <object_component id="oc-f8">
         <name>.common:derivator</name>
         <uninitialized>true</uninitialized>
         <run_address>0x200003b4</run_address>
         <size>0x4</size>
      </object_component>
      <object_component id="oc-f9">
         <name>.common:integrator</name>
         <uninitialized>true</uninitialized>
         <run_address>0x200003bc</run_address>
         <size>0x4</size>
      </object_component>
      <object_component id="oc-fa">
         <name>.common:error</name>
         <uninitialized>true</uninitialized>
         <run_address>0x200003b8</run_address>
         <size>0x4</size>
      </object_component>
      <object_component id="oc-162">
         <name>.common:Load</name>
         <uninitialized>true</uninitialized>
         <run_address>0x200003a0</run_address>
         <size>0x4</size>
      </object_component>
      <object_component id="oc-f0">
         <name>.common:PWMClock</name>
         <uninitialized>true</uninitialized>
         <run_address>0x200003a4</run_address>
         <size>0x4</size>
      </object_component>
      <object_component id="oc-18a">
         <name>.common:DutyC1</name>
         <uninitialized>true</uninitialized>
         <run_address>0x20000390</run_address>
         <size>0x4</size>
      </object_component>
      <object_component id="oc-18b">
         <name>.common:Roll</name>
         <uninitialized>true</uninitialized>
         <run_address>0x200003ac</run_address>
         <size>0x4</size>
      </object_component>
      <object_component id="oc-18c">
         <name>.common:Pitch</name>
         <uninitialized>true</uninitialized>
         <run_address>0x200003a8</run_address>
         <size>0x4</size>
      </object_component>
      <object_component id="oc-18d">
         <name>.common:Yaw</name>
         <uninitialized>true</uninitialized>
         <run_address>0x200003b0</run_address>
         <size>0x4</size>
      </object_component>
      <object_component id="oc-e7">
         <name>.data</name>
         <load_address>0x20000508</load_address>
         <run_address>0x20000508</run_address>
         <size>0x3</size>
         <input_file_ref idref="fl-2"/>
      </object_component>
      <object_component id="oc-1c6">
         <name>.data</name>
         <load_address>0x200004f0</load_address>
         <run_address>0x200004f0</run_address>
         <size>0x8</size>
         <input_file_ref idref="fl-13c"/>
      </object_component>
      <object_component id="oc-76">
         <name>.data</name>
         <load_address>0x20000504</load_address>
         <run_address>0x20000504</run_address>
         <size>0x4</size>
         <input_file_ref idref="fl-145"/>
      </object_component>
      <object_component id="oc-375">
         <name>.data</name>
         <load_address>0x20000480</load_address>
         <run_address>0x20000480</run_address>
         <size>0x68</size>
         <input_file_ref idref="fl-149"/>
      </object_component>
      <object_component id="oc-1c3">
         <name>.data</name>
         <load_address>0x200004e8</load_address>
         <run_address>0x200004e8</run_address>
         <size>0x8</size>
         <input_file_ref idref="fl-14a"/>
      </object_component>
      <object_component id="oc-394">
         <name>.data</name>
         <load_address>0x20000500</load_address>
         <run_address>0x20000500</run_address>
         <size>0x4</size>
         <input_file_ref idref="fl-14e"/>
      </object_component>
      <object_component id="oc-3b1">
         <name>.data</name>
         <load_address>0x200004f8</load_address>
         <run_address>0x200004f8</run_address>
         <size>0x8</size>
         <input_file_ref idref="fl-14f"/>
      </object_component>
      <object_component id="oc-3ce">
         <name>.data:sigtable</name>
         <load_address>0x200003d0</load_address>
         <run_address>0x200003d0</run_address>
         <size>0xb0</size>
         <input_file_ref idref="fl-151"/>
      </object_component>
      <object_component id="oc-f1">
         <name>.debug_info</name>
         <load_address>0x0</load_address>
         <run_address>0x0</run_address>
         <size>0xca7</size>
         <input_file_ref idref="fl-2"/>
      </object_component>
      <object_component id="oc-eb">
         <name>.debug_info</name>
         <load_address>0xca7</load_address>
         <run_address>0xca7</run_address>
         <size>0xcf</size>
         <input_file_ref idref="fl-2"/>
      </object_component>
      <object_component id="oc-ee">
         <name>.debug_info</name>
         <load_address>0xd76</load_address>
         <run_address>0xd76</run_address>
         <size>0xd7</size>
         <input_file_ref idref="fl-2"/>
      </object_component>
      <object_component id="oc-e8">
         <name>.debug_info</name>
         <load_address>0xe4d</load_address>
         <run_address>0xe4d</run_address>
         <size>0x12f</size>
         <input_file_ref idref="fl-2"/>
      </object_component>
      <object_component id="oc-31">
         <name>.debug_info</name>
         <load_address>0xf7c</load_address>
         <run_address>0xf7c</run_address>
         <size>0xcc3</size>
         <input_file_ref idref="fl-2"/>
      </object_component>
      <object_component id="oc-25a">
         <name>.debug_info</name>
         <load_address>0x1c3f</load_address>
         <run_address>0x1c3f</run_address>
         <size>0x4e6</size>
         <input_file_ref idref="fl-2"/>
      </object_component>
      <object_component id="oc-32d">
         <name>.debug_info</name>
         <load_address>0x2125</load_address>
         <run_address>0x2125</run_address>
         <size>0x108</size>
         <input_file_ref idref="fl-2"/>
      </object_component>
      <object_component id="oc-261">
         <name>.debug_info</name>
         <load_address>0x222d</load_address>
         <run_address>0x222d</run_address>
         <size>0x16c</size>
         <input_file_ref idref="fl-2"/>
      </object_component>
      <object_component id="oc-199">
         <name>.debug_info</name>
         <load_address>0x2399</load_address>
         <run_address>0x2399</run_address>
         <size>0xd6</size>
         <input_file_ref idref="fl-2"/>
      </object_component>
      <object_component id="oc-194">
         <name>.debug_info</name>
         <load_address>0x246f</load_address>
         <run_address>0x246f</run_address>
         <size>0x8b</size>
         <input_file_ref idref="fl-2"/>
      </object_component>
      <object_component id="oc-18f">
         <name>.debug_info</name>
         <load_address>0x24fa</load_address>
         <run_address>0x24fa</run_address>
         <size>0x18b</size>
         <input_file_ref idref="fl-2"/>
      </object_component>
      <object_component id="oc-38">
         <name>.debug_info</name>
         <load_address>0x2685</load_address>
         <run_address>0x2685</run_address>
         <size>0x156</size>
         <input_file_ref idref="fl-3"/>
      </object_component>
      <object_component id="oc-10">
         <name>.debug_info</name>
         <load_address>0x27db</load_address>
         <run_address>0x27db</run_address>
         <size>0xed</size>
         <input_file_ref idref="fl-3"/>
      </object_component>
      <object_component id="oc-2c">
         <name>.debug_info</name>
         <load_address>0x28c8</load_address>
         <run_address>0x28c8</run_address>
         <size>0x269</size>
         <input_file_ref idref="fl-3"/>
      </object_component>
      <object_component id="oc-1a0">
         <name>.debug_info</name>
         <load_address>0x2b31</load_address>
         <run_address>0x2b31</run_address>
         <size>0x84</size>
         <input_file_ref idref="fl-3"/>
      </object_component>
      <object_component id="oc-255">
         <name>.debug_info</name>
         <load_address>0x2bb5</load_address>
         <run_address>0x2bb5</run_address>
         <size>0x230</size>
         <input_file_ref idref="fl-a"/>
      </object_component>
      <object_component id="oc-26d">
         <name>.debug_info</name>
         <load_address>0x2de5</load_address>
         <run_address>0x2de5</run_address>
         <size>0x15b</size>
         <input_file_ref idref="fl-a"/>
      </object_component>
      <object_component id="oc-e2">
         <name>.debug_info</name>
         <load_address>0x2f40</load_address>
         <run_address>0x2f40</run_address>
         <size>0x2a3</size>
         <input_file_ref idref="fl-a"/>
      </object_component>
      <object_component id="oc-271">
         <name>.debug_info</name>
         <load_address>0x31e3</load_address>
         <run_address>0x31e3</run_address>
         <size>0x2b3</size>
         <input_file_ref idref="fl-a"/>
      </object_component>
      <object_component id="oc-277">
         <name>.debug_info</name>
         <load_address>0x3496</load_address>
         <run_address>0x3496</run_address>
         <size>0x316</size>
         <input_file_ref idref="fl-a"/>
      </object_component>
      <object_component id="oc-121">
         <name>.debug_info</name>
         <load_address>0x37ac</load_address>
         <run_address>0x37ac</run_address>
         <size>0x2a9</size>
         <input_file_ref idref="fl-a"/>
      </object_component>
      <object_component id="oc-115">
         <name>.debug_info</name>
         <load_address>0x3a55</load_address>
         <run_address>0x3a55</run_address>
         <size>0x2af</size>
         <input_file_ref idref="fl-a"/>
      </object_component>
      <object_component id="oc-10f">
         <name>.debug_info</name>
         <load_address>0x3d04</load_address>
         <run_address>0x3d04</run_address>
         <size>0x2a9</size>
         <input_file_ref idref="fl-a"/>
      </object_component>
      <object_component id="oc-127">
         <name>.debug_info</name>
         <load_address>0x3fad</load_address>
         <run_address>0x3fad</run_address>
         <size>0x2b7</size>
         <input_file_ref idref="fl-a"/>
      </object_component>
      <object_component id="oc-109">
         <name>.debug_info</name>
         <load_address>0x4264</load_address>
         <run_address>0x4264</run_address>
         <size>0x280</size>
         <input_file_ref idref="fl-a"/>
      </object_component>
      <object_component id="oc-1cf">
         <name>.debug_info</name>
         <load_address>0x44e4</load_address>
         <run_address>0x44e4</run_address>
         <size>0x231</size>
         <input_file_ref idref="fl-b"/>
      </object_component>
      <object_component id="oc-304">
         <name>.debug_info</name>
         <load_address>0x4715</load_address>
         <run_address>0x4715</run_address>
         <size>0x2ce</size>
         <input_file_ref idref="fl-b"/>
      </object_component>
      <object_component id="oc-23c">
         <name>.debug_info</name>
         <load_address>0x49e3</load_address>
         <run_address>0x49e3</run_address>
         <size>0x29a</size>
         <input_file_ref idref="fl-b"/>
      </object_component>
      <object_component id="oc-7e">
         <name>.debug_info</name>
         <load_address>0x4c7d</load_address>
         <run_address>0x4c7d</run_address>
         <size>0x252</size>
         <input_file_ref idref="fl-b"/>
      </object_component>
      <object_component id="oc-33b">
         <name>.debug_info</name>
         <load_address>0x4ecf</load_address>
         <run_address>0x4ecf</run_address>
         <size>0x24e</size>
         <input_file_ref idref="fl-b"/>
      </object_component>
      <object_component id="oc-236">
         <name>.debug_info</name>
         <load_address>0x511d</load_address>
         <run_address>0x511d</run_address>
         <size>0x2e8</size>
         <input_file_ref idref="fl-b"/>
      </object_component>
      <object_component id="oc-30c">
         <name>.debug_info</name>
         <load_address>0x5405</load_address>
         <run_address>0x5405</run_address>
         <size>0x27e</size>
         <input_file_ref idref="fl-b"/>
      </object_component>
      <object_component id="oc-2fa">
         <name>.debug_info</name>
         <load_address>0x5683</load_address>
         <run_address>0x5683</run_address>
         <size>0x254</size>
         <input_file_ref idref="fl-b"/>
      </object_component>
      <object_component id="oc-1d3">
         <name>.debug_info</name>
         <load_address>0x58d7</load_address>
         <run_address>0x58d7</run_address>
         <size>0x27e</size>
         <input_file_ref idref="fl-b"/>
      </object_component>
      <object_component id="oc-22e">
         <name>.debug_info</name>
         <load_address>0x5b55</load_address>
         <run_address>0x5b55</run_address>
         <size>0x20e</size>
         <input_file_ref idref="fl-c"/>
      </object_component>
      <object_component id="oc-22b">
         <name>.debug_info</name>
         <load_address>0x5d63</load_address>
         <run_address>0x5d63</run_address>
         <size>0x210</size>
         <input_file_ref idref="fl-c"/>
      </object_component>
      <object_component id="oc-230">
         <name>.debug_info</name>
         <load_address>0x5f73</load_address>
         <run_address>0x5f73</run_address>
         <size>0x14e</size>
         <input_file_ref idref="fl-c"/>
      </object_component>
      <object_component id="oc-324">
         <name>.debug_info</name>
         <load_address>0x60c1</load_address>
         <run_address>0x60c1</run_address>
         <size>0x26a</size>
         <input_file_ref idref="fl-c"/>
      </object_component>
      <object_component id="oc-9a">
         <name>.debug_info</name>
         <load_address>0x632b</load_address>
         <run_address>0x632b</run_address>
         <size>0x2c9</size>
         <input_file_ref idref="fl-c"/>
      </object_component>
      <object_component id="oc-15d">
         <name>.debug_info</name>
         <load_address>0x65f4</load_address>
         <run_address>0x65f4</run_address>
         <size>0x23e</size>
         <input_file_ref idref="fl-c"/>
      </object_component>
      <object_component id="oc-318">
         <name>.debug_info</name>
         <load_address>0x6832</load_address>
         <run_address>0x6832</run_address>
         <size>0x2a1</size>
         <input_file_ref idref="fl-c"/>
      </object_component>
      <object_component id="oc-94">
         <name>.debug_info</name>
         <load_address>0x6ad3</load_address>
         <run_address>0x6ad3</run_address>
         <size>0x268</size>
         <input_file_ref idref="fl-c"/>
      </object_component>
      <object_component id="oc-31e">
         <name>.debug_info</name>
         <load_address>0x6d3b</load_address>
         <run_address>0x6d3b</run_address>
         <size>0x26a</size>
         <input_file_ref idref="fl-c"/>
      </object_component>
      <object_component id="oc-250">
         <name>.debug_info</name>
         <load_address>0x6fa5</load_address>
         <run_address>0x6fa5</run_address>
         <size>0x1ed</size>
         <input_file_ref idref="fl-d"/>
      </object_component>
      <object_component id="oc-12d">
         <name>.debug_info</name>
         <load_address>0x7192</load_address>
         <run_address>0x7192</run_address>
         <size>0x2f6</size>
         <input_file_ref idref="fl-d"/>
      </object_component>
      <object_component id="oc-d6">
         <name>.debug_info</name>
         <load_address>0x7488</load_address>
         <run_address>0x7488</run_address>
         <size>0x2c4</size>
         <input_file_ref idref="fl-d"/>
      </object_component>
      <object_component id="oc-d0">
         <name>.debug_info</name>
         <load_address>0x774c</load_address>
         <run_address>0x774c</run_address>
         <size>0x2b6</size>
         <input_file_ref idref="fl-d"/>
      </object_component>
      <object_component id="oc-dc">
         <name>.debug_info</name>
         <load_address>0x7a02</load_address>
         <run_address>0x7a02</run_address>
         <size>0x276</size>
         <input_file_ref idref="fl-d"/>
      </object_component>
      <object_component id="oc-ca">
         <name>.debug_info</name>
         <load_address>0x7c78</load_address>
         <run_address>0x7c78</run_address>
         <size>0x2b3</size>
         <input_file_ref idref="fl-d"/>
      </object_component>
      <object_component id="oc-26a">
         <name>.debug_info</name>
         <load_address>0x7f2b</load_address>
         <run_address>0x7f2b</run_address>
         <size>0x27f</size>
         <input_file_ref idref="fl-e"/>
      </object_component>
      <object_component id="oc-24c">
         <name>.debug_info</name>
         <load_address>0x81aa</load_address>
         <run_address>0x81aa</run_address>
         <size>0x14d</size>
         <input_file_ref idref="fl-e"/>
      </object_component>
      <object_component id="oc-106">
         <name>.debug_info</name>
         <load_address>0x82f7</load_address>
         <run_address>0x82f7</run_address>
         <size>0x27d</size>
         <input_file_ref idref="fl-e"/>
      </object_component>
      <object_component id="oc-11c">
         <name>.debug_info</name>
         <load_address>0x8574</load_address>
         <run_address>0x8574</run_address>
         <size>0x263</size>
         <input_file_ref idref="fl-e"/>
      </object_component>
      <object_component id="oc-fe">
         <name>.debug_info</name>
         <load_address>0x87d7</load_address>
         <run_address>0x87d7</run_address>
         <size>0x2db</size>
         <input_file_ref idref="fl-e"/>
      </object_component>
      <object_component id="oc-c4">
         <name>.debug_info</name>
         <load_address>0x8ab2</load_address>
         <run_address>0x8ab2</run_address>
         <size>0x2b5</size>
         <input_file_ref idref="fl-e"/>
      </object_component>
      <object_component id="oc-34f">
         <name>.debug_info</name>
         <load_address>0x8d67</load_address>
         <run_address>0x8d67</run_address>
         <size>0x5f</size>
         <input_file_ref idref="fl-e"/>
      </object_component>
      <object_component id="oc-21b">
         <name>.debug_info</name>
         <load_address>0x8dc6</load_address>
         <run_address>0x8dc6</run_address>
         <size>0x228</size>
         <input_file_ref idref="fl-f"/>
      </object_component>
      <object_component id="oc-af">
         <name>.debug_info</name>
         <load_address>0x8fee</load_address>
         <run_address>0x8fee</run_address>
         <size>0x2ba</size>
         <input_file_ref idref="fl-f"/>
      </object_component>
      <object_component id="oc-b5">
         <name>.debug_info</name>
         <load_address>0x92a8</load_address>
         <run_address>0x92a8</run_address>
         <size>0x294</size>
         <input_file_ref idref="fl-f"/>
      </object_component>
      <object_component id="oc-8b">
         <name>.debug_info</name>
         <load_address>0x953c</load_address>
         <run_address>0x953c</run_address>
         <size>0x292</size>
         <input_file_ref idref="fl-f"/>
      </object_component>
      <object_component id="oc-136">
         <name>.debug_info</name>
         <load_address>0x97ce</load_address>
         <run_address>0x97ce</run_address>
         <size>0x27f</size>
         <input_file_ref idref="fl-f"/>
      </object_component>
      <object_component id="oc-a9">
         <name>.debug_info</name>
         <load_address>0x9a4d</load_address>
         <run_address>0x9a4d</run_address>
         <size>0x28c</size>
         <input_file_ref idref="fl-f"/>
      </object_component>
      <object_component id="oc-2a7">
         <name>.debug_info</name>
         <load_address>0x9cd9</load_address>
         <run_address>0x9cd9</run_address>
         <size>0x212</size>
         <input_file_ref idref="fl-10"/>
      </object_component>
      <object_component id="oc-284">
         <name>.debug_info</name>
         <load_address>0x9eeb</load_address>
         <run_address>0x9eeb</run_address>
         <size>0x2f0</size>
         <input_file_ref idref="fl-11"/>
      </object_component>
      <object_component id="oc-170">
         <name>.debug_info</name>
         <load_address>0xa1db</load_address>
         <run_address>0xa1db</run_address>
         <size>0x605</size>
         <input_file_ref idref="fl-11"/>
      </object_component>
      <object_component id="oc-157">
         <name>.debug_info</name>
         <load_address>0xa7e0</load_address>
         <run_address>0xa7e0</run_address>
         <size>0x34a</size>
         <input_file_ref idref="fl-11"/>
      </object_component>
      <object_component id="oc-151">
         <name>.debug_info</name>
         <load_address>0xab2a</load_address>
         <run_address>0xab2a</run_address>
         <size>0x2fd</size>
         <input_file_ref idref="fl-11"/>
      </object_component>
      <object_component id="oc-139">
         <name>.debug_info</name>
         <load_address>0xae27</load_address>
         <run_address>0xae27</run_address>
         <size>0x302</size>
         <input_file_ref idref="fl-11"/>
      </object_component>
      <object_component id="oc-16a">
         <name>.debug_info</name>
         <load_address>0xb129</load_address>
         <run_address>0xb129</run_address>
         <size>0x2d3</size>
         <input_file_ref idref="fl-11"/>
      </object_component>
      <object_component id="oc-176">
         <name>.debug_info</name>
         <load_address>0xb3fc</load_address>
         <run_address>0xb3fc</run_address>
         <size>0x2ff</size>
         <input_file_ref idref="fl-11"/>
      </object_component>
      <object_component id="oc-14b">
         <name>.debug_info</name>
         <load_address>0xb6fb</load_address>
         <run_address>0xb6fb</run_address>
         <size>0x2e1</size>
         <input_file_ref idref="fl-11"/>
      </object_component>
      <object_component id="oc-219">
         <name>.debug_info</name>
         <load_address>0xb9dc</load_address>
         <run_address>0xb9dc</run_address>
         <size>0x44b</size>
         <input_file_ref idref="fl-12"/>
      </object_component>
      <object_component id="oc-21d">
         <name>.debug_info</name>
         <load_address>0xbe27</load_address>
         <run_address>0xbe27</run_address>
         <size>0x484</size>
         <input_file_ref idref="fl-12"/>
      </object_component>
      <object_component id="oc-341">
         <name>.debug_info</name>
         <load_address>0xc2ab</load_address>
         <run_address>0xc2ab</run_address>
         <size>0x2f2</size>
         <input_file_ref idref="fl-12"/>
      </object_component>
      <object_component id="oc-245">
         <name>.debug_info</name>
         <load_address>0xc59d</load_address>
         <run_address>0xc59d</run_address>
         <size>0x3a4</size>
         <input_file_ref idref="fl-12"/>
      </object_component>
      <object_component id="oc-1d7">
         <name>.debug_info</name>
         <load_address>0xc941</load_address>
         <run_address>0xc941</run_address>
         <size>0x32c</size>
         <input_file_ref idref="fl-12"/>
      </object_component>
      <object_component id="oc-1dd">
         <name>.debug_info</name>
         <load_address>0xcc6d</load_address>
         <run_address>0xcc6d</run_address>
         <size>0x2a1</size>
         <input_file_ref idref="fl-12"/>
      </object_component>
      <object_component id="oc-1e3">
         <name>.debug_info</name>
         <load_address>0xcf0e</load_address>
         <run_address>0xcf0e</run_address>
         <size>0x2ba</size>
         <input_file_ref idref="fl-12"/>
      </object_component>
      <object_component id="oc-1e9">
         <name>.debug_info</name>
         <load_address>0xd1c8</load_address>
         <run_address>0xd1c8</run_address>
         <size>0x2c7</size>
         <input_file_ref idref="fl-12"/>
      </object_component>
      <object_component id="oc-1ef">
         <name>.debug_info</name>
         <load_address>0xd48f</load_address>
         <run_address>0xd48f</run_address>
         <size>0x2c5</size>
         <input_file_ref idref="fl-12"/>
      </object_component>
      <object_component id="oc-1f5">
         <name>.debug_info</name>
         <load_address>0xd754</load_address>
         <run_address>0xd754</run_address>
         <size>0x2bf</size>
         <input_file_ref idref="fl-12"/>
      </object_component>
      <object_component id="oc-1fb">
         <name>.debug_info</name>
         <load_address>0xda13</load_address>
         <run_address>0xda13</run_address>
         <size>0x2bb</size>
         <input_file_ref idref="fl-12"/>
      </object_component>
      <object_component id="oc-201">
         <name>.debug_info</name>
         <load_address>0xdcce</load_address>
         <run_address>0xdcce</run_address>
         <size>0x2ea</size>
         <input_file_ref idref="fl-12"/>
      </object_component>
      <object_component id="oc-207">
         <name>.debug_info</name>
         <load_address>0xdfb8</load_address>
         <run_address>0xdfb8</run_address>
         <size>0x2e0</size>
         <input_file_ref idref="fl-12"/>
      </object_component>
      <object_component id="oc-20d">
         <name>.debug_info</name>
         <load_address>0xe298</load_address>
         <run_address>0xe298</run_address>
         <size>0x2c7</size>
         <input_file_ref idref="fl-12"/>
      </object_component>
      <object_component id="oc-213">
         <name>.debug_info</name>
         <load_address>0xe55f</load_address>
         <run_address>0xe55f</run_address>
         <size>0x32d</size>
         <input_file_ref idref="fl-12"/>
      </object_component>
      <object_component id="oc-82">
         <name>.debug_info</name>
         <load_address>0xe88c</load_address>
         <run_address>0xe88c</run_address>
         <size>0x3f3</size>
         <input_file_ref idref="fl-12"/>
      </object_component>
      <object_component id="oc-a0">
         <name>.debug_info</name>
         <load_address>0xec7f</load_address>
         <run_address>0xec7f</run_address>
         <size>0x350</size>
         <input_file_ref idref="fl-12"/>
      </object_component>
      <object_component id="oc-229">
         <name>.debug_info</name>
         <load_address>0xefcf</load_address>
         <run_address>0xefcf</run_address>
         <size>0x3a1</size>
         <input_file_ref idref="fl-13"/>
      </object_component>
      <object_component id="oc-286">
         <name>.debug_info</name>
         <load_address>0xf370</load_address>
         <run_address>0xf370</run_address>
         <size>0x19c</size>
         <input_file_ref idref="fl-13"/>
      </object_component>
      <object_component id="oc-bf">
         <name>.debug_info</name>
         <load_address>0xf50c</load_address>
         <run_address>0xf50c</run_address>
         <size>0x34f</size>
         <input_file_ref idref="fl-13"/>
      </object_component>
      <object_component id="oc-b9">
         <name>.debug_info</name>
         <load_address>0xf85b</load_address>
         <run_address>0xf85b</run_address>
         <size>0x334</size>
         <input_file_ref idref="fl-13"/>
      </object_component>
      <object_component id="oc-8f">
         <name>.debug_info</name>
         <load_address>0xfb8f</load_address>
         <run_address>0xfb8f</run_address>
         <size>0x2f0</size>
         <input_file_ref idref="fl-13"/>
      </object_component>
      <object_component id="oc-145">
         <name>.debug_info</name>
         <load_address>0xfe7f</load_address>
         <run_address>0xfe7f</run_address>
         <size>0x3d4</size>
         <input_file_ref idref="fl-13"/>
      </object_component>
      <object_component id="oc-164">
         <name>.debug_info</name>
         <load_address>0x10253</load_address>
         <run_address>0x10253</run_address>
         <size>0x304</size>
         <input_file_ref idref="fl-13"/>
      </object_component>
      <object_component id="oc-13f">
         <name>.debug_info</name>
         <load_address>0x10557</load_address>
         <run_address>0x10557</run_address>
         <size>0x312</size>
         <input_file_ref idref="fl-13"/>
      </object_component>
      <object_component id="oc-223">
         <name>.debug_info</name>
         <load_address>0x10869</load_address>
         <run_address>0x10869</run_address>
         <size>0x2e5</size>
         <input_file_ref idref="fl-13"/>
      </object_component>
      <object_component id="oc-35d">
         <name>.debug_info</name>
         <load_address>0x10b4e</load_address>
         <run_address>0x10b4e</run_address>
         <size>0x13b</size>
         <input_file_ref idref="fl-14"/>
      </object_component>
      <object_component id="oc-29f">
         <name>.debug_info</name>
         <load_address>0x10c89</load_address>
         <run_address>0x10c89</run_address>
         <size>0x2bd</size>
         <input_file_ref idref="fl-14"/>
      </object_component>
      <object_component id="oc-293">
         <name>.debug_info</name>
         <load_address>0x10f46</load_address>
         <run_address>0x10f46</run_address>
         <size>0x2a4</size>
         <input_file_ref idref="fl-14"/>
      </object_component>
      <object_component id="oc-28d">
         <name>.debug_info</name>
         <load_address>0x111ea</load_address>
         <run_address>0x111ea</run_address>
         <size>0x2e2</size>
         <input_file_ref idref="fl-14"/>
      </object_component>
      <object_component id="oc-2b0">
         <name>.debug_info</name>
         <load_address>0x114cc</load_address>
         <run_address>0x114cc</run_address>
         <size>0x2d0</size>
         <input_file_ref idref="fl-14"/>
      </object_component>
      <object_component id="oc-379">
         <name>.debug_info</name>
         <load_address>0x1179c</load_address>
         <run_address>0x1179c</run_address>
         <size>0x184</size>
         <input_file_ref idref="fl-136"/>
      </object_component>
      <object_component id="oc-2c9">
         <name>.debug_info</name>
         <load_address>0x11920</load_address>
         <run_address>0x11920</run_address>
         <size>0x19c</size>
         <input_file_ref idref="fl-136"/>
      </object_component>
      <object_component id="oc-3a4">
         <name>.debug_info</name>
         <load_address>0x11abc</load_address>
         <run_address>0x11abc</run_address>
         <size>0x86</size>
         <input_file_ref idref="fl-136"/>
      </object_component>
      <object_component id="oc-374">
         <name>.debug_info</name>
         <load_address>0x11b42</load_address>
         <run_address>0x11b42</run_address>
         <size>0x11e</size>
         <input_file_ref idref="fl-137"/>
      </object_component>
      <object_component id="oc-2c3">
         <name>.debug_info</name>
         <load_address>0x11c60</load_address>
         <run_address>0x11c60</run_address>
         <size>0x1eb</size>
         <input_file_ref idref="fl-137"/>
      </object_component>
      <object_component id="oc-25">
         <name>.debug_info</name>
         <load_address>0x11e4b</load_address>
         <run_address>0x11e4b</run_address>
         <size>0x14e</size>
         <input_file_ref idref="fl-138"/>
      </object_component>
      <object_component id="oc-44">
         <name>.debug_info</name>
         <load_address>0x11f99</load_address>
         <run_address>0x11f99</run_address>
         <size>0x13b</size>
         <input_file_ref idref="fl-139"/>
      </object_component>
      <object_component id="oc-16">
         <name>.debug_info</name>
         <load_address>0x120d4</load_address>
         <run_address>0x120d4</run_address>
         <size>0x1da</size>
         <input_file_ref idref="fl-139"/>
      </object_component>
      <object_component id="oc-3f">
         <name>.debug_info</name>
         <load_address>0x122ae</load_address>
         <run_address>0x122ae</run_address>
         <size>0x46</size>
         <input_file_ref idref="fl-139"/>
      </object_component>
      <object_component id="oc-1a6">
         <name>.debug_info</name>
         <load_address>0x122f4</load_address>
         <run_address>0x122f4</run_address>
         <size>0x2c</size>
         <input_file_ref idref="fl-139"/>
      </object_component>
      <object_component id="oc-4c">
         <name>.debug_info</name>
         <load_address>0x12320</load_address>
         <run_address>0x12320</run_address>
         <size>0x12f</size>
         <input_file_ref idref="fl-13a"/>
      </object_component>
      <object_component id="oc-47">
         <name>.debug_info</name>
         <load_address>0x1244f</load_address>
         <run_address>0x1244f</run_address>
         <size>0x242</size>
         <input_file_ref idref="fl-13a"/>
      </object_component>
      <object_component id="oc-1a">
         <name>.debug_info</name>
         <load_address>0x12691</load_address>
         <run_address>0x12691</run_address>
         <size>0x1ac</size>
         <input_file_ref idref="fl-13a"/>
      </object_component>
      <object_component id="oc-4d">
         <name>.debug_info</name>
         <load_address>0x1283d</load_address>
         <run_address>0x1283d</run_address>
         <size>0x39</size>
         <input_file_ref idref="fl-13a"/>
      </object_component>
      <object_component id="oc-1b0">
         <name>.debug_info</name>
         <load_address>0x12876</load_address>
         <run_address>0x12876</run_address>
         <size>0x2c</size>
         <input_file_ref idref="fl-13a"/>
      </object_component>
      <object_component id="oc-5d">
         <name>.debug_info</name>
         <load_address>0x128a2</load_address>
         <run_address>0x128a2</run_address>
         <size>0x12a</size>
         <input_file_ref idref="fl-13b"/>
      </object_component>
      <object_component id="oc-1f">
         <name>.debug_info</name>
         <load_address>0x129cc</load_address>
         <run_address>0x129cc</run_address>
         <size>0x1a5</size>
         <input_file_ref idref="fl-13b"/>
      </object_component>
      <object_component id="oc-58">
         <name>.debug_info</name>
         <load_address>0x12b71</load_address>
         <run_address>0x12b71</run_address>
         <size>0x46</size>
         <input_file_ref idref="fl-13b"/>
      </object_component>
      <object_component id="oc-1ca">
         <name>.debug_info</name>
         <load_address>0x12bb7</load_address>
         <run_address>0x12bb7</run_address>
         <size>0x18c</size>
         <input_file_ref idref="fl-13c"/>
      </object_component>
      <object_component id="oc-1c7">
         <name>.debug_info</name>
         <load_address>0x12d43</load_address>
         <run_address>0x12d43</run_address>
         <size>0x131</size>
         <input_file_ref idref="fl-13c"/>
      </object_component>
      <object_component id="oc-74">
         <name>.debug_info</name>
         <load_address>0x12e74</load_address>
         <run_address>0x12e74</run_address>
         <size>0x208</size>
         <input_file_ref idref="fl-13c"/>
      </object_component>
      <object_component id="oc-2b5">
         <name>.debug_info</name>
         <load_address>0x1307c</load_address>
         <run_address>0x1307c</run_address>
         <size>0x143</size>
         <input_file_ref idref="fl-13d"/>
      </object_component>
      <object_component id="oc-183">
         <name>.debug_info</name>
         <load_address>0x131bf</load_address>
         <run_address>0x131bf</run_address>
         <size>0x131</size>
         <input_file_ref idref="fl-13e"/>
      </object_component>
      <object_component id="oc-186">
         <name>.debug_info</name>
         <load_address>0x132f0</load_address>
         <run_address>0x132f0</run_address>
         <size>0x135</size>
         <input_file_ref idref="fl-13f"/>
      </object_component>
      <object_component id="oc-17c">
         <name>.debug_info</name>
         <load_address>0x13425</load_address>
         <run_address>0x13425</run_address>
         <size>0x123</size>
         <input_file_ref idref="fl-140"/>
      </object_component>
      <object_component id="oc-3a">
         <name>.debug_info</name>
         <load_address>0x13548</load_address>
         <run_address>0x13548</run_address>
         <size>0x110</size>
         <input_file_ref idref="fl-141"/>
      </object_component>
      <object_component id="oc-53">
         <name>.debug_info</name>
         <load_address>0x13658</load_address>
         <run_address>0x13658</run_address>
         <size>0x13e</size>
         <input_file_ref idref="fl-142"/>
      </object_component>
      <object_component id="oc-62">
         <name>.debug_info</name>
         <load_address>0x13796</load_address>
         <run_address>0x13796</run_address>
         <size>0x143</size>
         <input_file_ref idref="fl-143"/>
      </object_component>
      <object_component id="oc-366">
         <name>.debug_info</name>
         <load_address>0x138d9</load_address>
         <run_address>0x138d9</run_address>
         <size>0x11c</size>
         <input_file_ref idref="fl-144"/>
      </object_component>
      <object_component id="oc-29b">
         <name>.debug_info</name>
         <load_address>0x139f5</load_address>
         <run_address>0x139f5</run_address>
[...]
      </symbol>
      <symbol id="sm-c5">
         <name>I2C1Configure</name>
         <value>0x2ab</value>
         <object_component_ref idref="oc-30"/>
      </symbol>
      <symbol id="sm-c6">
         <name>MPU9150Inst</name>
         <value>0x20000324</value>
         <object_component_ref idref="oc-ed"/>
      </symbol>
      <symbol id="sm-c7">
         <name>testing_position</name>
         <value>0x2000050a</value>
         <object_component_ref idref="oc-e7"/>
      </symbol>
      <symbol id="sm-e8">
         <name>ResetISR</name>
         <value>0x27f5</value>
         <object_component_ref idref="oc-2a"/>
      </symbol>
      <symbol id="sm-e9">
         <name>g_pfnVectors</name>
         <value>0x0</value>
         <object_component_ref idref="oc-f"/>
      </symbol>
      <symbol id="sm-13b">
         <name>GPIOPinTypePWM</name>
         <value>0x2729</value>
         <object_component_ref idref="oc-120"/>
      </symbol>
      <symbol id="sm-13c">
         <name>GPIOPinConfigure</name>
         <value>0x210d</value>
         <object_component_ref idref="oc-108"/>
      </symbol>
      <symbol id="sm-13d">
         <name>GPIOPinTypeI2CSCL</name>
         <value>0x2717</value>
         <object_component_ref idref="oc-114"/>
      </symbol>
      <symbol id="sm-13e">
         <name>GPIOPinTypeI2C</name>
         <value>0x2705</value>
         <object_component_ref idref="oc-10e"/>
      </symbol>
      <symbol id="sm-13f">
         <name>GPIOPinTypeGPIOOutput</name>
         <value>0x26ab</value>
         <object_component_ref idref="oc-126"/>
      </symbol>
      <symbol id="sm-140">
         <name>GPIODirModeSet</name>
         <value>0x2547</value>
         <object_component_ref idref="oc-270"/>
      </symbol>
      <symbol id="sm-141">
         <name>GPIOPinWrite</name>
         <value>0x282b</value>
         <object_component_ref idref="oc-e1"/>
      </symbol>
      <symbol id="sm-142">
         <name>GPIOPadConfigSet</name>
         <value>0xe45</value>
         <object_component_ref idref="oc-276"/>
      </symbol>
      <symbol id="sm-18c">
         <name>I2CMasterDataPut</name>
         <value>0x2845</value>
         <object_component_ref idref="oc-309"/>
      </symbol>
      <symbol id="sm-18d">
         <name>I2CMasterInitExpClk</name>
         <value>0x219d</value>
         <object_component_ref idref="oc-233"/>
      </symbol>
      <symbol id="sm-18e">
         <name>I2CMasterSlaveAddrSet</name>
         <value>0x281b</value>
         <object_component_ref idref="oc-301"/>
      </symbol>
      <symbol id="sm-18f">
         <name>I2CMasterDataGet</name>
         <value>0x2841</value>
         <object_component_ref idref="oc-2f7"/>
      </symbol>
      <symbol id="sm-190">
         <name>I2CMasterIntEnableEx</name>
         <value>0x2813</value>
         <object_component_ref idref="oc-239"/>
      </symbol>
      <symbol id="sm-191">
         <name>I2CMasterControl</name>
         <value>0x283d</value>
         <object_component_ref idref="oc-1d0"/>
      </symbol>
      <symbol id="sm-192">
         <name>I2CMasterEnable</name>
         <value>0x2801</value>
         <object_component_ref idref="oc-338"/>
      </symbol>
      <symbol id="sm-193">
         <name>I2CMasterIntClear</name>
         <value>0x280b</value>
         <object_component_ref idref="oc-7b"/>
      </symbol>
      <symbol id="sm-202">
         <name>IntPrioritySet</name>
         <value>0x25e9</value>
         <object_component_ref idref="oc-99"/>
      </symbol>
      <symbol id="sm-203">
         <name>IntIsEnabled</name>
         <value>0x1d49</value>
         <object_component_ref idref="oc-317"/>
      </symbol>
      <symbol id="sm-204">
         <name>IntEnable</name>
         <value>0x1ce1</value>
         <object_component_ref idref="oc-93"/>
      </symbol>
      <symbol id="sm-205">
         <name>IntTrigger</name>
         <value>0x27d1</value>
         <object_component_ref idref="oc-323"/>
      </symbol>
      <symbol id="sm-206">
         <name>IntDisable</name>
         <value>0x1c79</value>
         <object_component_ref idref="oc-31d"/>
      </symbol>
      <symbol id="sm-207">
         <name>IntMasterEnable</name>
         <value>0x275f</value>
         <object_component_ref idref="oc-15c"/>
      </symbol>
      <symbol id="sm-234">
         <name>PWMGenPeriodSet</name>
         <value>0x276f</value>
         <object_component_ref idref="oc-cf"/>
      </symbol>
      <symbol id="sm-235">
         <name>PWMPulseWidthSet</name>
         <value>0x2673</value>
         <object_component_ref idref="oc-12c"/>
      </symbol>
      <symbol id="sm-236">
         <name>PWMOutputState</name>
         <value>0x273b</value>
         <object_component_ref idref="oc-d5"/>
      </symbol>
      <symbol id="sm-237">
         <name>PWMGenEnable</name>
         <value>0x27dd</value>
         <object_component_ref idref="oc-db"/>
      </symbol>
      <symbol id="sm-238">
         <name>PWMGenConfigure</name>
         <value>0x2631</value>
         <object_component_ref idref="oc-c9"/>
      </symbol>
      <symbol id="sm-293">
         <name>SysCtlClockSet</name>
         <value>0x1389</value>
         <object_component_ref idref="oc-fc"/>
      </symbol>
      <symbol id="sm-294">
         <name>SysCtlDelay</name>
         <value>0x2831</value>
         <object_component_ref idref="oc-268"/>
      </symbol>
      <symbol id="sm-295">
         <name>SysCtlPeripheralEnable</name>
         <value>0x2421</value>
         <object_component_ref idref="oc-102"/>
      </symbol>
      <symbol id="sm-296">
         <name>SysCtlClockGet</name>
         <value>0x108d</value>
         <object_component_ref idref="oc-c3"/>
      </symbol>
      <symbol id="sm-297">
         <name>SysCtlPWMClockSet</name>
         <value>0x26dd</value>
         <object_component_ref idref="oc-11a"/>
      </symbol>
      <symbol id="sm-2cb">
         <name>TimerLoadSet</name>
         <value>0x274d</value>
         <object_component_ref idref="oc-ab"/>
      </symbol>
      <symbol id="sm-2cc">
         <name>TimerEnable</name>
         <value>0x27a9</value>
         <object_component_ref idref="oc-132"/>
      </symbol>
      <symbol id="sm-2cd">
         <name>TimerIntEnable</name>
         <value>0x2823</value>
         <object_component_ref idref="oc-b1"/>
      </symbol>
      <symbol id="sm-2ce">
         <name>TimerConfigure</name>
         <value>0x1e6d</value>
         <object_component_ref idref="oc-a5"/>
      </symbol>
      <symbol id="sm-2cf">
         <name>TimerIntClear</name>
         <value>0x2849</value>
         <object_component_ref idref="oc-87"/>
      </symbol>
      <symbol id="sm-2d9">
         <name>CPUcpsie</name>
         <value>0x27c5</value>
         <object_component_ref idref="oc-2a5"/>
      </symbol>
      <symbol id="sm-321">
         <name>CompDCMMagnetoUpdate</name>
         <value>0x279b</value>
         <object_component_ref idref="oc-150"/>
      </symbol>
      <symbol id="sm-322">
         <name>CompDCMComputeEulers</name>
         <value>0x22b1</value>
         <object_component_ref idref="oc-175"/>
      </symbol>
      <symbol id="sm-323">
         <name>CompDCMStart</name>
         <value>0x1479</value>
         <object_component_ref idref="oc-156"/>
      </symbol>
      <symbol id="sm-324">
         <name>CompDCMGyroUpdate</name>
         <value>0x278d</value>
         <object_component_ref idref="oc-169"/>
      </symbol>
      <symbol id="sm-325">
         <name>CompDCMUpdate</name>
         <value>0x871</value>
         <object_component_ref idref="oc-16f"/>
      </symbol>
      <symbol id="sm-326">
         <name>CompDCMAccelUpdate</name>
         <value>0x277f</value>
         <object_component_ref idref="oc-14a"/>
      </symbol>
      <symbol id="sm-327">
         <name>CompDCMInit</name>
         <value>0x21e5</value>
         <object_component_ref idref="oc-138"/>
      </symbol>
      <symbol id="sm-3f8">
         <name>I2CMCommand</name>
         <value>0x1861</value>
         <object_component_ref idref="oc-21c"/>
      </symbol>
      <symbol id="sm-3f9">
         <name>I2CMInit</name>
         <value>0x23eb</value>
         <object_component_ref idref="oc-9f"/>
      </symbol>
      <symbol id="sm-3fa">
         <name>I2CMReadModifyWrite8</name>
         <value>0x1a55</value>
         <object_component_ref idref="oc-244"/>
      </symbol>
      <symbol id="sm-3fb">
         <name>I2CMIntHandler</name>
         <value>0x1295</value>
         <object_component_ref idref="oc-81"/>
      </symbol>
      <symbol id="sm-474">
         <name>MPU9150DataMagnetoGetFloat</name>
         <value>0x168d</value>
         <object_component_ref idref="oc-144"/>
      </symbol>
      <symbol id="sm-475">
         <name>MPU9150Init</name>
         <value>0x1b35</value>
         <object_component_ref idref="oc-b7"/>
      </symbol>
      <symbol id="sm-476">
         <name>MPU9150DataAccelGetFloat</name>
         <value>0x1965</value>
         <object_component_ref idref="oc-13e"/>
      </symbol>
      <symbol id="sm-477">
         <name>MPU9150DataRead</name>
         <value>0x1e0d</value>
         <object_component_ref idref="oc-8d"/>
      </symbol>
      <symbol id="sm-478">
         <name>MPU9150ReadModifyWrite</name>
         <value>0x1f81</value>
         <object_component_ref idref="oc-bd"/>
      </symbol>
      <symbol id="sm-479">
         <name>MPU9150DataGyroGetFloat</name>
         <value>0x19dd</value>
         <object_component_ref idref="oc-163"/>
      </symbol>
      <symbol id="sm-49e">
         <name>VectorDotProduct</name>
         <value>0x259b</value>
         <object_component_ref idref="oc-292"/>
      </symbol>
      <symbol id="sm-49f">
         <name>VectorScale</name>
         <value>0x25c1</value>
         <object_component_ref idref="oc-29e"/>
      </symbol>
      <symbol id="sm-4a0">
         <name>VectorAdd</name>
         <value>0x2489</value>
         <object_component_ref idref="oc-2ae"/>
      </symbol>
      <symbol id="sm-4a1">
         <name>VectorCrossProduct</name>
         <value>0x1f2b</value>
         <object_component_ref idref="oc-28c"/>
      </symbol>
      <symbol id="sm-4bd">
         <name>asinf</name>
         <value>0x1531</value>
         <object_component_ref idref="oc-2c6"/>
      </symbol>
      <symbol id="sm-4d8">
         <name>atan2f</name>
         <value>0xf75</value>
         <object_component_ref idref="oc-2c0"/>
      </symbol>
      <symbol id="sm-4ea">
         <name>_c_int00</name>
         <value>0x2025</value>
         <object_component_ref idref="oc-24"/>
      </symbol>
      <symbol id="sm-4eb">
         <name>__stack</name>
         <value>0x20000000</value>
         <object_component_ref idref="oc-29"/>
      </symbol>
      <symbol id="sm-502">
         <name>__TI_decompress_none</name>
         <value>0x27b7</value>
         <object_component_ref idref="oc-12"/>
      </symbol>
      <symbol id="sm-52a">
         <name>__TI_decompress_rle24</name>
         <value>0x2837</value>
         <object_component_ref idref="oc-18"/>
      </symbol>
      <symbol id="sm-53c">
         <name>__TI_zero_init</name>
         <value>0x27e9</value>
         <object_component_ref idref="oc-1e"/>
      </symbol>
      <symbol id="sm-55b">
         <name>C$$EXIT</name>
         <value>0x226d</value>
         <object_component_ref idref="oc-70"/>
      </symbol>
      <symbol id="sm-55c">
         <name>abort</name>
         <value>0x2271</value>
         <object_component_ref idref="oc-70"/>
      </symbol>
      <symbol id="sm-55d">
         <name>exit</name>
         <value>0x2279</value>
         <object_component_ref idref="oc-70"/>
      </symbol>
      <symbol id="sm-55e">
         <name>__TI_dtors_ptr</name>
         <value>0x200004f4</value>
         <object_component_ref idref="oc-1c6"/>
      </symbol>
      <symbol id="sm-55f">
         <name>__TI_cleanup_ptr</name>
         <value>0x200004f0</value>
         <object_component_ref idref="oc-1c6"/>
      </symbol>
      <symbol id="sm-583">
         <name>__aeabi_dsub</name>
         <value>0xb01</value>
         <object_component_ref idref="oc-2b4"/>
      </symbol>
      <symbol id="sm-584">
         <name>__aeabi_dadd</name>
         <value>0xb0b</value>
         <object_component_ref idref="oc-2b4"/>
      </symbol>
      <symbol id="sm-59b">
         <name>__aeabi_dmul</name>
         <value>0x1199</value>
         <object_component_ref idref="oc-180"/>
      </symbol>
      <symbol id="sm-5ab">
         <name>__aeabi_d2f</name>
         <value>0x1ac5</value>
         <object_component_ref idref="oc-185"/>
      </symbol>
      <symbol id="sm-5b9">
         <name>__aeabi_f2d</name>
         <value>0x23b3</value>
         <object_component_ref idref="oc-17b"/>
      </symbol>
      <symbol id="sm-5d4">
         <name>memcpy</name>
         <value>0x172d</value>
         <object_component_ref idref="oc-39"/>
      </symbol>
      <symbol id="sm-5d5">
         <name>__aeabi_memcpy</name>
         <value>0x172d</value>
         <object_component_ref idref="oc-39"/>
      </symbol>
      <symbol id="sm-5d6">
         <name>__aeabi_memcpy8</name>
         <value>0x172d</value>
         <object_component_ref idref="oc-39"/>
      </symbol>
      <symbol id="sm-5d7">
         <name>__aeabi_memcpy4</name>
         <value>0x172d</value>
         <object_component_ref idref="oc-39"/>
      </symbol>
      <symbol id="sm-5e6">
         <name>__aeabi_memset</name>
         <value>0x18eb</value>
         <object_component_ref idref="oc-52"/>
      </symbol>
      <symbol id="sm-5e7">
         <name>memset</name>
         <value>0x18f1</value>
         <object_component_ref idref="oc-52"/>
      </symbol>
      <symbol id="sm-5e8">
         <name>__aeabi_memset8</name>
         <value>0x18eb</value>
         <object_component_ref idref="oc-52"/>
      </symbol>
      <symbol id="sm-5e9">
         <name>__aeabi_memset4</name>
         <value>0x18eb</value>
         <object_component_ref idref="oc-52"/>
      </symbol>
      <symbol id="sm-5ea">
         <name>__aeabi_memclr8</name>
         <value>0x18e9</value>
         <object_component_ref idref="oc-52"/>
      </symbol>
      <symbol id="sm-5eb">
         <name>__aeabi_memclr4</name>
         <value>0x18e9</value>
         <object_component_ref idref="oc-52"/>
      </symbol>
      <symbol id="sm-5ec">
         <name>__aeabi_memclr</name>
         <value>0x18e9</value>
         <object_component_ref idref="oc-52"/>
      </symbol>
      <symbol id="sm-5f6">
         <name>_system_pre_init</name>
         <value>0x284d</value>
         <object_component_ref idref="oc-5e"/>
      </symbol>
      <symbol id="sm-606">
         <name>sqrtf</name>
         <value>0x260d</value>
         <object_component_ref idref="oc-298"/>
      </symbol>
      <symbol id="sm-60e">
         <name>main_func_sp</name>
         <value>0x20000504</value>
         <object_component_ref idref="oc-76"/>
      </symbol>
      <symbol id="sm-633">
         <name>_FAtan</name>
         <value>0x15e5</value>
         <object_component_ref idref="oc-36d"/>
      </symbol>
      <symbol id="sm-641">
         <name>_FDclass</name>
         <value>0x251b</value>
         <object_component_ref idref="oc-2b9"/>
      </symbol>
      <symbol id="sm-650">
         <name>_Feraise</name>
         <value>0x24bd</value>
         <object_component_ref idref="oc-35f"/>
      </symbol>
      <symbol id="sm-65f">
         <name>_FZero</name>
         <value>0x200004e4</value>
         <object_component_ref idref="oc-375"/>
      </symbol>
      <symbol id="sm-660">
         <name>_FRteps</name>
         <value>0x200004d0</value>
         <object_component_ref idref="oc-375"/>
      </symbol>
      <symbol id="sm-661">
         <name>_FSnan</name>
         <value>0x200004c0</value>
         <object_component_ref idref="oc-375"/>
      </symbol>
      <symbol id="sm-662">
         <name>_FNan</name>
         <value>0x200004b0</value>
         <object_component_ref idref="oc-375"/>
      </symbol>
      <symbol id="sm-663">
         <name>_FInf</name>
         <value>0x200004a0</value>
         <object_component_ref idref="oc-375"/>
      </symbol>
      <symbol id="sm-664">
         <name>_FEps</name>
         <value>0x20000490</value>
         <object_component_ref idref="oc-375"/>
      </symbol>
      <symbol id="sm-665">
         <name>_FXbig</name>
         <value>0x200004e0</value>
         <object_component_ref idref="oc-375"/>
      </symbol>
      <symbol id="sm-666">
         <name>_FDenorm</name>
         <value>0x20000480</value>
         <object_component_ref idref="oc-375"/>
      </symbol>
      <symbol id="sm-67f">
         <name>_nop</name>
         <value>0x26ff</value>
         <object_component_ref idref="oc-2e5"/>
      </symbol>
      <symbol id="sm-680">
         <name>_lock</name>
         <value>0x200004e8</value>
         <object_component_ref idref="oc-1c3"/>
      </symbol>
      <symbol id="sm-681">
         <name>_unlock</name>
         <value>0x200004ec</value>
         <object_component_ref idref="oc-1c3"/>
      </symbol>
      <symbol id="sm-682">
         <name>_register_lock</name>
         <value>0x26f7</value>
         <object_component_ref idref="oc-2e5"/>
      </symbol>
      <symbol id="sm-683">
         <name>_register_unlock</name>
         <value>0x26f1</value>
         <object_component_ref idref="oc-2e5"/>
      </symbol>
      <symbol id="sm-698">
         <name>_args_main</name>
         <value>0x26c5</value>
         <object_component_ref idref="oc-6a"/>
      </symbol>
      <symbol id="sm-6be">
         <name>__TI_auto_init</name>
         <value>0x1ba1</value>
         <object_component_ref idref="oc-64"/>
      </symbol>
      <symbol id="sm-6d8">
         <name>copy_in</name>
         <value>0x2075</value>
         <object_component_ref idref="oc-1b9"/>
      </symbol>
      <symbol id="sm-6e0">
         <name>_Errno</name>
         <value>0x20000500</value>
         <object_component_ref idref="oc-394"/>
      </symbol>
      <symbol id="sm-6fe">
         <name>feraiseexcept</name>
         <value>0x2455</value>
         <object_component_ref idref="oc-38e"/>
      </symbol>
      <symbol id="sm-6ff">
         <name>_Tls_setup__Fenv</name>
         <value>0x200004fc</value>
         <object_component_ref idref="oc-3b1"/>
      </symbol>
      <symbol id="sm-700">
         <name>_Fenv</name>
         <value>0x200004f8</value>
         <object_component_ref idref="oc-3b1"/>
      </symbol>
      <symbol id="sm-714">
         <name>raise</name>
         <value>0x24ed</value>
         <object_component_ref idref="oc-3ab"/>
      </symbol>
      <symbol id="sm-72e">
         <name>signal</name>
         <value>0x2335</value>
         <object_component_ref idref="oc-3bb"/>
      </symbol>
      <symbol id="sm-72f">
         <name>__TI_static_base__</name>
         <value>0x0</value>
      </symbol>
      <symbol id="sm-732">
         <name>SHT$$INIT_ARRAY$$Limit</name>
         <value>0x0</value>
      </symbol>
      <symbol id="sm-733">
         <name>SHT$$INIT_ARRAY$$Base</name>
         <value>0x0</value>
      </symbol>
   </symbol_table>
   <title>Link successful</title>
</link_info>
