******************************************************************************
                  TI ARM Linker PC v5.2.8                      
******************************************************************************
>> Linked Wed Oct 05 19:26:21 2016

OUTPUT FILE NAME:   <MPU6050_Practica.out>
ENTRY POINT SYMBOL: "_c_int00"  address: 00002025


MEMORY CONFIGURATION

         name            origin    length      used     unused   attr    fill
----------------------  --------  ---------  --------  --------  ----  --------
  FLASH                 00000000   00040000  00002b0c  0003d4f4  R  X
  SRAM                  20000000   00008000  00000507  00007af9  RW X


SEGMENT ALLOCATION MAP

run origin  load origin   length   init length attrs members
----------  ----------- ---------- ----------- ----- -------
00000000    00000000    00002b10   00002b10    r-x
  00000000    00000000    0000026c   0000026c    r-- .intvecs
  0000026c    0000026c    000025e4   000025e4    r-x .text
  00002850    00002850    0000025c   0000025c    r-- .const
  00002ab0    00002ab0    00000060   00000060    r-- .cinit
20000000    20000000    0000050b   00000000    rw-
  20000000    20000000    00000200   00000000    rw- .stack
  20000200    20000200    000001cc   00000000    rw- .bss
  200003d0    200003d0    0000013b   00000000    rw- .data


SECTION ALLOCATION MAP

 output                                  attributes/
section   page    origin      length       input sections
--------  ----  ----------  ----------   ----------------
.intvecs   0    00000000    0000026c     
                  00000000    0000026c     tm4c123gh6pm_startup_ccs.obj (.intvecs)

.text      0    0000026c    000025e4     
                  0000026c    00000604     main.obj (.text)
                  00000870    00000290     sensorlib.lib : comp_dcm.obj (.text:CompDCMUpdate)
                  00000b00    000001b6     rtsv7M4_T_le_v4SPD16_eabi.lib : fd_add_t2.obj (.text)
                  00000cb6    00000002     --HOLE-- [fill = 0]
                  00000cb8    0000018c     sensorlib.lib : mpu9150.obj (.text:MPU9150Callback)
                  00000e44    00000130     driverlib.lib : gpio.obj (.text:GPIOPadConfigSet)
                  00000f74    00000118     rtsv7M4_T_le_v4SPD16_eabi.lib : atan2f.obj (.text)
                  0000108c    0000010c     driverlib.lib : sysctl.obj (.text:SysCtlClockGet)
                  00001198    000000fc     rtsv7M4_T_le_v4SPD16_eabi.lib : fd_mul_t2.obj (.text)
                  00001294    000000f2     sensorlib.lib : i2cm_drv.obj (.text:I2CMIntHandler)
                  00001386    00000002     --HOLE-- [fill = 0]
                  00001388    000000f0     driverlib.lib : sysctl.obj (.text:SysCtlClockSet)
                  00001478    000000b8     sensorlib.lib : comp_dcm.obj (.text:CompDCMStart)
                  00001530    000000b4     rtsv7M4_T_le_v4SPD16_eabi.lib : asinf.obj (.text)
                  000015e4    000000a8                                   : xfatan.obj (.text)
                  0000168c    000000a0     sensorlib.lib : mpu9150.obj (.text:MPU9150DataMagnetoGetFloat)
                  0000172c    0000009c     rtsv7M4_T_le_v4SPD16_eabi.lib : memcpy_t2.obj (.text)
                  000017c8    00000098     sensorlib.lib : i2cm_drv.obj (.text:I2CMStateIdle)
                  00001860    00000088                   : i2cm_drv.obj (.text:I2CMCommand)
                  000018e8    0000007a     rtsv7M4_T_le_v4SPD16_eabi.lib : memset_t2.obj (.text)
                  00001962    00000002     --HOLE-- [fill = 0]
                  00001964    00000078     sensorlib.lib : mpu9150.obj (.text:MPU9150DataAccelGetFloat)
                  000019dc    00000078                   : mpu9150.obj (.text:MPU9150DataGyroGetFloat)
                  00001a54    00000070                   : i2cm_drv.obj (.text:I2CMReadModifyWrite8)
                  00001ac4    0000006e     rtsv7M4_T_le_v4SPD16_eabi.lib : fd_tos_t2.obj (.text)
                  00001b32    00000002     --HOLE-- [fill = 0]
                  00001b34    0000006c     sensorlib.lib : mpu9150.obj (.text:MPU9150Init)
                  00001ba0    0000006c     rtsv7M4_T_le_v4SPD16_eabi.lib : autoinit.obj (.text)
                  00001c0c    0000006a                                   : copy_decompress_rle.obj (.text)
                  00001c76    00000002     --HOLE-- [fill = 0]
                  00001c78    00000068     driverlib.lib : interrupt.obj (.text:IntDisable)
                  00001ce0    00000068                   : interrupt.obj (.text:IntEnable)
                  00001d48    00000064                   : interrupt.obj (.text:IntIsEnabled)
                  00001dac    00000060     sensorlib.lib : i2cm_drv.obj (.text:I2CMReadModifyWrite8Callback)
                  00001e0c    00000060                   : mpu9150.obj (.text:MPU9150DataRead)
                  00001e6c    00000060     driverlib.lib : timer.obj (.text:TimerConfigure)
                  00001ecc    0000005e     sensorlib.lib : i2cm_drv.obj (.text:I2CMStateWritePause)
                  00001f2a    00000056                   : vector.obj (.text:VectorCrossProduct)
                  00001f80    00000054                   : mpu9150.obj (.text:MPU9150ReadModifyWrite)
                  00001fd4    00000050                   : i2cm_drv.obj (.text:I2CMStateWriteFinal)
                  00002024    00000050     rtsv7M4_T_le_v4SPD16_eabi.lib : boot.obj (.text)
                  00002074    0000004c                                   : cpy_tbl.obj (.text)
                  000020c0    0000004a     sensorlib.lib : i2cm_drv.obj (.text:I2CMStateReadNext)
                  0000210a    00000002     --HOLE-- [fill = 0]
                  0000210c    00000048     driverlib.lib : gpio.obj (.text:GPIOPinConfigure)
                  00002154    00000048     sensorlib.lib : i2cm_drv.obj (.text:I2CMStateWriteNext)
                  0000219c    00000048     driverlib.lib : i2c.obj (.text:I2CMasterInitExpClk)
                  000021e4    00000044     sensorlib.lib : comp_dcm.obj (.text:CompDCMInit)
                  00002228    00000044                   : i2cm_drv.obj (.text:I2CMStateCallback)
                  0000226c    00000044     rtsv7M4_T_le_v4SPD16_eabi.lib : exit.obj (.text)
                  000022b0    00000042     sensorlib.lib : comp_dcm.obj (.text:CompDCMComputeEulers)
                  000022f2    00000040                   : i2cm_drv.obj (.text:I2CMStateReadFinal)
                  00002332    00000002     --HOLE-- [fill = 0]
                  00002334    00000040     rtsv7M4_T_le_v4SPD16_eabi.lib : signal.obj (.text)
                  00002374    0000003e     sensorlib.lib : i2cm_drv.obj (.text:I2CMStateReadPause)
                  000023b2    00000038     rtsv7M4_T_le_v4SPD16_eabi.lib : fs_tod_t2.obj (.text)
                  000023ea    00000034     sensorlib.lib : i2cm_drv.obj (.text:I2CMInit)
                  0000241e    00000002     --HOLE-- [fill = 0]
                  00002420    00000034     driverlib.lib : sysctl.obj (.text:SysCtlPeripheralEnable)
                  00002454    00000034     rtsv7M4_T_le_v4SPD16_eabi.lib : feraiseexcept.obj (.text)
                  00002488    00000032     sensorlib.lib : vector.obj (.text:VectorAdd)
                  000024ba    00000002     --HOLE-- [fill = 0]
                  000024bc    00000030     rtsv7M4_T_le_v4SPD16_eabi.lib : xferaise.obj (.text)
                  000024ec    0000002e                                   : raise.obj (.text)
                  0000251a    0000002c                                   : xfdclass.obj (.text)
                  00002546    0000002a     driverlib.lib : gpio.obj (.text:GPIODirModeSet)
                  00002570    0000002a     sensorlib.lib : i2cm_drv.obj (.text:I2CMStateReadFirst)
                  0000259a    00000026                   : vector.obj (.text:VectorDotProduct)
                  000025c0    00000026                   : vector.obj (.text:VectorScale)
                  000025e6    00000002     --HOLE-- [fill = 0]
                  000025e8    00000024     driverlib.lib : interrupt.obj (.text:IntPrioritySet)
                  0000260c    00000024     rtsv7M4_T_le_v4SPD16_eabi.lib : sqrtf.obj (.text)
                  00002630    00000022     driverlib.lib : pwm.obj (.text:PWMGenConfigure)
                  00002652    00000020     sensorlib.lib : i2cm_drv.obj (.text:I2CMStateReadOne)
                  00002672    0000001e     driverlib.lib : pwm.obj (.text:PWMPulseWidthSet)
                  00002690    0000001a     sensorlib.lib : i2cm_drv.obj (.text:I2CMStateReadWait)
                  000026aa    00000018     driverlib.lib : gpio.obj (.text:GPIOPinTypeGPIOOutput)
                  000026c2    00000002     --HOLE-- [fill = 0]
                  000026c4    00000018     rtsv7M4_T_le_v4SPD16_eabi.lib : args_main.obj (.text)
                  000026dc    00000014     driverlib.lib : sysctl.obj (.text:SysCtlPWMClockSet)
                  000026f0    00000014     rtsv7M4_T_le_v4SPD16_eabi.lib : _lock.obj (.text)
                  00002704    00000012     driverlib.lib : gpio.obj (.text:GPIOPinTypeI2C)
                  00002716    00000012                   : gpio.obj (.text:GPIOPinTypeI2CSCL)
                  00002728    00000012                   : gpio.obj (.text:GPIOPinTypePWM)
                  0000273a    00000012                   : pwm.obj (.text:PWMOutputState)
                  0000274c    00000012                   : timer.obj (.text:TimerLoadSet)
                  0000275e    00000010                   : interrupt.obj (.text:IntMasterEnable)
                  0000276e    00000010                   : pwm.obj (.text:PWMGenPeriodSet)
                  0000277e    0000000e     sensorlib.lib : comp_dcm.obj (.text:CompDCMAccelUpdate)
                  0000278c    0000000e                   : comp_dcm.obj (.text:CompDCMGyroUpdate)
                  0000279a    0000000e                   : comp_dcm.obj (.text:CompDCMMagnetoUpdate)
                  000027a8    0000000e     driverlib.lib : timer.obj (.text:TimerEnable)
                  000027b6    0000000e     rtsv7M4_T_le_v4SPD16_eabi.lib : copy_decompress_none.obj (.text:decompress:none)
                  000027c4    0000000c     driverlib.lib : cpu.obj (.text:CPUcpsie)
                  000027d0    0000000c                   : interrupt.obj (.text:IntTrigger)
                  000027dc    0000000c                   : pwm.obj (.text:PWMGenEnable)
                  000027e8    0000000c     rtsv7M4_T_le_v4SPD16_eabi.lib : copy_zero_init.obj (.text:decompress:ZI)
                  000027f4    0000000c     tm4c123gh6pm_startup_ccs.obj (.text)
                  00002800    0000000a     driverlib.lib : i2c.obj (.text:I2CMasterEnable)
                  0000280a    00000008                   : i2c.obj (.text:I2CMasterIntClear)
                  00002812    00000008                   : i2c.obj (.text:I2CMasterIntEnableEx)
                  0000281a    00000008                   : i2c.obj (.text:I2CMasterSlaveAddrSet)
                  00002822    00000008                   : timer.obj (.text:TimerIntEnable)
                  0000282a    00000006                   : gpio.obj (.text:GPIOPinWrite)
                  00002830    00000006                   : sysctl.obj (.text:SysCtlDelay)
                  00002836    00000006     rtsv7M4_T_le_v4SPD16_eabi.lib : copy_decompress_rle.obj (.text:decompress:rle24)
                  0000283c    00000004     driverlib.lib : i2c.obj (.text:I2CMasterControl)
                  00002840    00000004                   : i2c.obj (.text:I2CMasterDataGet)
                  00002844    00000004                   : i2c.obj (.text:I2CMasterDataPut)
                  00002848    00000004                   : timer.obj (.text:TimerIntClear)
                  0000284c    00000004     rtsv7M4_T_le_v4SPD16_eabi.lib : pre_init.obj (.text)

.const     0    00002850    0000025c     
                  00002850    0000009c     driverlib.lib : interrupt.obj (.const:g_pui32Regs)
                  000028ec    00000090                   : gpio.obj (.const:g_pui32GPIOBaseAddrs)
                  0000297c    00000070                   : interrupt.obj (.const)
                  000029ec    0000006c                   : sysctl.obj (.const:g_pui32Xtals)
                  00002a58    00000034     rtsv7M4_T_le_v4SPD16_eabi.lib : xfatan.obj (.const)
                  00002a8c    00000020     sensorlib.lib : mpu9150.obj (.const)

.cinit     0    00002ab0    00000060     
                  00002ab0    00000038     (.cinit..data.load) [load image, compression = rle]
                  00002ae8    0000000c     (__TI_handler_table)
                  00002af4    00000004     --HOLE-- [fill = 0]
                  00002af8    00000008     (.cinit..bss.load) [load image, compression = zero_init]
                  00002b00    00000010     (__TI_cinit_table)

.init_array 
*          0    00000000    00000000     UNINITIALIZED

.stack     0    20000000    00000200     UNINITIALIZED
                  20000000    00000200     --HOLE--

.bss       0    20000200    000001cc     UNINITIALIZED
                  20000200    00000124     main.obj (.bss:I2CInst)
                  20000324    0000006c     main.obj (.bss:MPU9150Inst)
                  20000390    00000004     (.common:DutyC1)
                  20000394    00000004     (.common:Kd)
                  20000398    00000004     (.common:Ki)
                  2000039c    00000004     (.common:Kp)
                  200003a0    00000004     (.common:Load)
                  200003a4    00000004     (.common:PWMClock)
                  200003a8    00000004     (.common:Pitch)
                  200003ac    00000004     (.common:Roll)
                  200003b0    00000004     (.common:Yaw)
                  200003b4    00000004     (.common:derivator)
                  200003b8    00000004     (.common:error)
                  200003bc    00000004     (.common:integrator)
                  200003c0    00000004     (.common:maxInt)
                  200003c4    00000004     (.common:minInt)
                  200003c8    00000004     (.common:setPoint)

.TI.noinit 
*          0    20000200    00000000     UNINITIALIZED

.data      0    200003d0    0000013b     UNINITIALIZED
                  200003d0    000000b0     rtsv7M4_T_le_v4SPD16_eabi.lib : signal.obj (.data:sigtable)
                  20000480    00000068                                   : xfvalues.obj (.data)
                  200004e8    00000008                                   : _lock.obj (.data)
                  200004f0    00000008                                   : exit.obj (.data)
                  200004f8    00000008                                   : feraiseexcept.obj (.data)
                  20000500    00000004                                   : errno.obj (.data)
                  20000504    00000004                                   : stkdepth_vars.obj (.data)
                  20000508    00000003     main.obj (.data)

.TI.persistent 
*          0    200003d0    00000000     UNINITIALIZED


LINKER GENERATED COPY TABLES

__TI_cinit_table @ 00002b00 records: 2, size/record: 8, table size: 16
	.data: load addr=00002ab0, load size=00000038 bytes, run addr=200003d0, run size=0000013b bytes, compression=rle
	.bss: load addr=00002af8, load size=00000008 bytes, run addr=20000200, run size=000001cc bytes, compression=zero_init


LINKER GENERATED HANDLER TABLE

__TI_handler_table @ 00002ae8 records: 3, size/record: 4, table size: 12
	index: 0, handler: __TI_decompress_rle24
	index: 1, handler: __TI_decompress_none
	index: 2, handler: __TI_zero_init


GLOBAL SYMBOLS: SORTED ALPHABETICALLY BY Name 

address   name                      
-------   ----                      
0000226d  C$$EXIT                   
000027c5  CPUcpsie                  
0000277f  CompDCMAccelUpdate        
000022b1  CompDCMComputeEulers      
0000278d  CompDCMGyroUpdate         
000021e5  CompDCMInit               
0000279b  CompDCMMagnetoUpdate      
00001479  CompDCMStart              
00000871  CompDCMUpdate             
0000034f  ConfiguracionPWM          
20000390  DutyC1                    
00002547  GPIODirModeSet            
00000e45  GPIOPadConfigSet          
0000210d  GPIOPinConfigure          
000026ab  GPIOPinTypeGPIOOutput     
00002705  GPIOPinTypeI2C            
00002717  GPIOPinTypeI2CSCL         
00002729  GPIOPinTypePWM            
0000282b  GPIOPinWrite              
000002ab  I2C1Configure             
20000200  I2CInst                   
00001861  I2CMCommand               
000023eb  I2CMInit                  
00001295  I2CMIntHandler            
00001a55  I2CMReadModifyWrite8      
0000283d  I2CMasterControl          
00002841  I2CMasterDataGet          
00002845  I2CMasterDataPut          
00002801  I2CMasterEnable           
0000219d  I2CMasterInitExpClk       
0000280b  I2CMasterIntClear         
00002813  I2CMasterIntEnableEx      
0000281b  I2CMasterSlaveAddrSet     
00001c79  IntDisable                
00001ce1  IntEnable                 
0000027f  IntHandlerI2C1            
0000028f  IntHandlerTimer0A         
00001d49  IntIsEnabled              
0000275f  IntMasterEnable           
000025e9  IntPrioritySet            
000027d1  IntTrigger                
20000394  Kd                        
20000398  Ki                        
2000039c  Kp                        
200003a0  Load                      
0000026d  MPU9150Callback           
00000303  MPU9150Configure          
00001965  MPU9150DataAccelGetFloat  
000019dd  MPU9150DataGyroGetFloat   
0000168d  MPU9150DataMagnetoGetFloat
00001e0d  MPU9150DataRead           
20000508  MPU9150Done               
00001b35  MPU9150Init               
20000324  MPU9150Inst               
00001f81  MPU9150ReadModifyWrite    
200003a4  PWMClock                  
00002631  PWMGenConfigure           
000027dd  PWMGenEnable              
0000276f  PWMGenPeriodSet           
0000273b  PWMOutputState            
00002673  PWMPulseWidthSet          
200003a8  Pitch                     
000027f5  ResetISR                  
200003ac  Roll                      
UNDEFED   SHT$$INIT_ARRAY$$Base     
UNDEFED   SHT$$INIT_ARRAY$$Limit    
0000108d  SysCtlClockGet            
00001389  SysCtlClockSet            
00002831  SysCtlDelay               
000026dd  SysCtlPWMClockSet         
00002421  SysCtlPeripheralEnable    
20000509  TimeoutFlag               
000002d1  Timer0Configure           
00001e6d  TimerConfigure            
000027a9  TimerEnable               
00002849  TimerIntClear             
00002823  TimerIntEnable            
0000274d  TimerLoadSet              
00002489  VectorAdd                 
00001f2b  VectorCrossProduct        
0000259b  VectorDotProduct          
000025c1  VectorScale               
200003b0  Yaw                       
20000500  _Errno                    
000015e5  _FAtan                    
0000251b  _FDclass                  
20000480  _FDenorm                  
20000490  _FEps                     
200004a0  _FInf                     
200004b0  _FNan                     
200004d0  _FRteps                   
200004c0  _FSnan                    
200004e0  _FXbig                    
200004e4  _FZero                    
200004f8  _Fenv                     
000024bd  _Feraise                  
200004fc  _Tls_setup__Fenv          
20000200  __STACK_END               
00000200  __STACK_SIZE              
20000200  __STACK_TOP               
00002b00  __TI_CINIT_Base           
00002b10  __TI_CINIT_Limit          
00002ae8  __TI_Handler_Table_Base   
00002af4  __TI_Handler_Table_Limit  
00001ba1  __TI_auto_init            
200004f0  __TI_cleanup_ptr          
000027b7  __TI_decompress_none      
00002837  __TI_decompress_rle24     
200004f4  __TI_dtors_ptr            
00000000  __TI_static_base__        
000027e9  __TI_zero_init            
00001ac5  __aeabi_d2f               
00000b0b  __aeabi_dadd              
00001199  __aeabi_dmul              
00000b01  __aeabi_dsub              
000023b3  __aeabi_f2d               
000018e9  __aeabi_memclr            
000018e9  __aeabi_memclr4           
000018e9  __aeabi_memclr8           
0000172d  __aeabi_memcpy            
0000172d  __aeabi_memcpy4           
0000172d  __aeabi_memcpy8           
000018eb  __aeabi_memset            
000018eb  __aeabi_memset4           
000018eb  __aeabi_memset8           
ffffffff  __binit__                 
ffffffff  __c_args__                
20000000  __stack                   
000026c5  _args_main                
00002025  _c_int00                  
200004e8  _lock                     
000026ff  _nop                      
000026f7  _register_lock            
000026f1  _register_unlock          
0000284d  _system_pre_init          
200004ec  _unlock                   
00002271  abort                     
00001531  asinf                     
00000f75  atan2f                    
ffffffff  binit                     
00002075  copy_in                   
200003b4  derivator                 
200003b8  error                     
00002279  exit                      
00002455  feraiseexcept             
00000000  g_pfnVectors              
200003bc  integrator                
000005a1  main                      
20000504  main_func_sp              
200003c0  maxInt                    
0000172d  memcpy                    
000018f1  memset                    
200003c4  minInt                    
00000397  pidInit                   
000003e3  pidSetPoint               
00000401  pidUpdate                 
000024ed  raise                     
200003c8  setPoint                  
00002335  signal                    
0000260d  sqrtf                     
2000050a  testing_position          


GLOBAL SYMBOLS: SORTED BY Symbol Address 

address   name                      
-------   ----                      
00000000  __TI_static_base__        
00000000  g_pfnVectors              
00000200  __STACK_SIZE              
0000026d  MPU9150Callback           
0000027f  IntHandlerI2C1            
0000028f  IntHandlerTimer0A         
000002ab  I2C1Configure             
000002d1  Timer0Configure           
00000303  MPU9150Configure          
0000034f  ConfiguracionPWM          
00000397  pidInit                   
000003e3  pidSetPoint               
00000401  pidUpdate                 
000005a1  main                      
00000871  CompDCMUpdate             
00000b01  __aeabi_dsub              
00000b0b  __aeabi_dadd              
00000e45  GPIOPadConfigSet          
00000f75  atan2f                    
0000108d  SysCtlClockGet            
00001199  __aeabi_dmul              
00001295  I2CMIntHandler            
00001389  SysCtlClockSet            
00001479  CompDCMStart              
00001531  asinf                     
000015e5  _FAtan                    
0000168d  MPU9150DataMagnetoGetFloat
0000172d  __aeabi_memcpy            
0000172d  __aeabi_memcpy4           
0000172d  __aeabi_memcpy8           
0000172d  memcpy                    
00001861  I2CMCommand               
000018e9  __aeabi_memclr            
000018e9  __aeabi_memclr4           
000018e9  __aeabi_memclr8           
000018eb  __aeabi_memset            
000018eb  __aeabi_memset4           
000018eb  __aeabi_memset8           
000018f1  memset                    
00001965  MPU9150DataAccelGetFloat  
000019dd  MPU9150DataGyroGetFloat   
00001a55  I2CMReadModifyWrite8      
00001ac5  __aeabi_d2f               
00001b35  MPU9150Init               
00001ba1  __TI_auto_init            
00001c79  IntDisable                
00001ce1  IntEnable                 
00001d49  IntIsEnabled              
00001e0d  MPU9150DataRead           
00001e6d  TimerConfigure            
00001f2b  VectorCrossProduct        
00001f81  MPU9150ReadModifyWrite    
00002025  _c_int00                  
00002075  copy_in                   
0000210d  GPIOPinConfigure          
0000219d  I2CMasterInitExpClk       
000021e5  CompDCMInit               
0000226d  C$$EXIT                   
00002271  abort                     
00002279  exit                      
000022b1  CompDCMComputeEulers      
00002335  signal                    
000023b3  __aeabi_f2d               
000023eb  I2CMInit                  
00002421  SysCtlPeripheralEnable    
00002455  feraiseexcept             
00002489  VectorAdd                 
000024bd  _Feraise                  
000024ed  raise                     
0000251b  _FDclass                  
00002547  GPIODirModeSet            
0000259b  VectorDotProduct          
000025c1  VectorScale               
000025e9  IntPrioritySet            
0000260d  sqrtf                     
00002631  PWMGenConfigure           
00002673  PWMPulseWidthSet          
000026ab  GPIOPinTypeGPIOOutput     
000026c5  _args_main                
000026dd  SysCtlPWMClockSet         
000026f1  _register_unlock          
000026f7  _register_lock            
000026ff  _nop                      
00002705  GPIOPinTypeI2C            
00002717  GPIOPinTypeI2CSCL         
00002729  GPIOPinTypePWM            
0000273b  PWMOutputState            
0000274d  TimerLoadSet              
0000275f  IntMasterEnable           
0000276f  PWMGenPeriodSet           
0000277f  CompDCMAccelUpdate        
0000278d  CompDCMGyroUpdate         
0000279b  CompDCMMagnetoUpdate      
000027a9  TimerEnable               
000027b7  __TI_decompress_none      
000027c5  CPUcpsie                  
000027d1  IntTrigger                
000027dd  PWMGenEnable              
000027e9  __TI_zero_init            
000027f5  ResetISR                  
00002801  I2CMasterEnable           
0000280b  I2CMasterIntClear         
00002813  I2CMasterIntEnableEx      
0000281b  I2CMasterSlaveAddrSet     
00002823  TimerIntEnable            
0000282b  GPIOPinWrite              
00002831  SysCtlDelay               
00002837  __TI_decompress_rle24     
0000283d  I2CMasterControl          
00002841  I2CMasterDataGet          
00002845  I2CMasterDataPut          
00002849  TimerIntClear             
0000284d  _system_pre_init          
00002ae8  __TI_Handler_Table_Base   
00002af4  __TI_Handler_Table_Limit  
00002b00  __TI_CINIT_Base           
00002b10  __TI_CINIT_Limit          
20000000  __stack                   
20000200  I2CInst                   
20000200  __STACK_END               
20000200  __STACK_TOP               
20000324  MPU9150Inst               
20000390  DutyC1                    
20000394  Kd                        
20000398  Ki                        
2000039c  Kp                        
200003a0  Load                      
200003a4  PWMClock                  
200003a8  Pitch                     
200003ac  Roll                      
200003b0  Yaw                       
200003b4  derivator                 
200003b8  error                     
200003bc  integrator                
200003c0  maxInt                    
200003c4  minInt                    
200003c8  setPoint                  
20000480  _FDenorm                  
20000490  _FEps                     
200004a0  _FInf                     
200004b0  _FNan                     
200004c0  _FSnan                    
200004d0  _FRteps                   
200004e0  _FXbig                    
200004e4  _FZero                    
200004e8  _lock                     
200004ec  _unlock                   
200004f0  __TI_cleanup_ptr          
200004f4  __TI_dtors_ptr            
200004f8  _Fenv                     
200004fc  _Tls_setup__Fenv          
20000500  _Errno                    
20000504  main_func_sp              
20000508  MPU9150Done               
20000509  TimeoutFlag               
2000050a  testing_position          
ffffffff  __binit__                 
ffffffff  __c_args__                
ffffffff  binit                     
UNDEFED   SHT$$INIT_ARRAY$$Base     
UNDEFED   SHT$$INIT_ARRAY$$Limit    

[161 symbols]
